00000408 A _binary_common_avb_pubkey_size
0000f800 T start16
0000f831 t ff
0000f83a t code32start
0000f840 t idt_ptr
0000f846 t gdt_ptr
0000f850 T gdt_rom
0000fff0 t reset_vector
fff00000 A __text_start
fff00000 T _x86boot_start
fff0001c T _start
fff0003f T car_init_ret
fff00076 T board_init_f_r_trampoline
fff00082 t die
fff00088 W car_uninit
fff00089 t blank_idt_ptr
fff00090 t multiboot_header
fff000b0 T efi_reset_system
fff000b0 d __efi_runtime_start
fff000c8 T efi_memcpy_runtime
fff000de T efi_update_table_header_crc32
fff00100 W efi_get_time
fff00106 W efi_set_time
fff0010c T efi_convert_pointer
fff001c0 T efi_update_capsule
fff001c6 T efi_query_capsule_caps
fff001cc t efi_unimplemented
fff001d2 t efi_set_virtual_address_map_runtime
fff001d8 t efi_convert_pointer_runtime
fff001de T efi_get_variable_runtime
fff00212 T efi_get_next_variable_name_runtime
fff00223 T efi_var_mem_find
fff002ff t efi_var_mem_compare
fff00360 T efi_var_mem_del
fff003cb T efi_var_mem_ins
fff004b8 T efi_var_mem_free
fff004c9 t efi_var_mem_notify_virtual_address_map
fff004eb T efi_get_variable_mem
fff00574 T efi_get_next_variable_name_mem
fff0060d T efi_get_variable_int
fff00612 T efi_get_next_variable_name_int
fff00617 T efi_query_variable_info_runtime
fff0061d t efi_set_variable_runtime
fff00623 T u16_strnlen
fff0063d T crc32_no_comp
fff006ec T crc32
fff00701 T efi_runtime_detach
fff00747 T efi_runtime_relocate
fff00858 t efi_events
fff00860 t systab
fff008a8 t firmware_vendor
fff008c0 t efi_runtime_services
fff00910 t efi_virtmap
fff00914 t efi_descriptor_count
fff00918 t efi_descriptor_size
fff0091c t efi_var_buf
fff00920 t efi_current_var
fff00924 t crc_table
fff00d24 t efi_runtime_mmio
fff00d2c t efi_runtime_relocate.lastoff
fff00d30 T car_init
fff00d30 d __efi_runtime_stop
fff00d44 T cpu_call64
fff00d95 t code64
fff00d95 t lret_target
fff00d9a T call64_stub_size
fff00d9e T irq_common_entry
fff00dcd T irq_0
fff00dd4 T irq_1
fff00ddb T irq_2
fff00de2 T irq_3
fff00de9 T irq_4
fff00df0 T irq_5
fff00df7 T irq_6
fff00dfe T irq_7
fff00e05 T irq_8
fff00e0c T irq_9
fff00e13 T irq_10
fff00e1a T irq_11
fff00e21 T irq_12
fff00e28 T irq_13
fff00e2f T irq_14
fff00e36 T irq_15
fff00e3d T irq_16
fff00e44 T irq_17
fff00e4b T irq_18
fff00e52 T irq_19
fff00e59 T irq_20
fff00e60 T irq_21
fff00e67 T irq_22
fff00e6e T irq_23
fff00e75 T irq_24
fff00e7c T irq_25
fff00e83 T irq_26
fff00e8a T irq_27
fff00e91 T irq_28
fff00e98 T irq_29
fff00e9f T irq_30
fff00ea6 T irq_31
fff00ead T irq_32
fff00eb4 T irq_33
fff00ebb T irq_34
fff00ec2 T irq_35
fff00ec9 T irq_36
fff00ed0 T irq_37
fff00ed7 T irq_38
fff00ede T irq_39
fff00ee5 T irq_40
fff00eec T irq_41
fff00ef3 T irq_42
fff00efa T irq_43
fff00f01 T irq_44
fff00f08 T irq_45
fff00f0f T irq_46
fff00f16 T irq_47
fff00f1d T irq_48
fff00f24 T irq_49
fff00f2b T irq_50
fff00f32 T irq_51
fff00f39 T irq_52
fff00f40 T irq_53
fff00f47 T irq_54
fff00f4e T irq_55
fff00f55 T irq_56
fff00f5c T irq_57
fff00f63 T irq_58
fff00f6a T irq_59
fff00f71 T irq_60
fff00f78 T irq_61
fff00f7f T irq_62
fff00f86 T irq_63
fff00f8d T irq_64
fff00f94 T irq_65
fff00f9b T irq_66
fff00fa2 T irq_67
fff00fa9 T irq_68
fff00fb0 T irq_69
fff00fb7 T irq_70
fff00fbe T irq_71
fff00fc5 T irq_72
fff00fcc T irq_73
fff00fd3 T irq_74
fff00fda T irq_75
fff00fe1 T irq_76
fff00fe8 T irq_77
fff00fef T irq_78
fff00ff6 T irq_79
fff00ffd T irq_80
fff01004 T irq_81
fff0100b T irq_82
fff01012 T irq_83
fff01019 T irq_84
fff01020 T irq_85
fff01027 T irq_86
fff0102e T irq_87
fff01035 T irq_88
fff0103c T irq_89
fff01043 T irq_90
fff0104a T irq_91
fff01051 T irq_92
fff01058 T irq_93
fff0105f T irq_94
fff01066 T irq_95
fff0106d T irq_97
fff01074 T irq_96
fff0107b T irq_98
fff01082 T irq_99
fff01089 T irq_100
fff01090 T irq_101
fff01097 T irq_102
fff0109e T irq_103
fff010a5 T irq_104
fff010ac T irq_105
fff010b3 T irq_106
fff010ba T irq_107
fff010c1 T irq_108
fff010c8 T irq_109
fff010cf T irq_110
fff010d6 T irq_111
fff010dd T irq_112
fff010e4 T irq_113
fff010eb T irq_114
fff010f2 T irq_115
fff010f9 T irq_116
fff01100 T irq_117
fff01107 T irq_118
fff0110e T irq_119
fff01115 T irq_120
fff0111c T irq_121
fff01123 T irq_122
fff0112a T irq_123
fff01131 T irq_124
fff01138 T irq_125
fff0113f T irq_126
fff01146 T irq_127
fff0114d T irq_128
fff01157 T irq_129
fff01161 T irq_130
fff0116b T irq_131
fff01175 T irq_132
fff0117f T irq_133
fff01189 T irq_134
fff01193 T irq_135
fff0119d T irq_136
fff011a7 T irq_137
fff011b1 T irq_138
fff011bb T irq_139
fff011c5 T irq_140
fff011cf T irq_141
fff011d9 T irq_142
fff011e3 T irq_143
fff011ed T irq_144
fff011f7 T irq_145
fff01201 T irq_146
fff0120b T irq_147
fff01215 T irq_148
fff0121f T irq_149
fff01229 T irq_150
fff01233 T irq_151
fff0123d T irq_152
fff01247 T irq_153
fff01251 T irq_154
fff0125b T irq_155
fff01265 T irq_156
fff0126f T irq_157
fff01279 T irq_158
fff01283 T irq_159
fff0128d T irq_160
fff01297 T irq_161
fff012a1 T irq_162
fff012ab T irq_163
fff012b5 T irq_164
fff012bf T irq_165
fff012c9 T irq_166
fff012d3 T irq_167
fff012dd T irq_168
fff012e7 T irq_169
fff012f1 T irq_170
fff012fb T irq_171
fff01305 T irq_172
fff0130f T irq_173
fff01319 T irq_174
fff01323 T irq_175
fff0132d T irq_176
fff01337 T irq_177
fff01341 T irq_178
fff0134b T irq_179
fff01355 T irq_180
fff0135f T irq_181
fff01369 T irq_182
fff01373 T irq_183
fff0137d T irq_184
fff01387 T irq_185
fff01391 T irq_186
fff0139b T irq_187
fff013a5 T irq_188
fff013af T irq_189
fff013b9 T irq_190
fff013c3 T irq_191
fff013cd T irq_192
fff013d7 T irq_193
fff013e1 T irq_194
fff013eb T irq_195
fff013f5 T irq_196
fff013ff T irq_197
fff01409 T irq_198
fff01413 T irq_199
fff0141d T irq_200
fff01427 T irq_201
fff01431 T irq_202
fff0143b T irq_203
fff01445 T irq_204
fff0144f T irq_205
fff01459 T irq_206
fff01463 T irq_207
fff0146d T irq_208
fff01477 T irq_209
fff01481 T irq_210
fff0148b T irq_211
fff01495 T irq_212
fff0149f T irq_213
fff014a9 T irq_214
fff014b3 T irq_215
fff014bd T irq_216
fff014c7 T irq_217
fff014d1 T irq_218
fff014db T irq_219
fff014e5 T irq_220
fff014ef T irq_221
fff014f9 T irq_222
fff01503 T irq_223
fff0150d T irq_224
fff01517 T irq_225
fff01521 T irq_226
fff0152b T irq_227
fff01535 T irq_228
fff0153f T irq_229
fff01549 T irq_230
fff01553 T irq_231
fff0155d T irq_232
fff01567 T irq_233
fff01571 T irq_234
fff0157b T irq_235
fff01585 T irq_236
fff0158f T irq_237
fff01599 T irq_238
fff015a3 T irq_239
fff015ad T irq_240
fff015b7 T irq_241
fff015c1 T irq_242
fff015cb T irq_243
fff015d5 T irq_244
fff015df T irq_245
fff015e9 T irq_246
fff015f3 T irq_247
fff015fd T irq_248
fff01607 T irq_249
fff01611 T irq_250
fff0161b T irq_251
fff01625 T irq_252
fff0162f T irq_253
fff01639 T irq_254
fff01643 T irq_255
fff01650 T setjmp
fff01668 T longjmp
fff0167a T x86_init_cache
fff0167a W init_cache
fff01688 T flush_cache
fff0168b T flush_dcache_range
fff0168c T cpu_vendor_name
fff016a3 T cpu_get_name
fff016ed T show_boot_progress
fff016f0 W board_final_init
fff016f1 W board_final_cleanup
fff016f2 T last_stage_init
fff01720 T cpu_init_r
fff01785 T reserve_arch
fff017a7 T cpu_x86_bind
fff01800 T cpu_x86_get_vendor
fff0183b T cpu_x86_get_desc
fff01868 T cpu_x86_get_count
fff018f3 T qemu_get_low_memory_size
fff01913 T qemu_get_high_memory_size
fff01937 T dram_init
fff01986 T dram_init_banksize
fff019fe T board_get_usable_ram_top
fff01a1e T arch_cpu_init
fff01a27 T checkcpu
fff01a2a T arch_early_init_r
fff01b7f t qemu_x86_fwcfg_read_entry_pio
fff01ba1 t qemu_x86_fwcfg_read_entry_dma
fff01bb8 T cpu_qemu_get_desc
fff01bd2 t cpu_qemu_get_count
fff01bd7 T install_e820_map
fff01cd7 T lapic_setup
fff01d49 T pirq_check_irq_routed
fff01e04 T pirq_translate_link
fff01e46 T pirq_assign_irq
fff01eee T irq_router_probe
fff022dc T mtrr_open
fff02324 T mtrr_close
fff0235e T mtrr_read_all
fff023a8 T mtrr_get_var_count
fff023b3 T mtrr_write_all
fff0241b T mtrr_commit
fff02557 t h_comp_mtrr
fff02578 T mtrr_set_valid
fff02596 t mtrr_start_op
fff02615 T mtrr_set
fff02650 T pci_x86_read_config
fff026aa T pci_x86_write_config
fff02702 T pci_assign_irqs
fff0278b T arch_setup_gd
fff02864 t setup_identity
fff02975 T x86_cpu_init_f
fff02a3a T x86_enable_caches
fff02a3a W enable_caches
fff02a48 T x86_disable_caches
fff02a48 W disable_caches
fff02a58 T dcache_status
fff02a65 T cpu_has_64bit
fff02aab T cpu_jump_to_64bit
fff02af0 t build_pagetable
fff02b45 T enable_interrupts
fff02b47 T disable_interrupts
fff02b57 T interrupt_init
fff02be9 T irq_llsr
fff02c05 t do_exception
fff02c31 t dump_regs
fff02db8 T memset
fff02dfe T memcpy
fff02e40 T memmove
fff02fb5 T bootm_announce_and_cleanup
fff02fdb T boot_linux_kernel
fff03027 T do_bootm_linux
fff0314d T efi_add_known_memory
fff031ee T init_cache_f_r
fff0321e T irq_install_handler
fff032a7 T irq_free_handler
fff032f6 T do_irq
fff0336f T i8259_init
fff033dd T unmask_irq
fff03403 T mask_irq
fff03427 T specific_eoi
fff03441 T i8254_init
fff03458 T pirq_route_irqs
fff0359b T copy_uboot_to_ram
fff035cf T clear_bss
fff03607 T do_elf_reloc_fixups
fff036a9 T write_tables
fff036ac T load_zimage
fff03899 t get_boot_protocol
fff038da T setup_zimage
fff03b05 T do_zboot_dump
fff04186 t print_flags
fff041df T do_zboot_parent
fff04293 T android_bootloader_boot_kernel
fff04367 t hex_to_str
fff043be t complete_zboot
fff043ea t do_zboot_start
fff044c3 t do_zboot_load
fff0455e t do_zboot_setup
fff045b1 t do_zboot_info
fff045d3 t do_zboot_go
fff04605 T do_bootm
fff046d1 T do_bootd
fff046ec t do_help
fff04730 t do_panic
fff0474c t do_version
fff04787 t do_ab_select
fff0481a T blk_common_cmd
fff04af4 t do_source
fff04b4b t do_boot_android
fff04c51 T efi_install_fdt
fff04fa6 T efi_run_image
fff0510d t do_bootefi_exec
fff05195 t do_bootefi
fff05287 T efi_set_bootdev
fff0530d t efi_reserve_memory
fff05355 W bootz_setup
fff05369 T do_bootz
fff05445 T mk_date
fff05674 t do_date
fff057c8 t do_echo
fff05858 t do_exit
fff05885 T do_fat_size
fff05897 T do_fat_fsload
fff058a9 t do_fat_ls
fff058bb t do_fat_fsinfo
fff05946 t do_fat_fswrite
fff05958 t do_fat_rm
fff0596a t do_fat_mkdir
fff0597c T set_working_fdt_addr
fff0598d t do_fdt
fff068f0 t fdt_valid
fff06998 t is_printable_string
fff069f7 t print_data
fff06b57 t do_size_wrapper
fff06b69 t do_load_wrapper
fff06b7b t do_save_wrapper
fff06b8d t do_ls_wrapper
fff06b9f t do_ln_wrapper
fff06bb1 t do_fstype_wrapper
fff06bb6 t do_fstypes_wrapper
fff06bbb t do_itest
fff06c29 t binary_test
fff06d4e t evalstr
fff06d9e t evalexp
fff06e03 t do_sleep
fff06eca t do_part
fff07244 t do_part_info
fff0735e T pci_bar_show
fff0751c T pci_header_show
fff075ca t pci_show_regs
fff07650 T pciinfo_header
fff07687 t do_pci
fff07c64 t pci_cfg_modify
fff07d65 T do_read
fff07ea7 t do_setexpr
fff07fe1 t get_arg
fff08026 t regex_sub
fff0830c t substitute
fff083d1 t do_test
fff0865f t do_false
fff08663 t do_true
fff08666 t do_virtio
fff086a9 t do_gpt
fff088ab t gpt_verify
fff089b4 t set_gpt_info
fff08ec5 t extract_val
fff08f40 t extract_env
fff08fd4 T do_avb_init
fff09024 T do_avb_read_part
fff090ea T do_avb_read_part_hex
fff0920e T do_avb_write_part
fff092ba T do_avb_read_rb
fff09335 T do_avb_write_rb
fff093b1 T do_avb_get_uuid
fff0941c T do_avb_verify_part
fff09579 T do_avb_is_unlocked
fff095e3 t do_avb
fff0963a t do_mtrr
fff0980b T env_set
fff09861 t _do_env_set
fff099de T env_set_ulong
fff099f8 T env_set_hex
fff09a24 T env_get_hex
fff09a62 T env_get
fff09ad3 T env_get_f
fff09ba6 T env_match
fff09bf1 T env_get_ulong
fff09c17 t do_env_save
fff09c2c t do_env
fff09c77 t do_env_edit
fff09d4f t do_env_print
fff09dea t do_env_set
fff09e0a t do_env_default
fff09ec1 t do_env_delete
fff09f4e t do_env_export
fff0a157 t do_env_import
fff0a3e4 t do_env_exists
fff0a42c t env_print
fff0a4da T board_init_f_alloc_reserve
fff0a4e3 T board_init_f_init_reserve
fff0a513 T main_loop
fff0a55e T get_version
fff0a564 T jumptable_init
fff0a767 t dummy
fff0a768 t mdelay
fff0a773 T get_local_var
fff0a7d8 T set_local_var
fff0a90e T parse_string_outer
fff0a9d4 t parse_stream_outer
fff0b03a T parse_file_outer
fff0b06c T u_boot_hush_start
fff0b0ae t do_showvar
fff0b18d t static_peek
fff0b193 t static_get
fff0b1a8 t done_word
fff0b42d t done_pipe
fff0b468 t file_peek
fff0b46e t free_pipe_list
fff0b538 t new_pipe
fff0b56b t done_command
fff0b5dc t b_addqchr
fff0b61e t b_addchr
fff0b673 t run_list_real
fff0bf17 t insert_var_value_sub
fff0c1a1 t file_get
fff0c329 T bootdelay_process
fff0c3da T autoboot_command
fff0c4e2 W board_add_ram_info
fff0c4e3 W mach_cpu_init
fff0c4e6 W arch_reserve_mmu
fff0c4e9 W arch_reserve_stacks
fff0c4ec W arch_setup_bdinfo
fff0c4ef T setup_bdinfo
fff0c4fa W arch_cpu_init_dm
fff0c4fd T board_init_f
fff0c567 T board_init_f_r
fff0c5e3 t setup_mon_len
fff0c5f3 t log_init
fff0c5f6 t log_init
fff0c5f9 t initf_bootstage
fff0c60c t setup_spl_handoff
fff0c60f t initf_console_record
fff0c612 t initf_dm
fff0c61a t init_baud_rate
fff0c641 t display_text_info
fff0c644 t print_resetinfo
fff0c690 t announce_dram_init
fff0c6a3 t setup_dest_addr
fff0c6f3 t reserve_round_4k
fff0c703 t reserve_video
fff0c706 t reserve_trace
fff0c709 t reserve_uboot
fff0c74b t reserve_malloc
fff0c768 t reserve_board
fff0c7bc t setup_machine
fff0c7bf t reserve_global_data
fff0c7ef t reserve_fdt
fff0c857 t reserve_bootstage
fff0c85a t reserve_bloblist
fff0c85d t reserve_stacks
fff0c87e t show_dram_config
fff0c8c9 t display_new_sp
fff0c8cc t reloc_fdt
fff0c927 t reloc_bootstage
fff0c92a t reloc_bloblist
fff0c92d t setup_reloc
fff0c973 t jump_to_copy
fff0c9a4 W cpu_secondary_init_r
fff0c9a5 W power_init_board
fff0c9a8 T board_init_r
fff0ca0e t initr_trace
fff0ca11 t initr_reloc
fff0ca21 t initr_reloc_global_data
fff0ca53 t initr_barrier
fff0ca56 t initr_malloc
fff0ca78 t initr_bootstage
fff0ca8b t initr_console_record
fff0ca8e t initr_of_live
fff0ca91 t initr_dm
fff0cabf t initr_binman
fff0cac4 t initr_dm_devices
fff0cac7 t initr_announce
fff0caca t initr_env
fff0cb2a t initr_secondary_cpu
fff0cb38 t initr_pci
fff0cb46 t initr_jumptable
fff0cb54 t run_main_loop
fff0cb5e W checkboard
fff0cb61 W show_board_info
fff0cb9c W board_quiesce_devices
fff0cb9d T bootm_find_images
fff0ccac T bootm_disable_interrupts
fff0ccb1 T do_bootm_states
fff0d2a0 W switch_to_non_secure_mode
fff0d2a1 W arch_preboot_os
fff0d2a2 W board_preboot_os
fff0d2a3 T boot_selected_os
fff0d2f0 T bootm_os_get_boot_func
fff0d2f8 t do_bootm_standalone
fff0d33b T fdt_find_and_setprop
fff0d38d T fdt_find_or_add_subnode
fff0d3dc T fdt_root
fff0d464 T fdt_initrd
fff0d601 T fdt_chosen
fff0d6a2 T do_fixup_by_path
fff0d6e1 T fdt_fixup_memory_banks
fff0d838 t fdt_pack_reg
fff0d914 T fdt_fixup_memory
fff0d938 T fdt_fixup_ethernet
fff0daa3 T fdt_shrink_to_minimum
fff0db5b T fdt_support_default_count_cells
fff0dbac T fdt_translate_address
fff0dbc7 t __of_translate_address
fff0de37 t of_bus_default_map
fff0dee7 t of_bus_default_translate
fff0df45 T cli_readline
fff0df58 T cli_readline_into_buffer
fff0e809 t delete_char
fff0e8b1 t cread_add_char
fff0e96f T cli_simple_process_macros
fff0eb71 t on_console
fff0ec15 T console_puts_select
fff0ec62 T fputs
fff0ec74 T getchar
fff0ecb4 T tstc
fff0ecdc T putc
fff0ed20 T puts
fff0ed56 T ctrlc
fff0ed97 T disable_ctrlc
fff0eda5 T had_ctrlc
fff0edad T clear_ctrlc
fff0edb5 T console_assign
fff0edeb t console_setfile
fff0ee82 T console_announce_r
fff0eeaf T console_init_f
fff0eebf T console_init_r
fff0efda T sbrk
fff0f018 T mem_malloc_init
fff0f033 T malloc
fff0f5cf T free
fff0f7b3 T malloc_trim
fff0f875 T realloc
fff0fcab T memalign
fff0fe03 T calloc
fff0fed0 T initf_malloc
fff0fef9 T malloc_simple
fff0ff03 t alloc_simple
fff0ff73 T memalign_simple
fff0ff7c T image_multi_getimg
fff0ffd3 T image_decomp
fff100ec t on_loadaddr
fff10113 T env_get_bootm_low
fff10139 T env_get_bootm_size
fff101d8 T env_get_bootm_mapsize
fff10200 T genimg_get_os_name
fff10225 T genimg_get_comp_name
fff1024a T genimg_get_kernel_addr_fit
fff10260 T genimg_get_format
fff1028c T genimg_has_config
fff1028f T boot_get_ramdisk
fff1038e T boot_ramdisk_high
fff104a9 T boot_get_setup
fff104af T image_setup_linux
fff10506 T ab_select_slot
fff108ce T android_image_get_kernel
fff108d9 T android_image_check_header
fff108dc T android_image_get_end
fff108df T android_image_get_kload
fff108e3 T android_image_get_kcomp
fff108e6 T android_image_get_ramdisk
fff108fe T android_image_get_kernel_cmdline
fff10902 T android_image_is_bootconfig_used
fff1090d T android_image_load
fff10f05 T android_image_get_second
fff10f09 T android_image_get_dtb_by_index
fff10f0c T android_bootloader_boot_flow
fff11356 t android_part_get_info_by_name_suffix
fff113ca T boot_fdt_add_mem_rsv_regions
fff114da t boot_fdt_reserve_region
fff1152c T boot_relocate_fdt
fff116ef T boot_get_fdt
fff118e9 W ft_verify_fdt
fff118ed W arch_fixup_fdt
fff118f0 T image_setup_libfdt
fff119f2 W get_effective_memsize
fff11a00 T stdio_get_list
fff11a06 T stdio_get_by_name
fff11a39 T stdio_clone
fff11a6b T stdio_register_dev
fff11aad T stdio_init_tables
fff11abf T stdio_add_devices
fff11b3e t stdio_serial_putc
fff11b45 t stdio_serial_puts
fff11b4c t stdio_serial_getc
fff11b51 t stdio_serial_tstc
fff11b56 T run_command
fff11b62 T run_command_list
fff11bbf T do_run
fff11c14 T cli_process_fdt
fff11c52 T cli_secure_boot_cmd
fff11cb3 T cli_loop
fff11cc7 T cli_init
fff11ccc T _do_help
fff11e06 T find_cmd_tbl
fff11e9b T cmd_usage
fff11eef T find_cmd
fff11f23 T var_complete
fff11f82 T complete_subcmdv
fff120f4 T cmd_auto_complete
fff12493 T cmd_get_data_size
fff124ee T cmd_always_repeatable
fff1250b T cmd_never_repeatable
fff12528 T cmd_discard_repeatable
fff12540 T cmd_process
fff12680 T avb_set_state
fff1269d T append_cmd_line
fff126c2 T avb_ops_alloc
fff12731 t read_from_partition
fff12755 t write_to_partition
fff12777 t validate_vbmeta_public_key
fff127bd t read_rollback_index
fff127ea t write_rollback_index
fff12805 t read_is_device_unlocked
fff1282a t get_unique_guid_for_partition
fff1286a t get_size_of_partition
fff128a4 T avb_ops_free
fff128da t blk_byte_io
fff12bb3 t get_partition
fff12c46 t blk_read_and_flush
fff12d19 t blk_write
fff12dcc T blk_get_dev
fff12de1 t get_dev_hwpart
fff12e08 T dev_print
fff12fa4 T part_init
fff13020 T part_print
fff13094 t part_driver_lookup_type
fff1315f T part_get_info
fff131a8 T part_get_info_whole_disk
fff131e8 T blk_get_device_by_str
fff132cf T blk_get_device_part_str
fff13625 T part_get_info_by_name_type
fff13687 T part_get_info_by_name
fff13693 T part_get_info_by_dev_and_name_or_num
fff13764 T part_set_generic_name
fff1379b T part_print_dos
fff137c5 t print_partition_extended
fff139b5 T part_get_info_dos
fff139d7 t part_get_info_extended
fff13c15 t test_block_type
fff13c9b t part_test_dos
fff13d18 T part_get_info_iso_verb
fff140bb t part_get_info_iso
fff140ce t part_print_iso
fff14165 t part_test_iso
fff14185 T get_disk_guid
fff14203 t find_valid_gpt
fff142a0 T part_print_efi
fff1447b t is_pte_valid
fff144cc T part_get_info_efi
fff14667 T write_gpt_table
fff1477a t set_protective_mbr
fff14859 T gpt_fill_pte
fff14a81 T gpt_fill_header
fff14b5e T gpt_restore
fff14c65 T gpt_verify_headers
fff14cce t is_gpt_valid
fff14ef3 T gpt_verify_partitions
fff15076 t validate_gpt_header
fff15185 t validate_gpt_entries
fff151c0 t part_test_efi
fff1524d T device_bind_with_driver_data
fff15272 t device_bind_common
fff1554f T device_bind_ofnode
fff15574 T device_bind_by_name
fff155d3 T device_ofdata_to_platdata
fff156b6 t alloc_priv
fff15707 T device_probe
fff157f4 T device_get_uclass_id
fff157fe T dev_get_platdata
fff15825 T dev_get_parent_platdata
fff1584c T dev_get_uclass_platdata
fff15873 T dev_get_priv
fff1589a T dev_get_uclass_priv
fff158c1 T dev_get_parent_priv
fff158e8 T device_find_first_child
fff15902 T device_find_next_child
fff15921 T dev_get_driver_data
fff15925 T device_set_name_alloced
fff1592a T device_set_name
fff15950 T devfdt_get_addr_index
fff15a03 T devfdt_get_addr
fff15a0a T devfdt_get_addr_pci
fff15a81 T lists_driver_lookup_name
fff15af7 T lists_uclass_lookup
fff15b51 T lists_bind_drivers
fff15c27 T device_bind_driver
fff15c49 T device_bind_driver_to_node
fff15ceb T lists_bind_fdt
fff15ec0 T dm_root
fff15eec T dm_init
fff15f60 T dm_remove_devices_flags
fff15f99 T dm_scan_platdata
fff15fc3 T dm_scan_fdt_dev
fff16002 t dm_scan_fdt_node
fff1608a T dm_extended_scan_fdt
fff160ff W dm_scan_other
fff16102 T dm_init_and_scan
fff16146 T uclass_find
fff16197 T uclass_get
fff1629b T uclass_find_device
fff162e0 T uclass_find_device_by_seq
fff16341 T uclass_find_device_by_of_offset
fff16385 T uclass_find_device_by_ofnode
fff163c9 T uclass_get_device
fff163f7 T uclass_get_device_by_seq
fff1644b T uclass_get_device_by_of_offset
fff16479 T uclass_get_device_by_ofnode
fff164a7 T uclass_first_device
fff164e8 T uclass_first_device_err
fff16509 T uclass_next_device
fff1653f T uclass_first_device_check
fff16585 T uclass_next_device_check
fff165aa T uclass_first_device_drvdata
fff1660f T uclass_bind_device
fff16666 T uclass_unbind_device
fff16699 T uclass_resolve_seq
fff16744 T uclass_pre_probe_device
fff16784 T uclass_post_probe_device
fff167c2 T uclass_pre_remove_device
fff167de T dm_warn
fff167f6 T pci_get_devfn
fff1682b T devres_release_probe
fff16843 t release_nodes
fff16897 T devres_release_all
fff168af T device_remove
fff169f3 T device_free
fff16a64 t simple_bus_post_bind
fff16aad t init_range
fff16b04 T regmap_init_mem
fff16c4f T syscon_get_by_driver_data
fff16c63 t syscon_pre_probe
fff16c93 T ofnode_read_u32_index
fff16ce5 T ofnode_read_u32_default
fff16d00 T ofnode_read_bool
fff16d25 T ofnode_get_property
fff16d45 T ofnode_read_size
fff16d74 T ofnode_read_u32_array
fff16d9a T ofnode_first_subnode
fff16dbf T ofnode_next_subnode
fff16de4 T ofnode_get_parent
fff16e01 T ofnode_get_name
fff16e1a T ofnode_read_simple_addr_cells
fff16e2a T ofnode_read_simple_size_cells
fff16e3a T ofnode_path
fff16e5f T ofnode_get_chosen_node
fff16ec8 T ofnode_is_available
fff16ee4 T ofnode_read_pci_addr
fff16f87 T ofnode_read_pci_vendev
fff17051 T ofnode_pre_reloc
fff170e1 T sysreset_get_status
fff170ff T sysreset_walk
fff1716f T sysreset_walk_halt
fff17197 T do_reset
fff171b8 t sysreset_post_bind
fff171bb T pch_sysreset_power_off
fff1723e t x86_sysreset_probe
fff17258 t x86_sysreset_request
fff17296 t x86_sysreset_get_last
fff1729c T pci_get_bus
fff172df T pci_get_controller
fff17318 T dm_pci_get_bdf
fff1734f t pci_get_bus_max
fff1738b T pci_bus_find_devfn
fff173e0 T dm_pci_bus_find_bdf
fff1740b T pci_write_config
fff1745b T dm_pci_write_config
fff174d1 T pci_write_config32
fff174e4 T pci_write_config16
fff174f7 T pci_write_config8
fff1750a T dm_pci_write_config8
fff1751d T dm_pci_write_config16
fff17530 T dm_pci_write_config32
fff17543 T pci_read_config
fff17592 T dm_pci_read_config
fff17607 T pci_read_config16
fff1762e T pci_read_config8
fff17653 T dm_pci_read_config8
fff17678 T dm_pci_read_config16
fff1769f T dm_pci_read_config32
fff176c4 T pci_auto_config_devices
fff177b9 T dm_pci_hose_probe_bus
fff17830 T dm_pci_find_capability
fff1789d T pci_bind_bus_devices
fff17d17 T dm_pci_read_bar32
fff17d53 T dm_pci_bus_to_phys
fff17ded t _dm_pci_bus_to_phys
fff17e70 T dm_pci_map_bar
fff17f83 T dm_pci_find_next_capability
fff17f99 t _dm_pci_find_next_capability
fff18024 t pci_uclass_pre_probe
fff1829b t pci_uclass_post_probe
fff182e3 t pci_uclass_child_post_bind
fff18314 T pci_init
fff18344 t pci_bridge_read_config
fff18375 t pci_bridge_write_config
fff183a7 T dm_pciauto_setup_device
fff185ec T dm_pciauto_prescan_setup_bridge
fff187a6 T dm_pciauto_postscan_setup_bridge
fff1889a T dm_pciauto_config_device
fff18942 t _pci_x86_read_config
fff18961 t _pci_x86_write_config
fff18980 T setup_video
fff18a2f T pciauto_region_align
fff18a3b T pciauto_region_allocate
fff18a73 T pciauto_config_init
fff18b4f T pci_class_str
fff18b66 T timer_get_count
fff18b8c T timer_get_rate
fff18b92 T dm_timer_init
fff18c56 t timer_pre_probe
fff18c7f t timer_post_probe
fff18c98 T get_timer
fff18cd6 T timer_get_us
fff18d08 T __udelay
fff18d53 t tsc_timer_ensure_setup
fff19096 t tsc_timer_probe
fff190df t tsc_timer_get_count
fff190f5 T virtio_get_config
fff1910f T virtio_generation
fff19126 T virtio_reset
fff19131 T virtio_find_vqs
fff19145 T virtio_notify
fff19152 T virtio_add_status
fff19184 T virtio_finalize_features
fff191dd T virtio_driver_features_init
fff191f6 T virtio_init
fff1922b t virtio_uclass_pre_probe
fff19279 t virtio_uclass_post_probe
fff19321 t virtio_uclass_child_post_bind
fff19332 t virtio_uclass_child_pre_probe
fff19526 t virtio_uclass_child_post_probe
fff19539 T virtqueue_add
fff1976c T virtqueue_kick
fff197d5 T virtqueue_get_buf
fff19912 T vring_create_virtqueue
fff19ace T vring_del_virtqueue
fff19af8 T virtqueue_get_vring_size
fff19afc T virtqueue_get_desc_addr
fff19b00 T virtqueue_get_avail_addr
fff19b04 T virtqueue_get_used_addr
fff19b08 t virtio_pci_bind
fff19b44 t virtio_pci_bind
fff19b80 t virtio_pci_probe
fff19c45 t virtio_pci_probe
fff19d74 t virtio_pci_get_config
fff19da7 t virtio_pci_get_config
fff19eca t virtio_pci_set_config
fff19efd t virtio_pci_set_config
fff1a057 t virtio_pci_get_status
fff1a07d t virtio_pci_get_status
fff1a0a3 t virtio_pci_set_status
fff1a0ed t virtio_pci_set_status
fff1a137 t virtio_pci_reset
fff1a16e t virtio_pci_reset
fff1a1b7 t virtio_pci_get_features
fff1a1e1 t virtio_pci_get_features
fff1a250 t virtio_pci_set_features
fff1a2a6 t virtio_pci_set_features
fff1a330 t virtio_pci_find_vqs
fff1a40e t virtio_pci_find_vqs
fff1a5ee t virtio_pci_del_vqs
fff1a64d t virtio_pci_del_vqs
fff1a6ac t virtio_pci_notify
fff1a6d8 t virtio_pci_notify
fff1a737 t virtio_pci_find_capability
fff1a7ac t virtio_pci_map_capability
fff1a7f8 t virtio_pci_generation
fff1a821 t virtio_blk_bind
fff1a8b5 t virtio_blk_probe
fff1a945 t virtio_blk_read
fff1a960 t virtio_blk_write
fff1a97b t virtio_blk_do_req
fff1aa4c t virtio_rng_bind
fff1aa72 t virtio_rng_probe
fff1aa97 t virtio_rng_read
fff1ab32 T blk_get_if_type_name
fff1ab3a T blk_get_devnum_by_typename
fff1abe9 T blk_list_part
fff1ac53 t get_desc
fff1acfe T blk_print_part_devnum
fff1ad2f T blk_list_devices
fff1ad81 T blk_print_device_num
fff1adbd T blk_show_device
fff1ae25 T blk_read_devnum
fff1ae58 T blk_dread
fff1aed6 T blk_write_devnum
fff1af09 T blk_dwrite
fff1af4d T blk_dselect_hwpart
fff1af6b T blk_find_device
fff1afda T blk_find_max_devnum
fff1b034 T blk_next_free_devnum
fff1b056 T blk_create_device
fff1b1c9 t blk_post_probe
fff1b1dc T blkcache_read
fff1b2a2 T blkcache_fill
fff1b3d4 T blkcache_invalidate
fff1b430 t uclass_cpu_init
fff1b47c T irq_snapshot_polarities
fff1b490 T irq_first_device_type
fff1b49e T qemu_fwcfg_read_entry
fff1b4fc T qemu_fwcfg_online_cpus
fff1b52b T qemu_fwcfg_init
fff1b5aa T pch_ioctl
fff1b5cf T dm_rtc_get
fff1b5e2 T dm_rtc_set
fff1b5f6 T dm_rtc_reset
fff1b60a t rtc_mc146818_probe
fff1b62b t rtc_mc146818_get
fff1b720 t rtc_mc146818_set
fff1b83c t rtc_mc146818_reset
fff1b867 t rtc_mc146818_read8
fff1b883 t rtc_mc146818_write8
fff1b8a2 T dm_rng_read
fff1b8bf T serial_init
fff1ba09 T serial_setbrg
fff1ba48 T serial_initialize
fff1ba56 T serial_putc
fff1baaa T serial_puts
fff1bb09 T serial_getc
fff1bb42 T serial_tstc
fff1bb75 T serial_stdio_init
fff1bb76 t on_baudrate
fff1bc52 t serial_post_probe
fff1bcec t serial_pre_remove
fff1bcef t serial_stub_putc
fff1bd2b t serial_stub_puts
fff1bd72 t serial_stub_getc
fff1bd93 t serial_stub_tstc
fff1bdab T NS16550_init
fff1be31 t NS16550_setbrg
fff1bea2 T ns16550_serial_probe
fff1bef1 T ns16550_serial_ofdata_to_platdata
fff1bfa6 t ns16550_serial_setbrg
fff1bfdc t ns16550_serial_getc
fff1c017 t ns16550_serial_putc
fff1c055 t ns16550_serial_pending
fff1c08f t ns16550_serial_setconfig
fff1c0d9 t ns16550_serial_getinfo
fff1c118 T env_get_yesno
fff1c155 T env_get_default
fff1c1a4 T env_set_default
fff1c225 T env_set_default_vars
fff1c25e T env_import
fff1c305 T env_export
fff1c36c T env_relocate
fff1c39c T env_complete
fff1c521 W env_get_location
fff1c52c W env_get_char_spec
fff1c53b T env_get_char
fff1c554 T env_load
fff1c67a T env_save
fff1c763 T env_init
fff1c88c T env_attr_walk
fff1c989 T env_attr_lookup
fff1c9f0 t regex_callback
fff1cb30 T env_flags_parse_vartype
fff1cb76 T env_flags_parse_varaccess
fff1cbbf T env_flags_init
fff1cc57 t on_flags
fff1cc92 T env_flags_validate
fff1ce73 t clear_flags
fff1ce7d t set_flags
fff1ceea T env_callback_init
fff1cfc4 t on_callbacks
fff1cfff t clear_callback
fff1d009 t set_callback
fff1d0b1 t env_raw_disk_load
fff1d16f t env_raw_disk_save
fff1d223 T fs_get_type
fff1d229 T fs_set_blk_dev
fff1d2b3 T fs_set_blk_dev_with_part
fff1d333 T fs_close
fff1d35a T fs_exists
fff1d39c T fs_size
fff1d3de T fs_read
fff1d444 T fs_write
fff1d4d3 T fs_opendir
fff1d547 T fs_readdir
fff1d5ae T fs_closedir
fff1d5fe T fs_unlink
fff1d640 T fs_mkdir
fff1d682 T fs_ln
fff1d6e4 T do_size
fff1d76a T do_load
fff1db00 T do_ls
fff1db93 T file_exists
fff1dbea T do_save
fff1dd4e T do_fs_type
fff1ddda T do_rm
fff1de47 T do_mkdir
fff1dece T do_ln
fff1df11 T do_fs_types
fff1df79 t fs_ls_generic
fff1e029 t fs_uuid_unsupported
fff1e02d t fs_ln_unsupported
fff1e031 t fs_probe_unsupported
fff1e047 t fs_ls_unsupported
fff1e04b t fs_exists_unsupported
fff1e04e t fs_size_unsupported
fff1e052 t fs_read_unsupported
fff1e056 t fs_write_unsupported
fff1e05a t fs_close_unsupported
fff1e05b t fs_opendir_unsupported
fff1e061 t fs_unlink_unsupported
fff1e065 t fs_mkdir_unsupported
fff1e069 T fat_set_blk_dev
fff1e130 T file_fat_detectfs
fff1e1b2 t read_bootsectandvi
fff1e2bf T fat_exists
fff1e321 t fat_itr_root
fff1e48b t fat_itr_resolve
fff1e5f9 T fat_size
fff1e6a3 T file_fat_read_at
fff1eab7 T fat_read_file
fff1eafa T fat_opendir
fff1eb8c T fat_readdir
fff1ebf9 t fat_itr_next
fff1ee58 T fat_closedir
fff1ee74 T fat_close
fff1ee75 T file_fat_write_at
fff1f13e t split_filename
fff1f1e1 t normalize_longname
fff1f281 t find_directory_entry
fff1f304 t set_name
fff1f3f8 t fill_dir_slot
fff1f631 t set_contents
fff200ba t flush_dirty_fat_buffer
fff20137 t flush_dir
fff2019e T file_fat_write
fff201c3 T fat_unlink
fff20442 T fat_mkdir
fff207d1 t fat_itr_child
fff20820 t get_fatent
fff20995 t get_cluster
fff20b2c t next_dent
fff20c4b t downcase
fff20c77 t new_dir_table
fff20d28 t set_fatent_value
fff20ecc t clear_fatent
fff20f30 t determine_fatent
fff20f5f t disk_write
fff20fbe t set_sectors
fff21101 T efi_driver_init
fff211d9 t efi_uc_init
fff211ee t efi_uc_destroy
fff21203 t efi_uc_supported
fff2129c t efi_uc_start
fff2134b t efi_uc_stop
fff21455 t check_node_type
fff214ae t disconnect_child
fff21503 t efi_bl_read
fff21551 t efi_bl_write
fff2159f t efi_bl_bind
fff216b1 T efi_set_load_options
fff2173b T efi_deserialize_load_option
fff217c0 T efi_bootmgr_load
fff21903 t try_load_entry
fff21acb t get_var
fff21b2e T __efi_entry_check
fff21b44 T __efi_exit_check
fff21b50 T efi_save_gd
fff21b51 T efi_restore_gd
fff21b52 T efi_signal_event
fff21be4 t efi_queue_event
fff21c49 T efi_add_handle
fff21c6d T efi_create_handle
fff21cb5 T efi_search_protocol
fff21d1b T efi_search_obj
fff21d3c T efi_remove_protocol
fff21d7c T efi_remove_all_protocols
fff21dc7 T efi_delete_handle
fff21df3 T efi_create_event
fff21f06 T efi_create_event_ex
fff21f63 T efi_timer_check
fff21fdc t efi_process_event_queue
fff22053 T efi_set_timer
fff2212c T efi_add_protocol
fff2224f T efi_install_configuration_table
fff22374 T efi_setup_loaded_image
fff22498 T efi_load_image
fff22776 T efi_close_protocol
fff22831 T efi_locate_handle_buffer
fff228d0 t efi_locate_handle
fff22a0c T efi_install_multiple_protocol_interfaces
fff22b4a t efi_locate_device_path
fff22c6c t efi_install_protocol_interface
fff22cbf t efi_uninstall_protocol_interface
fff22d12 T efi_start_image
fff22e32 t efi_open_protocol
fff230e4 T efi_unload_image
fff231af t efi_delete_image
fff23233 T efi_handle_protocol
fff23255 T efi_initialize_system_table
fff232b7 t efi_uninstall_protocol
fff2337c t efi_disconnect_all_drivers
fff234e4 t efi_disconnect_controller
fff23748 t efi_raise_tpl
fff23766 t efi_restore_tpl
fff23795 t efi_allocate_pages_ext
fff237c2 t efi_free_pages_ext
fff237e6 t efi_get_memory_map_ext
fff2381c t efi_allocate_pool_ext
fff23840 t efi_free_pool_ext
fff2385c t efi_create_event_ext
fff23894 t efi_set_timer_ext
fff238c6 t efi_wait_for_event
fff23983 t efi_signal_event_ext
fff239d3 t efi_close_event
fff23abf t efi_check_event
fff23b22 t efi_reinstall_protocol_interface
fff23b87 t efi_register_protocol_notify
fff23c10 t efi_locate_handle_ext
fff23c47 t efi_install_configuration_table_ext
fff23c67 t efi_exit
fff23d6e t efi_exit_boot_services
fff23eb3 t efi_get_next_monotonic_count
fff23f07 t efi_stall
fff23f52 t efi_set_watchdog_timer
fff23f6e t efi_connect_controller
fff2413f t efi_open_protocol_information
fff2421c t efi_protocols_per_handle
fff242cd t efi_locate_protocol
fff243cb t efi_uninstall_multiple_protocol_interfaces
fff244c4 t efi_calculate_crc32
fff2450d t efi_copy_mem
fff24531 t efi_set_mem
fff24556 t efi_bind_controller
fff2460c t efi_cout_reset
fff24661 t efi_cout_output_string
fff24796 t efi_cout_test_string
fff247a9 t efi_cout_query_mode
fff24800 t efi_cout_set_mode
fff24867 t efi_cout_set_attribute
fff248c1 t efi_cout_clear_screen
fff248ec t efi_cout_set_cursor_position
fff2495b t efi_cout_enable_cursor
fff24999 T set_shift_mask
fff249e6 t efi_cin_reset
fff24a10 t efi_cin_read_key_stroke
fff24a68 T efi_console_register
fff24d30 t efi_key_notify
fff24d45 t efi_console_timer_notify
fff24d5a t efi_cin_empty_buffer
fff24d78 t efi_cin_check
fff25032 t analyze_modifiers
fff25094 t term_get_char
fff250cc t efi_cin_reset_ex
fff250f6 t efi_cin_read_key_stroke_ex
fff251a7 t efi_cin_set_state
fff251bd t efi_cin_register_key_notify
fff25242 t efi_cin_unregister_key_notify
fff25297 T efi_dp_next
fff252b6 T efi_dp_match
fff2533a T efi_dp_find_obj
fff25378 t find_obj
fff254e7 T efi_dp_last_node
fff2550e T efi_dp_instance_size
fff25537 T efi_dp_size
fff25556 T efi_dp_dup
fff255a1 t dp_alloc
fff255ce T efi_dp_append
fff2566d T efi_dp_append_node
fff25720 T efi_dp_create_device_node
fff25758 T efi_dp_append_instance
fff25834 T efi_dp_get_next_instance
fff258c6 T efi_dp_is_multi_instance
fff258e7 T efi_dp_from_part
fff25925 t dp_part_size
fff25971 t dp_part_fill
fff259bf T efi_dp_part_node
fff259f5 t dp_part_node
fff25ada T efi_dp_from_file
fff25bc4 T efi_dp_from_mem
fff25c07 T efi_dp_split_file_path
fff25c79 T efi_dp_from_name
fff25d81 T efi_dp_check_length
fff25dc9 t dp_size
fff25e42 t dp_fill
fff25f98 T efi_dp_str
fff25fc2 t efi_convert_device_path_to_text
fff26029 t efi_convert_device_node_to_text
fff2606b t efi_convert_single_device_node_to_text
fff26468 t efi_str_to_u16
fff264ae t get_device_path_size
fff264db t duplicate_device_path
fff264fd t append_device_path
fff26525 t append_device_node
fff2654d t append_device_path_instance
fff26575 t get_next_device_path_instance
fff2659d t is_device_path_multi_instance
fff265bf t create_device_node
fff265ee T efi_file_from_path
fff266f3 T efi_simple_file_system
fff2672a t efi_open_volume
fff2678b t efi_file_open
fff26a4a t efi_file_close
fff26a72 t efi_file_delete
fff26ac1 t efi_file_read
fff26cac t efi_file_write
fff26d4f t efi_file_getpos
fff26d84 t efi_file_setpos
fff26df8 t efi_file_getinfo
fff26fdd t efi_file_setinfo
fff270ea t efi_file_flush
fff270fd t efi_file_open_ex
fff27103 t efi_file_read_ex
fff27109 t efi_file_write_ex
fff2710f t efi_file_flush_ex
fff27115 t efi_get_file_size
fff27150 t new_package_list
fff271f1 t remove_package_list
fff27230 t update_package_list
fff272e3 t list_package_lists
fff273ac t export_package_lists
fff273da t register_package_notify
fff2741b t unregister_package_notify
fff27431 t find_keyboard_layouts
fff274df t get_keyboard_layout
fff2756f t set_keyboard_layout
fff27585 t get_package_list_handle
fff275d4 t new_string
fff276bd t get_string
fff27764 t set_string
fff2786a t get_languages
fff27936 t get_secondary_languages
fff279ba t add_packages
fff27cb0 t free_packagelist
fff27ce5 t free_keyboard_layouts
fff27d27 t remove_strings_package
fff27d88 t remove_guid_package
fff27db9 t remove_keyboard_package
fff27df1 t language_match
fff27e26 t extract_config
fff27e3c t export_config
fff27e52 t route_config
fff27e68 t block_to_config
fff27e7e t config_to_block
fff27e94 t get_alt_config
fff27eaa T efi_print_image_infos
fff27f7e W invalidate_icache_all
fff27f7f T efi_load_pe
fff28309 t efi_set_code_and_data_type
fff28350 T efi_add_memory_map
fff2838d t efi_add_memory_map_pg
fff28708 T efi_allocate_pages
fff288fc t efi_check_allocated
fff28961 T efi_alloc
fff2899c T efi_free_pages
fff28a09 T efi_allocate_pool
fff28a82 T efi_free_pool
fff28b0b T efi_get_memory_map
fff28bca T efi_add_conventional_memory_map
fff28c6d T efi_memory_init
fff28ce7 t efi_mem_cmp
fff28d16 T efi_root_node_register
fff28dd5 T efi_init_runtime_supported
fff28e1b W efi_reset_system_init
fff28e1e t efi_get_time_boottime
fff28efd t efi_set_time_boottime
fff28f13 t efi_set_virtual_address_map
fff2912b t efi_reset_system_boottime
fff29188 W allow_unaligned
fff29189 T efi_init_obj_list
fff29325 t efi_stri_coll
fff29392 t efi_metai_match
fff293b8 t efi_str_lwr
fff293f0 t efi_str_upr
fff29428 t efi_fat_to_str
fff29477 t efi_str_to_fat
fff2953e t metai_match
fff296aa T efi_get_variable
fff296f6 T efi_set_variable
fff2973a T efi_get_next_variable_name
fff29766 T efi_query_variable_info
fff297a1 T efi_init_secure_state
fff298df T efi_auth_var_get_type
fff29932 T efi_var_mem_init
fff299d2 t efi_var_mem_notify_exit_boot_services
fff29a20 T efi_var_collect
fff29bb9 T efi_var_to_file
fff29c48 t efi_set_blk_dev_to_system_partition
fff29cbb T efi_var_restore
fff29da8 T efi_var_from_file
fff29e53 T efi_set_variable_int
fff2a05c T efi_query_variable_info_int
fff2a089 T efi_variables_boot_exit_notify
fff2a0bb T efi_init_variables
fff2a0dc T efi_set_watchdog
fff2a118 T efi_watchdog_register
fff2a184 t efi_watchdog_timer_notify
fff2a1bd T efi_fs_from_path
fff2a21f T efi_disk_create_partitions
fff2a300 t efi_disk_add_dev
fff2a4f3 T efi_disk_register
fff2a5f6 t efi_disk_reset
fff2a609 t efi_disk_read_blocks
fff2a6ae t efi_disk_write_blocks
fff2a75e t efi_disk_flush_blocks
fff2a771 t efi_disk_rw_blocks
fff2a7de W platform_get_rng_device
fff2a80c T efi_rng_register
fff2a858 t rng_getinfo
fff2a8d5 t getrng
fff2a977 T binman_init
fff2aa08 T console_read_unicode
fff2aac8 T utf8_get
fff2ab96 T utf8_put
fff2ac2c T utf8_utf16_strnlen
fff2ac7b T utf8_utf16_strncpy
fff2acde T utf16_put
fff2ad42 T utf16_get
fff2adba T utf16_strnlen
fff2ae09 T utf16_utf8_strnlen
fff2ae78 T utf16_utf8_strncpy
fff2aedb T utf_to_lower
fff2af0f T utf_to_upper
fff2af43 T u16_strncmp
fff2af72 T u16_strlen
fff2af89 T u16_strdup
fff2afd4 T utf16_to_utf8
fff2b0c8 T list_sort
fff2b259 t merge
fff2b2bc T inflate_fast
fff2b829 T inflate_table
fff2bcb6 T inflateReset
fff2bd0e T inflateInit2_
fff2bdeb T zcalloc
fff2bdf5 T zcfree
fff2bdfc T inflate
fff2d71a T adler32
fff2d9a7 T inflateEnd
fff2d9ef T gzalloc
fff2d9fd T gzfree
fff2da04 T gzip_parse_header
fff2da6d T gunzip
fff2dab1 T zunzip
fff2db84 T ulz4fn
fff2df12 T avb_chain_partition_descriptor_validate_and_byteswap
fff2e04e T avb_sub_cmdline
fff2e242 T avb_append_options
fff2e58a t cmdline_append_option
fff2e64f t cmdline_append_hex
fff2e689 T avb_new_cmdline_subst_list
fff2e693 T avb_free_cmdline_subst_list
fff2e6c8 T avb_add_root_digest_substitution
fff2e75c t uint64_to_base10
fff2e7b0 T avb_get_algorithm_data
fff2e7c3 T avb_rsa_public_key_header_validate_and_byteswap
fff2e7f2 T avb_footer_validate_and_byteswap
fff2e8bf T avb_hashtree_descriptor_validate_and_byteswap
fff2ea6b T avb_sha256_init
fff2ea8b T avb_sha256_update
fff2eb2d t SHA256_transform
fff2ed27 T avb_sha256_final
fff2edfb T avb_slot_verify
fff2f44c t load_and_verify_vbmeta
fff309d7 T avb_slot_verify_data_free
fff30a95 T avb_slot_verify_data_calculate_vbmeta_digest
fff30b85 t read_persistent_digest
fff30e2f t load_full_partition
fff30fdb T avb_be32toh
fff30fde T avb_be64toh
fff30fe9 T avb_safe_memcmp
fff31012 T avb_safe_add_to
fff31054 T avb_basename
fff31092 T avb_safe_add
fff310bb T avb_validate_utf8
fff31127 T avb_str_concat
fff311e5 T avb_malloc
fff31227 T avb_calloc
fff3124a T avb_strdup
fff31277 T avb_strstr
fff312b4 T avb_strv_find_str
fff312f9 T avb_replace
fff3149e T avb_strdupv
fff31595 T avb_uppercase
fff315b4 T avb_bin2hex
fff31604 T avb_version_string
fff3160a T avb_descriptor_validate_and_byteswap
fff3166d T avb_descriptor_foreach
fff318fd T avb_descriptor_get_all
fff3196c t count_descriptors
fff31971 t set_descriptors
fff31985 T avb_hash_descriptor_validate_and_byteswap
fff31ac1 T avb_kernel_cmdline_descriptor_validate_and_byteswap
fff31bad T avb_rsa_verify
fff3202e t montMul
fff32175 T avb_sha512_init
fff321a1 T avb_sha512_update
fff32243 t SHA512_transform
fff326ae T avb_sha512_final
fff3278f T avb_memcmp
fff32794 T avb_memcpy
fff32799 T avb_memset
fff3279e T avb_strcmp
fff327a3 T avb_strncmp
fff327a8 T avb_strlen
fff327ad T avb_abort
fff327b5 T avb_printv
fff327ec T avb_malloc_
fff327f1 T avb_free
fff327f6 T avb_div_by_10
fff32826 T avb_vbmeta_image_verify
fff32dc7 T avb_vbmeta_image_header_to_host_byte_order
fff32ee9 T avb_vbmeta_verify_result_to_string
fff32f31 T addBootConfigParameters
fff32fc7 T addBootConfigTrailer
fff33055 T fdt_ro_probe_
fff330b2 T fdt_check_header
fff331a4 T fdt_offset_ptr
fff331f1 T fdt_next_tag
fff332c7 T fdt_check_node_offset_
fff332f3 T fdt_check_prop_offset_
fff3331f T fdt_next_node
fff333a6 T fdt_first_subnode
fff333d4 T fdt_next_subnode
fff33412 T fdt_find_string_
fff3345b T fdt_move
fff3349c T fdt_get_string
fff33555 T fdt_string
fff3355c T fdt_get_mem_rsv
fff335a9 t fdt_mem_rsv
fff335d2 T fdt_num_mem_rsv
fff3360b T fdt_subnode_offset_namelen
fff336c7 T fdt_subnode_offset
fff336ef T fdt_path_offset_namelen
fff337b4 T fdt_get_alias_namelen
fff337f5 T fdt_path_offset
fff33813 T fdt_get_name
fff33883 T fdt_first_property_offset
fff338a4 t nextprop_
fff338f1 T fdt_next_property_offset
fff33912 t fdt_get_property_by_offset_
fff3394a T fdt_get_property_namelen
fff33983 t fdt_get_property_namelen_
fff33a0e T fdt_get_property
fff33a3f T fdt_getprop_namelen
fff33a91 T fdt_getprop_by_offset
fff33b13 T fdt_getprop
fff33b44 T fdt_supernode_atdepth_offset
fff33bde T fdt_node_depth
fff33c02 T fdt_parent_offset
fff33c4b T fdt_stringlist_search
fff33cec T fdt_node_end_offset_
fff33d14 T fdt_strerror
fff33d41 T fdt_add_mem_rsv
fff33db9 t fdt_rw_probe_
fff33e0b t fdt_splice_mem_rsv_
fff33e5c T fdt_del_mem_rsv
fff33ea1 t fdt_splice_struct_
fff33edd T fdt_setprop_placeholder
fff33f96 t fdt_add_property_
fff340b2 T fdt_setprop
fff340ea T fdt_delprop
fff3413d T fdt_add_subnode_namelen
fff34218 T fdt_add_subnode
fff34240 T fdt_del_node
fff34282 T fdt_open_into
fff343d4 t fdt_blocks_misordered_
fff34411 t fdt_packblocks_
fff34498 t fdt_splice_
fff344fc T fdt_address_cells
fff34526 t fdt_cells
fff34563 T fdt_size_cells
fff34580 T fdtdec_get_int
fff345ac T fdtdec_get_addr_size_fixed
fff34666 T fdtdec_get_number
fff34685 T fdtdec_get_addr_size_auto_parent
fff346de T fdtdec_get_pci_bar32
fff34707 T fdtdec_get_is_enabled
fff3473b T fdtdec_get_alias_seq
fff34817 T fdtdec_get_alias_highest_id
fff348c7 T fdtdec_get_chosen_prop
fff348f7 T fdtdec_prepare_fdt
fff34939 T fdtdec_get_int_array
fff34990 T fdtdec_get_bool
fff349ae T fdtdec_get_config_int
fff349e1 T fdtdec_get_config_string
fff34a14 T fdt_get_resource
fff34b17 W board_fdt_blob_setup
fff34b1d W fdtdec_board_setup
fff34b20 T fdtdec_setup
fff34b72 T qsort
fff34c2f T strcmp_compar
fff34c38 T hcreate_r
fff34cb9 T hdestroy_r
fff34d1c T hmatch_r
fff34d95 T hsearch_r
fff35211 T hdelete_r
fff352e4 T hexport_r
fff3558f t cmpkey
fff3559c T himport_r
fff35892 t drop_var_from_set
fff358e0 T hwalk_r
fff3591f t match_string
fff35999 T display_options_get_banner_priv
fff35a21 T display_options_get_banner
fff35a38 T display_options
fff35a70 T print_size
fff35b75 W __div64_32
fff35c69 T hang
fff35c82 T strim
fff35cc6 T lmb_dump_all
fff35cc7 T lmb_init_and_reserve
fff35d3f t lmb_reserve_common
fff35d6c T lmb_init_and_reserve_range
fff35dbf t lmb_add_region
fff3603b T lmb_free
fff361bf t lmb_remove_region
fff361f8 T lmb_reserve
fff3621a T lmb_alloc
fff36233 T lmb_alloc_base
fff3627a T __lmb_alloc_base
fff364c3 T lmb_alloc_addr
fff36593 W board_lmb_reserve
fff36594 W arch_lmb_reserve
fff36595 T slre_compile
fff366c1 t compile
fff36d36 T slre_match
fff36d9c t match
fff37115 t get_escape_char
fff3716b t quantifier
fff37248 t relocate
fff37297 t loop_greedy
fff37341 t loop_non_greedy
fff373a7 T strncasecmp
fff3740d T strcasecmp
fff37415 T strcpy
fff37425 T strncpy
fff3743b T strlen
fff3744c T strcat
fff37469 T strncat
fff37495 T strcmp
fff374ac T strncmp
fff374de T strchr
fff374f8 T strrchr
fff37521 T strnlen
fff37540 T strdup
fff37578 T strsep
fff375c7 T memcmp
fff375e9 T strstr
fff37635 T memchr
fff37647 T get_tbclk
fff37674 T get_ticks
fff376c7 W timer_init
fff376ca T usec_to_tick
fff3773a T udelay
fff37760 T uuid_str_valid
fff377ba T uuid_guid_get_bin
fff37802 T uuid_guid_get_str
fff3784d T uuid_str_to_bin
fff37999 T uuid_bin_to_str
fff37a45 T panic_str
fff37a52 t panic_finish
fff37a7d T panic
fff37a96 t vsnprintf_internal
fff38223 T snprintf
fff3824a T sprintf
fff38272 T printf
fff382cb T vprintf
fff38315 T simple_itoa
fff38350 t string16
fff38419 t string
fff3848c t number
fff386fc t put_dec_trunc
fff387c6 t put_dec
fff3892b T simple_strtoul
fff389aa t _parse_integer_fixup_radix
fff38a0e T strict_strtoul
fff38a6f T simple_strtol
fff38a8b T ustrtoul
fff38aee T ustrtoull
fff38b5b T simple_strtoull
fff38bfb T trailing_strtoln
fff38c5a T trailing_strtol
fff38c61 T rtc_calc_weekday
fff38d36 T __udivdi3
fff38d4e t _64bit_divide
fff38e7a T __umoddi3
fff38eb0 d _u_boot_list_2_cmd_2_ab_select
fff38eb0 d complete_cmdv.start
fff38eb0 d complete_cmdv.start.17
fff38eb0 d do_help.start
fff38eb0 d do_help.start.6
fff38eb0 d find_cmd.start
fff38eb0 d find_cmd.start.2
fff38ecc d _u_boot_list_2_cmd_2_avb
fff38ee8 d _u_boot_list_2_cmd_2_boot
fff38f04 d _u_boot_list_2_cmd_2_boot_android
fff38f20 d _u_boot_list_2_cmd_2_bootd
fff38f3c d _u_boot_list_2_cmd_2_bootefi
fff38f58 d _u_boot_list_2_cmd_2_bootm
fff38f74 d _u_boot_list_2_cmd_2_bootz
fff38f90 d _u_boot_list_2_cmd_2_date
fff38fac d _u_boot_list_2_cmd_2_echo
fff38fc8 d _u_boot_list_2_cmd_2_editenv
fff38fe4 d _u_boot_list_2_cmd_2_env
fff39000 d _u_boot_list_2_cmd_2_exit
fff3901c d _u_boot_list_2_cmd_2_false
fff39038 d _u_boot_list_2_cmd_2_fatinfo
fff39054 d _u_boot_list_2_cmd_2_fatload
fff39070 d _u_boot_list_2_cmd_2_fatls
fff3908c d _u_boot_list_2_cmd_2_fatmkdir
fff390a8 d _u_boot_list_2_cmd_2_fatrm
fff390c4 d _u_boot_list_2_cmd_2_fatsize
fff390e0 d _u_boot_list_2_cmd_2_fatwrite
fff390fc d _u_boot_list_2_cmd_2_fdt
fff39118 d _u_boot_list_2_cmd_2_fstype
fff39134 d _u_boot_list_2_cmd_2_fstypes
fff39150 d _u_boot_list_2_cmd_2_gpt
fff3916c d _u_boot_list_2_cmd_2_help
fff39188 d _u_boot_list_2_cmd_2_itest
fff391a4 d _u_boot_list_2_cmd_2_ln
fff391c0 d _u_boot_list_2_cmd_2_load
fff391dc d _u_boot_list_2_cmd_2_ls
fff391f8 d _u_boot_list_2_cmd_2_mtrr
fff39214 d _u_boot_list_2_cmd_2_panic
fff39230 d _u_boot_list_2_cmd_2_part
fff3924c d _u_boot_list_2_cmd_2_pci
fff39268 d _u_boot_list_2_cmd_2_printenv
fff39284 d _u_boot_list_2_cmd_2_question_mark
fff392a0 d _u_boot_list_2_cmd_2_read
fff392bc d _u_boot_list_2_cmd_2_reset
fff392d8 d _u_boot_list_2_cmd_2_run
fff392f4 d _u_boot_list_2_cmd_2_save
fff39310 d _u_boot_list_2_cmd_2_saveenv
fff3932c d _u_boot_list_2_cmd_2_setenv
fff39348 d _u_boot_list_2_cmd_2_setexpr
fff39364 d _u_boot_list_2_cmd_2_showvar
fff39380 d _u_boot_list_2_cmd_2_size
fff3939c d _u_boot_list_2_cmd_2_sleep
fff393b8 d _u_boot_list_2_cmd_2_source
fff393d4 d _u_boot_list_2_cmd_2_test
fff393f0 d _u_boot_list_2_cmd_2_true
fff3940c d _u_boot_list_2_cmd_2_version
fff39428 d _u_boot_list_2_cmd_2_virtio
fff39444 d _u_boot_list_2_cmd_2_zboot
fff39460 d _u_boot_list_2_driver_2_cpu_bus
fff39460 d complete_cmdv.end
fff39460 d dm_dump_driver_compat.start
fff39460 d dm_dump_driver_compat.start.4
fff39460 d dm_dump_drivers.start
fff39460 d dm_dump_drivers.start.11
fff39460 d do_help.end
fff39460 d efi_driver_init.start
fff39460 d find_cmd.end
fff39460 d fix_drivers.start
fff39460 d fix_drivers.start.1
fff39460 d lists_bind_fdt.start
fff39460 d lists_bind_fdt.start.3
fff39460 d lists_driver_lookup_name.start
fff39460 d lists_driver_lookup_name.start.1
fff394a4 d _u_boot_list_2_driver_2_cpu_qemu_drv
fff394e8 d _u_boot_list_2_driver_2_cpu_x86_drv
fff3952c d _u_boot_list_2_driver_2_efi_blk
fff39570 d _u_boot_list_2_driver_2_efi_block
fff395b4 d _u_boot_list_2_driver_2_generic_syscon
fff395f8 d _u_boot_list_2_driver_2_irq_router_drv
fff3963c d _u_boot_list_2_driver_2_motorola_mc146818
fff39680 d _u_boot_list_2_driver_2_ns16550_serial
fff396c4 d _u_boot_list_2_driver_2_pci_bridge_drv
fff39708 d _u_boot_list_2_driver_2_pci_generic_drv
fff3974c d _u_boot_list_2_driver_2_pci_x86
fff39790 d _u_boot_list_2_driver_2_root_driver
fff397d4 d _u_boot_list_2_driver_2_simple_bus
fff39818 d _u_boot_list_2_driver_2_virtio_blk
fff3985c d _u_boot_list_2_driver_2_virtio_pci_legacy
fff398a0 d _u_boot_list_2_driver_2_virtio_pci_modern
fff398e4 d _u_boot_list_2_driver_2_virtio_rng
fff39928 d _u_boot_list_2_driver_2_x86_reset
fff3996c d _u_boot_list_2_driver_2_x86_tsc_timer
fff399b0 d _u_boot_list_2_env_clbk_2_baudrate
fff399b0 d bind_drivers_pass.end
fff399b0 d bind_drivers_pass.start
fff399b0 d bind_drivers_pass.start.6
fff399b0 d dm_dump_driver_compat.end
fff399b0 d dm_dump_drivers.end
fff399b0 d dm_dump_static_driver_info.end
fff399b0 d dm_dump_static_driver_info.start
fff399b0 d dm_dump_static_driver_info.start.19
fff399b0 d efi_driver_init.end
fff399b0 d find_env_callback.start
fff399b0 d find_env_callback.start.3
fff399b0 d fix_devices.end
fff399b0 d fix_devices.start
fff399b0 d fix_devices.start.3
fff399b0 d fix_drivers.end
fff399b0 d lists_bind_fdt.end
fff399b0 d lists_driver_lookup_name.end
fff399b8 d _u_boot_list_2_env_clbk_2_callbacks
fff399c0 d _u_boot_list_2_env_clbk_2_console
fff399c8 d _u_boot_list_2_env_clbk_2_flags
fff399d0 d _u_boot_list_2_env_clbk_2_loadaddr
fff399d8 d _env_driver_lookup.start
fff399d8 d _env_driver_lookup.start.11
fff399d8 d _u_boot_list_2_env_driver_2_raw_disk
fff399d8 d env_select.start
fff399d8 d env_select.start.8
fff399d8 d find_env_callback.end
fff399f0 d _env_driver_lookup.end
fff399f0 d _u_boot_list_2_part_driver_2_a_efi
fff399f0 d do_part_types.start
fff399f0 d do_part_types.start.18
fff399f0 d env_select.end
fff399f0 d part_driver_lookup_type.start
fff399f0 d part_driver_lookup_type.start.42
fff399f0 d part_init.start
fff399f0 d part_init.start.18
fff39a08 d _u_boot_list_2_part_driver_2_dos
fff39a20 d _u_boot_list_2_part_driver_2_iso
fff39a38 d _u_boot_list_2_pci_driver_entry_2_virtio_pci_legacy
fff39a38 d do_part_types.end
fff39a38 d part_driver_lookup_type.end
fff39a38 d part_init.end
fff39a38 d pci_find_and_bind_driver.start
fff39a38 d pci_find_and_bind_driver.start.11
fff39a40 d _u_boot_list_2_pci_driver_entry_2_virtio_pci_modern
fff39a48 d _u_boot_list_2_uclass_2_blk
fff39a48 d fix_uclass.start
fff39a48 d fix_uclass.start.2
fff39a48 d lists_uclass_lookup.start
fff39a48 d lists_uclass_lookup.start.2
fff39a48 d pci_find_and_bind_driver.end
fff39a94 d _u_boot_list_2_uclass_2_cpu
fff39ae0 d _u_boot_list_2_uclass_2_efi
fff39b2c d _u_boot_list_2_uclass_2_irq
fff39b78 d _u_boot_list_2_uclass_2_lpc
fff39bc4 d _u_boot_list_2_uclass_2_nop
fff39c10 d _u_boot_list_2_uclass_2_northbridge
fff39c5c d _u_boot_list_2_uclass_2_pch
fff39ca8 d _u_boot_list_2_uclass_2_pci
fff39cf4 d _u_boot_list_2_uclass_2_pci_generic
fff39d40 d _u_boot_list_2_uclass_2_rng
fff39d8c d _u_boot_list_2_uclass_2_root
fff39dd8 d _u_boot_list_2_uclass_2_rtc
fff39e24 d _u_boot_list_2_uclass_2_serial
fff39e70 d _u_boot_list_2_uclass_2_simple_bus
fff39ebc d _u_boot_list_2_uclass_2_syscon
fff39f08 d _u_boot_list_2_uclass_2_sysreset
fff39f54 d _u_boot_list_2_uclass_2_timer
fff39fa0 d _u_boot_list_2_uclass_2_virtio
fff39fec d fix_uclass.end
fff39fec d lists_uclass_lookup.end
fff3a018 r .L__const.getrng.rng_raw_guid
fff3a048 r number.digits
fff3a058 r efi_block_io_guid
fff3a068 r efi_file_info_guid
fff3a078 r efi_file_system_info_guid
fff3a088 r efi_global_variable_guid
fff3a098 r efi_guid_device_path
fff3a0a8 r efi_guid_device_path_to_text_protocol
fff3a0b8 r efi_guid_device_path_utilities_protocol
fff3a0c8 r efi_guid_driver_binding_protocol
fff3a0d8 r efi_guid_event_group_exit_boot_services
fff3a0e8 r efi_guid_event_group_memory_map_change
fff3a0f8 r efi_guid_event_group_reset_system
fff3a108 r efi_guid_fdt
fff3a118 r efi_guid_hii_config_routing_protocol
fff3a128 r efi_guid_hii_database_protocol
fff3a138 r efi_guid_hii_string_protocol
fff3a148 r efi_guid_image_security_database
fff3a158 r efi_guid_loaded_image
fff3a168 r efi_guid_loaded_image_device_path
fff3a178 r efi_guid_rng_protocol
fff3a188 r efi_guid_text_input_ex_protocol
fff3a198 r efi_guid_text_input_protocol
fff3a1a8 r efi_guid_text_output_protocol
fff3a1b8 r efi_guid_unicode_collation_protocol2
fff3a1c8 r efi_guid_virtio_dev
fff3a1d8 r efi_rt_properties_table_guid
fff3a1e8 r efi_simple_file_system_protocol_guid
fff3a1f8 r efi_system_volume_label_id
fff3a208 r efi_u_boot_guid
fff3a218 r list_guid
fff3a2d8 r partition_basic_data_guid
fff3a2e8 r sha512_h0
fff3a328 r sha512_k
fff3a5a8 r system_guid
fff3a6fc r baudrate_table
fff3a740 r block_io_disk_template
fff3a75c r boot_os
fff3a7a4 r bootloader_id
fff3a904 r color
fff3a970 r cpu_qemu_ids
fff3a980 r cpu_qemu_ops
fff3a994 r cpu_x86_ids
fff3a9a4 r cpu_x86_ops
fff3a9b8 r env_flags_varaccess_mask
fff3aa08 r sha256_h0
fff3ab30 r driver_ops
fff3ab3c r e820_type_name
fff3ab64 r efi_blk_ops
fff3ac44 r efi_device_path_to_text
fff3ac4c r efi_device_path_utilities
fff3ac6c r efi_file_handle_protocol
fff3acac r efi_hii_config_routing
fff3acc4 r efi_hii_database
fff3acf0 r efi_hii_string
fff3ad30 r efi_rng_protocol
fff3ad38 r efi_unicode_collation_protocol2
fff3ad64 r exceptions
fff3ade4 r fdt_errtable
fff3ae30 r fdt_member_table
fff3ae7c r freq_desc_tables
fff3af94 r fstypes
fff3b01c r generic_simple_bus_ids
fff3b034 r generic_syscon_ids
fff3b060 r if_type_uclass_id
fff3b098 r if_typename_str
fff3b154 r init_sequence_f
fff3b21c r init_sequence_f_r
fff3b224 r irq_router_ids
fff3b2c8 r month_offset
fff3b2f8 r mtrr_type_name
fff3b314 r name_type
fff3b344 r ns16550_serial_ids
fff3b374 r ns16550_serial_ops
fff3b394 r op_adv
fff3b494 r op_table
fff3b528 r pci_bridge_ids
fff3b538 r pci_bridge_ops
fff3b540 r pci_flag_info
fff3b568 r pci_generic_ids
fff3b578 r pci_x86_ids
fff3b588 r pci_x86_ops
fff3b590 r reserved_list
fff3b614 r rtc_mc146818_ids
fff3b624 r rtc_mc146818_ops
fff3b650 r sha256_k
fff3b750 r tsc_timer_ids
fff3b760 r tsc_timer_ops
fff3b764 r uimage_comp
fff3b7c4 r uimage_os
fff3b860 r uimage_type
fff3ba68 r virtio_blk_ops
fff3ba78 r virtio_drv_name
fff3baac r virtio_pci_ops
fff3bad8 r virtio_pci_ops
fff3bb24 r virtio_rng_ops
fff3bb80 r weekdays
fff3bb9c r x86_sysreset_ids
fff3bbac r x86_vendor_name
fff3bbd8 r x86_vendors
fff3bc30 r END
fff3bc34 r ROOT
fff3bc48 r capitalization_table
fff3cb18 r codepage
fff3cc18 r distfix
fff3cc98 r inflate.order
fff3ccbe r inflate_table.dbase
fff3ccfe r inflate_table.dext
fff3cd3e r inflate_table.lbase
fff3cd7c r inflate_table.lext
fff3cdba r lenfix
fff3d735 r _ctype
fff3d835 r default_environment
fff3e5bb r env_flags_varaccess_rep
fff3e5c0 r env_flags_vartype_rep
fff3e5c5 r erase_seq
fff3e5c9 r hex_asc
fff3e5da r illegal
fff3e5eb r padding_RSA2048_SHA256
fff3e6cb r padding_RSA2048_SHA512
fff3e78b r padding_RSA4096_SHA256
fff3e96b r padding_RSA4096_SHA512
fff3eb2b r padding_RSA8192_SHA256
fff3ef0b r padding_RSA8192_SHA512
fff3f2cb r print_size.names
fff44fad r .L.str.8
fff4500e r .L.str.17
fff45013 r .L.str.18
fff4c426 r tab_seq
fff4c42f r version_string
fff4c470 D gdt64
fff4c470 d gdt
fff4c4a0 d fwcfg_x86_ops
fff4c4a0 d gdt_end
fff4c4a8 d load_flags
fff4c4c8 d xload_flags
fff4c4f0 d zboot_subcmds
fff4c598 d bootm_help_text
fff4c928 d cmd_bootm_sub
fff4ca24 d source_help_text
fff4ca72 d bootefi_help_text
fff4cbfd d bootz_help_text
fff4ce08 d default_tm
fff4ce2c d fdt_help_text
fff4d493 d do_fdt.root
fff4d495 d fdt_print.tabs
fff4d4b8 d regs_start
fff4d500 d regs_rest
fff4d560 d regs_normal
fff4d608 d regs_bridge
fff4d704 d regs_cardbus
fff4d830 d pci_help_text
fff4da80 d cmd_avb
fff4db7c d env_id
fff4db80 d env_help_text
fff4dddc d cmd_env_sub
fff4def4 D _binary_common_avb_pubkey_start
fff4e2fc D _binary_common_avb_pubkey_end
fff4e2fc d init_sequence_r
fff4e374 d hist_cur
fff4e378 d av_
fff4e780 d trim_threshold
fff4e784 d sbrk_base
fff4e788 d image_load_addr
fff4e78c d stdio_names
fff4e798 d root_info
fff4e7a0 d x86_sysreset_ops
fff4e7ac d virtio_pci_supported
fff4eec8 d virtio_pci_supported
fff4f5e4 d _stats
fff4f5f8 d block_cache
fff4f600 d env_htab
fff4f610 d efi_obj_list
fff4f618 d efi_event_queue
fff4f620 d efi_register_notify_events
fff4f628 d entry_count
fff4f62c d efi_boot_services
fff4f6f4 d efi_tpl
fff4f6f8 d efi_con_mode
fff4f710 d efi_con_out
fff4f738 d efi_con_in
fff4f744 d efi_con_in_ex
fff4f75c d efi_cout_modes
fff4f780 d cin_notify_functions
fff4f788 d efi_package_lists
fff4f790 d efi_keyboard_layout_list
fff4f798 d efi_mem
fff4f7a0 d efi_obj_list_initialized
fff4f7a4 d algorithm_data
fff4f808 d _GLOBAL_OFFSET_TABLE_
fff4f808 d __efi_runtime_rel_start
fff4f960 A __data_end
fff4f960 A __init_end
fff4f960 d __efi_runtime_rel_stop
fff4f970 A __rel_dyn_start
fff4f970 B __bss_start
fff4f970 b i440fx
fff4f974 b irq_handlers
fff4fa34 b spurious_irq_cnt
fff4fa38 b bootefi_device_path
fff4fa3c b bootefi_image_path
fff4fa40 b do_fdt.data
fff4fe40 b virtio_curr_dev
fff4fe44 b avb_ops
fff4fe48 b top_vars
fff4fe4c b get_dollar_var.buf
fff4fe74 b last_return_code
fff4fe78 b flag_repeat
fff4fe7c b ifs
fff4fe80 b map
fff4ff80 b do_repeat
fff4ff81 b get_user_input.the_command
fff50184 b stored_bootdelay
fff50188 b cli_readline_into_buffer.initted
fff5018c b hist_max
fff50190 b hist_add_idx
fff50194 b hist_num
fff50198 b hist_lines
fff529ac b hist_list
fff529fc b ctrlc_disabled
fff52a00 b ctrlc_was_pressed
fff52a04 b mem_malloc_start
fff52a08 b mem_malloc_end
fff52a0c b mem_malloc_brk
fff52a10 b top_pad
fff52a14 b max_sbrked_mem
fff52a18 b max_total_mem
fff52a1c b current_mallinfo.0
fff52a20 b stdio_devices
fff52a2c b devs
fff52a78 b env_complete_buf
fff52c78 b tmp_buf
fff52e80 b tmpbuf
fff53680 b print_efiname.name
fff536a8 b virtio_pci_bind.num_devs
fff536ac b virtio_pci_bind.num_devs
fff536b0 b fwcfg_present
fff536b1 b fwcfg_dma_present
fff536b4 b fwcfg_arch_ops
fff536b8 b first_call
fff536bc b first_call
fff536c0 b flags_list
fff536c4 b callback_list
fff536c8 b fs_type
fff536cc b fs_dev_desc
fff536d0 b fs_partition
fff5376c b fs_dev_part
fff53770 b cur_dev
fff53774 b cur_part_info
fff53810 b total_sector
fff53814 b get_set_cluster.tmpbuf_cluster
fff53818 b bs
fff5381c b rs
fff53820 b timers_enabled
fff53824 b current_image
fff53828 b efi_load_image_from_path.ret
fff53830 b efi_get_next_monotonic_count.mono
fff53838 b console_timer_event
fff5383c b key_available
fff53840 b next_key
fff5384c b efi_root
fff53850 b watchdog_timer_event
fff53854 b binman
fff53858 b errno
fff5385c b simple_itoa.local
fff53880 b idt_ptr
fff53890 b idt
fff54090 b realmode_call
fff54094 b state
fff540b0 b realmode_interrupt
fff540b4 b _X86EMU_env
fff54104 b working_fdt
fff54108 b console_buffer
fff5430c b monitor_flash_len
fff54310 b image_save_addr
fff54314 b images
fff544dc b image_save_size
fff544e0 b mode_info
fff545e4 b efi_st_keep_devices
fff545e8 b ___strtok
fff545ec b efi_memory_map_key
fff545f0 b efi_system_partition
fff545fc B __bss_end
fff5b220 A __rel_dyn_end
fff5b220 A _end
