00000408 A _binary_common_avb_pubkey_size
0000f800 T start16
0000f831 t ff
0000f83a t code32start
0000f840 t idt_ptr
0000f846 t gdt_ptr
0000f850 T gdt_rom
0000fff0 t reset_vector
fff00000 A __text_start
fff00000 T _x86boot_start
fff0001c T _start
fff0003f T car_init_ret
fff00076 T board_init_f_r_trampoline
fff00082 t die
fff00088 W car_uninit
fff00089 t blank_idt_ptr
fff00090 t multiboot_header
fff000b0 T efi_reset_system
fff000b0 d __efi_runtime_start
fff000c8 T efi_memcpy_runtime
fff000de T efi_update_table_header_crc32
fff00100 W efi_get_time
fff00106 W efi_set_time
fff0010c T efi_convert_pointer
fff001c0 T efi_update_capsule
fff001c6 T efi_query_capsule_caps
fff001cc t efi_unimplemented
fff001d2 t efi_set_virtual_address_map_runtime
fff001d8 t efi_convert_pointer_runtime
fff001de T efi_get_variable_runtime
fff00212 T efi_get_next_variable_name_runtime
fff00223 T efi_var_mem_find
fff002ff t efi_var_mem_compare
fff00360 T efi_var_mem_del
fff003cb T efi_var_mem_ins
fff004b8 T efi_var_mem_free
fff004c9 t efi_var_mem_notify_virtual_address_map
fff004eb T efi_get_variable_mem
fff00574 T efi_get_next_variable_name_mem
fff0060d T efi_get_variable_int
fff00612 T efi_get_next_variable_name_int
fff00617 T efi_query_variable_info_runtime
fff0061d t efi_set_variable_runtime
fff00623 T u16_strnlen
fff0063d T crc32_no_comp
fff006ec T crc32
fff00701 T efi_runtime_detach
fff00747 T efi_runtime_relocate
fff00858 t efi_events
fff00860 t systab
fff008a8 t firmware_vendor
fff008c0 t efi_runtime_services
fff00910 t efi_virtmap
fff00914 t efi_descriptor_count
fff00918 t efi_descriptor_size
fff0091c t efi_var_buf
fff00920 t efi_current_var
fff00924 t crc_table
fff00d24 t efi_runtime_mmio
fff00d2c t efi_runtime_relocate.lastoff
fff00d30 T car_init
fff00d30 d __efi_runtime_stop
fff00d44 T ap_start16
fff00d88 T sipi_params_16bit
fff00d88 t ap_start_jmp
fff00d90 t gdtaddr
fff00d98 T ap_start
fff00d98 T ap_start16_code_end
fff00dfd t lock_microcode
fff00e08 t load_microcode
fff00e28 t microcode_done
fff00e38 t load_msr
fff00e60 T sipi_params
fff00e60 t idt_ptr
fff00e64 t stack_top
fff00e68 t stack_size
fff00e6c t microcode_lock
fff00e70 t microcode_ptr
fff00e74 t msr_table_ptr
fff00e78 t msr_count
fff00e7c t c_handler
fff00e80 t ap_count
fff00e84 T cpu_call64
fff00ed5 t code64
fff00ed5 t lret_target
fff00eda T call64_stub_size
fff00ede T irq_common_entry
fff00f0d T irq_0
fff00f14 T irq_1
fff00f1b T irq_2
fff00f22 T irq_3
fff00f29 T irq_4
fff00f30 T irq_5
fff00f37 T irq_6
fff00f3e T irq_7
fff00f45 T irq_8
fff00f4c T irq_9
fff00f53 T irq_10
fff00f5a T irq_11
fff00f61 T irq_12
fff00f68 T irq_13
fff00f6f T irq_14
fff00f76 T irq_15
fff00f7d T irq_16
fff00f84 T irq_17
fff00f8b T irq_18
fff00f92 T irq_19
fff00f99 T irq_20
fff00fa0 T irq_21
fff00fa7 T irq_22
fff00fae T irq_23
fff00fb5 T irq_24
fff00fbc T irq_25
fff00fc3 T irq_26
fff00fca T irq_27
fff00fd1 T irq_28
fff00fd8 T irq_29
fff00fdf T irq_30
fff00fe6 T irq_31
fff00fed T irq_32
fff00ff4 T irq_33
fff00ffb T irq_34
fff01002 T irq_35
fff01009 T irq_36
fff01010 T irq_37
fff01017 T irq_38
fff0101e T irq_39
fff01025 T irq_40
fff0102c T irq_41
fff01033 T irq_42
fff0103a T irq_43
fff01041 T irq_44
fff01048 T irq_45
fff0104f T irq_46
fff01056 T irq_47
fff0105d T irq_48
fff01064 T irq_49
fff0106b T irq_50
fff01072 T irq_51
fff01079 T irq_52
fff01080 T irq_53
fff01087 T irq_54
fff0108e T irq_55
fff01095 T irq_56
fff0109c T irq_57
fff010a3 T irq_58
fff010aa T irq_59
fff010b1 T irq_60
fff010b8 T irq_61
fff010bf T irq_62
fff010c6 T irq_63
fff010cd T irq_64
fff010d4 T irq_65
fff010db T irq_66
fff010e2 T irq_67
fff010e9 T irq_68
fff010f0 T irq_69
fff010f7 T irq_70
fff010fe T irq_71
fff01105 T irq_72
fff0110c T irq_73
fff01113 T irq_74
fff0111a T irq_75
fff01121 T irq_76
fff01128 T irq_77
fff0112f T irq_78
fff01136 T irq_79
fff0113d T irq_80
fff01144 T irq_81
fff0114b T irq_82
fff01152 T irq_83
fff01159 T irq_84
fff01160 T irq_85
fff01167 T irq_86
fff0116e T irq_87
fff01175 T irq_88
fff0117c T irq_89
fff01183 T irq_90
fff0118a T irq_91
fff01191 T irq_92
fff01198 T irq_93
fff0119f T irq_94
fff011a6 T irq_95
fff011ad T irq_97
fff011b4 T irq_96
fff011bb T irq_98
fff011c2 T irq_99
fff011c9 T irq_100
fff011d0 T irq_101
fff011d7 T irq_102
fff011de T irq_103
fff011e5 T irq_104
fff011ec T irq_105
fff011f3 T irq_106
fff011fa T irq_107
fff01201 T irq_108
fff01208 T irq_109
fff0120f T irq_110
fff01216 T irq_111
fff0121d T irq_112
fff01224 T irq_113
fff0122b T irq_114
fff01232 T irq_115
fff01239 T irq_116
fff01240 T irq_117
fff01247 T irq_118
fff0124e T irq_119
fff01255 T irq_120
fff0125c T irq_121
fff01263 T irq_122
fff0126a T irq_123
fff01271 T irq_124
fff01278 T irq_125
fff0127f T irq_126
fff01286 T irq_127
fff0128d T irq_128
fff01297 T irq_129
fff012a1 T irq_130
fff012ab T irq_131
fff012b5 T irq_132
fff012bf T irq_133
fff012c9 T irq_134
fff012d3 T irq_135
fff012dd T irq_136
fff012e7 T irq_137
fff012f1 T irq_138
fff012fb T irq_139
fff01305 T irq_140
fff0130f T irq_141
fff01319 T irq_142
fff01323 T irq_143
fff0132d T irq_144
fff01337 T irq_145
fff01341 T irq_146
fff0134b T irq_147
fff01355 T irq_148
fff0135f T irq_149
fff01369 T irq_150
fff01373 T irq_151
fff0137d T irq_152
fff01387 T irq_153
fff01391 T irq_154
fff0139b T irq_155
fff013a5 T irq_156
fff013af T irq_157
fff013b9 T irq_158
fff013c3 T irq_159
fff013cd T irq_160
fff013d7 T irq_161
fff013e1 T irq_162
fff013eb T irq_163
fff013f5 T irq_164
fff013ff T irq_165
fff01409 T irq_166
fff01413 T irq_167
fff0141d T irq_168
fff01427 T irq_169
fff01431 T irq_170
fff0143b T irq_171
fff01445 T irq_172
fff0144f T irq_173
fff01459 T irq_174
fff01463 T irq_175
fff0146d T irq_176
fff01477 T irq_177
fff01481 T irq_178
fff0148b T irq_179
fff01495 T irq_180
fff0149f T irq_181
fff014a9 T irq_182
fff014b3 T irq_183
fff014bd T irq_184
fff014c7 T irq_185
fff014d1 T irq_186
fff014db T irq_187
fff014e5 T irq_188
fff014ef T irq_189
fff014f9 T irq_190
fff01503 T irq_191
fff0150d T irq_192
fff01517 T irq_193
fff01521 T irq_194
fff0152b T irq_195
fff01535 T irq_196
fff0153f T irq_197
fff01549 T irq_198
fff01553 T irq_199
fff0155d T irq_200
fff01567 T irq_201
fff01571 T irq_202
fff0157b T irq_203
fff01585 T irq_204
fff0158f T irq_205
fff01599 T irq_206
fff015a3 T irq_207
fff015ad T irq_208
fff015b7 T irq_209
fff015c1 T irq_210
fff015cb T irq_211
fff015d5 T irq_212
fff015df T irq_213
fff015e9 T irq_214
fff015f3 T irq_215
fff015fd T irq_216
fff01607 T irq_217
fff01611 T irq_218
fff0161b T irq_219
fff01625 T irq_220
fff0162f T irq_221
fff01639 T irq_222
fff01643 T irq_223
fff0164d T irq_224
fff01657 T irq_225
fff01661 T irq_226
fff0166b T irq_227
fff01675 T irq_228
fff0167f T irq_229
fff01689 T irq_230
fff01693 T irq_231
fff0169d T irq_232
fff016a7 T irq_233
fff016b1 T irq_234
fff016bb T irq_235
fff016c5 T irq_236
fff016cf T irq_237
fff016d9 T irq_238
fff016e3 T irq_239
fff016ed T irq_240
fff016f7 T irq_241
fff01701 T irq_242
fff0170b T irq_243
fff01715 T irq_244
fff0171f T irq_245
fff01729 T irq_246
fff01733 T irq_247
fff0173d T irq_248
fff01747 T irq_249
fff01751 T irq_250
fff0175b T irq_251
fff01765 T irq_252
fff0176f T irq_253
fff01779 T irq_254
fff01783 T irq_255
fff01790 T setjmp
fff017a8 T longjmp
fff017ba T x86_init_cache
fff017ba W init_cache
fff017c8 T flush_cache
fff017cb T flush_dcache_range
fff017cc T cpu_vendor_name
fff017e3 T cpu_get_name
fff0182d T show_boot_progress
fff01830 W board_final_init
fff01831 W board_final_cleanup
fff01832 T last_stage_init
fff01877 T cpu_init_r
fff018d7 T reserve_arch
fff018f9 T cpu_x86_bind
fff01952 T cpu_x86_get_vendor
fff0198d T cpu_x86_get_desc
fff019ba T cpu_x86_get_count
fff01a45 T microcode_read_rev
fff01a63 T qemu_get_low_memory_size
fff01a83 T qemu_get_high_memory_size
fff01aa7 T dram_init
fff01af6 T dram_init_banksize
fff01b6e T board_get_usable_ram_top
fff01b8e T arch_cpu_init
fff01b97 T checkcpu
fff01b9a T arch_early_init_r
fff01cef T mp_determine_pci_dstirq
fff01d3c t qemu_x86_fwcfg_read_entry_pio
fff01d5e t qemu_x86_fwcfg_read_entry_dma
fff01d75 T cpu_qemu_get_desc
fff01d8f t cpu_qemu_get_count
fff01d94 T install_e820_map
fff01e94 T lapic_read
fff01e9b T lapic_write
fff01ea2 T enable_lapic
fff01ec1 T lapicid
fff01eca T lapic_setup
fff01f3c T io_apic_read
fff01f47 T qemu_cpu_fixup
fff0208e T pirq_check_irq_routed
fff02149 T pirq_translate_link
fff0218b T pirq_assign_irq
fff02233 T irq_router_probe
fff0266f T mp_run_on_cpus
fff026b0 t get_bsp
fff0271f T mp_first_cpu
fff02773 T mp_next_cpu
fff02779 T mp_init
fff02b90 t find_cpu_by_apic_id
fff02bec t mp_init_cpu
fff02c1b t ap_wait_for_instruction
fff02c1e t ap_init
fff02c9f t apic_wait_timeout
fff02ce6 T mtrr_open
fff02d2e T mtrr_close
fff02d68 T mtrr_read_all
fff02db2 T mtrr_get_var_count
fff02dbd T mtrr_write_all
fff02e25 T mtrr_commit
fff02f82 t h_comp_mtrr
fff02fa3 T mtrr_set_valid
fff02fc5 t mtrr_start_op
fff03001 T mtrr_set
fff03040 t read_mtrrs
fff03045 t write_mtrrs
fff0304a t mtrr_do_oper
fff030ab T pci_x86_read_config
fff03105 T pci_x86_write_config
fff0315d T pci_assign_irqs
fff031e6 T arch_setup_gd
fff032bf t setup_identity
fff033d0 T x86_cpu_init_f
fff03495 T x86_enable_caches
fff03495 W enable_caches
fff034a3 T x86_disable_caches
fff034a3 W disable_caches
fff034b3 T dcache_status
fff034c0 T cpu_has_64bit
fff03506 T cpu_jump_to_64bit
fff0354b t build_pagetable
fff035a0 T x86_mp_init
fff035c2 T x86_get_idt
fff035c8 T enable_interrupts
fff035ca T disable_interrupts
fff035da T interrupt_init
fff0366c T irq_llsr
fff03688 t do_exception
fff036b4 t dump_regs
fff0383b T memset
fff03881 T memcpy
fff038c0 T memmove
fff03a35 T bootm_announce_and_cleanup
fff03a5b T boot_linux_kernel
fff03aa7 T do_bootm_linux
fff03bcd T efi_add_known_memory
fff03c6e T init_cache_f_r
fff03c9e T irq_install_handler
fff03d27 T irq_free_handler
fff03d76 T do_irq
fff03def T mp_write_floating_table
fff03e2e T mp_config_table_init
fff03e92 T mp_write_processor
fff03f53 T mptable_finalize
fff03f8f T write_mp_table
fff0429e T i8259_init
fff0430c T unmask_irq
fff04332 T mask_irq
fff04356 T specific_eoi
fff04370 T i8254_init
fff04387 T pirq_route_irqs
fff044ca T copy_pirq_routing_table
fff04517 T write_pirq_routing_table
fff0453a T copy_uboot_to_ram
fff0456e T clear_bss
fff045a6 T do_elf_reloc_fixups
fff04648 T acpi_find_fadt
fff046d2 T enter_acpi_mode
fff046dc T table_fill_string
fff04705 T write_tables
fff04770 T load_zimage
fff0495d t get_boot_protocol
fff0499e T setup_zimage
fff04bd8 T do_zboot_dump
fff05259 t print_flags
fff052b2 T do_zboot_parent
fff05366 T android_bootloader_boot_kernel
fff0543a t hex_to_str
fff05491 t complete_zboot
fff054bd t do_zboot_start
fff05596 t do_zboot_load
fff05631 t do_zboot_setup
fff05684 t do_zboot_info
fff056a6 t do_zboot_go
fff056d8 T do_bootm
fff057a4 T do_bootd
fff057bf t do_help
fff05803 t do_panic
fff0581f t do_version
fff0585a t do_ab_select
fff058ed T blk_common_cmd
fff05bc7 t do_source
fff05c1e t do_boot_android
fff05d24 T efi_run_image
fff05e8b t do_bootefi_exec
fff05f13 t do_bootefi
fff06000 T efi_set_bootdev
fff06086 W bootz_setup
fff0609a T do_bootz
fff06176 T mk_date
fff063a5 t do_date
fff064f9 t do_echo
fff06589 t do_exit
fff065b6 T do_fat_size
fff065c8 T do_fat_fsload
fff065da t do_fat_ls
fff065ec t do_fat_fsinfo
fff06677 t do_fat_fswrite
fff06689 t do_fat_rm
fff0669b t do_fat_mkdir
fff066ad T set_working_fdt_addr
fff066be t do_fdt
fff07621 t fdt_valid
fff076c9 t is_printable_string
fff07728 t print_data
fff07888 t do_size_wrapper
fff0789a t do_load_wrapper
fff078ac t do_save_wrapper
fff078be t do_ls_wrapper
fff078d0 t do_ln_wrapper
fff078e2 t do_fstype_wrapper
fff078e7 t do_fstypes_wrapper
fff078ec t do_itest
fff0795a t binary_test
fff07a7f t evalstr
fff07acf t evalexp
fff07b34 t do_sleep
fff07bfb t do_part
fff07f75 t do_part_info
fff0808f T pci_bar_show
fff0824d T pci_header_show
fff082fb t pci_show_regs
fff08381 T pciinfo_header
fff083b8 t do_pci
fff08995 t pci_cfg_modify
fff08a96 T do_read
fff08bd8 t do_setexpr
fff08d12 t get_arg
fff08d57 t regex_sub
fff0903d t substitute
fff09102 t do_test
fff09390 t do_false
fff09394 t do_true
fff09397 t do_virtio
fff093da t do_gpt
fff095dc t gpt_verify
fff096e5 t set_gpt_info
fff09bf6 t extract_val
fff09c71 t extract_env
fff09d05 T do_avb_init
fff09d55 T do_avb_read_part
fff09e1b T do_avb_read_part_hex
fff09f3f T do_avb_write_part
fff09feb T do_avb_read_rb
fff0a066 T do_avb_write_rb
fff0a0e2 T do_avb_get_uuid
fff0a14d T do_avb_verify_part
fff0a2aa T do_avb_is_unlocked
fff0a314 t do_avb
fff0a36b t do_mtrr
fff0a699 t read_mtrrs
fff0a69e T env_set
fff0a6f4 t _do_env_set
fff0a871 T env_set_ulong
fff0a88b T env_set_hex
fff0a8b7 T env_get_hex
fff0a8f5 T env_get
fff0a966 T env_get_f
fff0aa39 T env_match
fff0aa84 T env_get_ulong
fff0aaaa t do_env_save
fff0aabf t do_env
fff0ab0a t do_env_edit
fff0abe2 t do_env_print
fff0ac7d t do_env_set
fff0ac9d t do_env_default
fff0ad54 t do_env_delete
fff0ade1 t do_env_export
fff0afea t do_env_import
fff0b277 t do_env_exists
fff0b2bf t env_print
fff0b36d T board_init_f_alloc_reserve
fff0b376 T board_init_f_init_reserve
fff0b3a6 T main_loop
fff0b3f1 T get_version
fff0b3f7 T jumptable_init
fff0b5fa t dummy
fff0b5fb t mdelay
fff0b606 T get_local_var
fff0b66b T set_local_var
fff0b7a1 T parse_string_outer
fff0b867 t parse_stream_outer
fff0becd T parse_file_outer
fff0beff T u_boot_hush_start
fff0bf41 t do_showvar
fff0c020 t static_peek
fff0c026 t static_get
fff0c03b t done_word
fff0c2c0 t done_pipe
fff0c2fb t file_peek
fff0c301 t free_pipe_list
fff0c3cb t new_pipe
fff0c3fe t done_command
fff0c46f t b_addqchr
fff0c4b1 t b_addchr
fff0c506 t run_list_real
fff0cdaa t insert_var_value_sub
fff0d034 t file_get
fff0d1bc T bootdelay_process
fff0d26d T autoboot_command
fff0d375 W board_add_ram_info
fff0d376 W mach_cpu_init
fff0d379 W arch_reserve_mmu
fff0d37c W arch_reserve_stacks
fff0d37f W arch_setup_bdinfo
fff0d382 T setup_bdinfo
fff0d38d W arch_cpu_init_dm
fff0d390 T board_init_f
fff0d3fa T board_init_f_r
fff0d476 t setup_mon_len
fff0d486 t log_init
fff0d489 t log_init
fff0d48c t initf_bootstage
fff0d49f t setup_spl_handoff
fff0d4a2 t initf_console_record
fff0d4a5 t initf_dm
fff0d4ad t init_baud_rate
fff0d4d4 t display_text_info
fff0d4d7 t print_resetinfo
fff0d523 t announce_dram_init
fff0d536 t setup_dest_addr
fff0d586 t reserve_round_4k
fff0d596 t reserve_video
fff0d599 t reserve_trace
fff0d59c t reserve_uboot
fff0d5de t reserve_malloc
fff0d5fb t reserve_board
fff0d64f t setup_machine
fff0d652 t reserve_global_data
fff0d682 t reserve_fdt
fff0d6ea t reserve_bootstage
fff0d6ed t reserve_bloblist
fff0d6f0 t reserve_stacks
fff0d711 t show_dram_config
fff0d75c t display_new_sp
fff0d75f t reloc_fdt
fff0d7ba t reloc_bootstage
fff0d7bd t reloc_bloblist
fff0d7c0 t setup_reloc
fff0d806 t jump_to_copy
fff0d837 W cpu_secondary_init_r
fff0d838 W power_init_board
fff0d83b T board_init_r
fff0d8a1 t initr_trace
fff0d8a4 t initr_reloc
fff0d8b4 t initr_reloc_global_data
fff0d8e6 t initr_barrier
fff0d8e9 t initr_malloc
fff0d90b t initr_bootstage
fff0d91e t initr_console_record
fff0d921 t initr_of_live
fff0d924 t initr_dm
fff0d952 t initr_binman
fff0d957 t initr_dm_devices
fff0d95a t initr_announce
fff0d95d t initr_env
fff0d9bd t initr_secondary_cpu
fff0d9cb t initr_pci
fff0d9d9 t initr_jumptable
fff0d9e7 t run_main_loop
fff0d9f1 W checkboard
fff0d9f4 W show_board_info
fff0da2f W board_quiesce_devices
fff0da30 T bootm_find_images
fff0db3f T bootm_disable_interrupts
fff0db44 T do_bootm_states
fff0e133 W switch_to_non_secure_mode
fff0e134 W arch_preboot_os
fff0e135 W board_preboot_os
fff0e136 T boot_selected_os
fff0e183 T bootm_os_get_boot_func
fff0e18b t do_bootm_standalone
fff0e1ce T fdt_find_and_setprop
fff0e220 T fdt_find_or_add_subnode
fff0e26f T fdt_root
fff0e2f7 T fdt_initrd
fff0e494 T fdt_chosen
fff0e535 T do_fixup_by_path
fff0e574 T fdt_fixup_memory_banks
fff0e6cb t fdt_pack_reg
fff0e7a7 T fdt_fixup_memory
fff0e7cb T fdt_fixup_ethernet
fff0e936 T fdt_shrink_to_minimum
fff0e9ee T fdt_support_default_count_cells
fff0ea3f T fdt_translate_address
fff0ea5a t __of_translate_address
fff0ecca t of_bus_default_map
fff0ed7a t of_bus_default_translate
fff0edd8 T cli_readline
fff0edeb T cli_readline_into_buffer
fff0f69c t delete_char
fff0f744 t cread_add_char
fff0f802 T cli_simple_process_macros
fff0fa04 t on_console
fff0faa8 T console_puts_select
fff0faf5 T fputs
fff0fb07 T getchar
fff0fb47 T tstc
fff0fb6f T putc
fff0fbb3 T puts
fff0fbe9 T ctrlc
fff0fc2a T disable_ctrlc
fff0fc38 T had_ctrlc
fff0fc40 T clear_ctrlc
fff0fc48 T console_assign
fff0fc7e t console_setfile
fff0fd15 T console_announce_r
fff0fd42 T console_init_f
fff0fd52 T console_init_r
fff0fe6d T sbrk
fff0feab T mem_malloc_init
fff0fec6 T malloc
fff10462 T free
fff10646 T malloc_trim
fff10708 T realloc
fff10b3e T memalign
fff10c96 T calloc
fff10d63 T initf_malloc
fff10d8c T malloc_simple
fff10d96 t alloc_simple
fff10e06 T memalign_simple
fff10e0f T image_multi_getimg
fff10e66 T image_decomp
fff10f7f t on_loadaddr
fff10fa6 T env_get_bootm_low
fff10fcc T env_get_bootm_size
fff1106b T env_get_bootm_mapsize
fff11093 T genimg_get_os_name
fff110b8 T genimg_get_comp_name
fff110dd T genimg_get_kernel_addr_fit
fff110f3 T genimg_get_format
fff1111f T genimg_has_config
fff11122 T boot_get_ramdisk
fff11221 T boot_ramdisk_high
fff1133c T boot_get_setup
fff11342 T image_setup_linux
fff11399 T ab_select_slot
fff11761 T android_image_get_kernel
fff1176c T android_image_check_header
fff1176f T android_image_get_end
fff11772 T android_image_get_kload
fff11776 T android_image_get_kcomp
fff11779 T android_image_get_ramdisk
fff11791 T android_image_get_kernel_cmdline
fff11795 T android_image_is_bootconfig_used
fff117a0 T android_image_load
fff11d98 T android_image_get_second
fff11d9c T android_image_get_dtb_by_index
fff11d9f T android_bootloader_boot_flow
fff121e9 t android_part_get_info_by_name_suffix
fff1225d T boot_fdt_add_mem_rsv_regions
fff1236d t boot_fdt_reserve_region
fff123bf T boot_relocate_fdt
fff12582 T boot_get_fdt
fff1277c W ft_verify_fdt
fff12780 W arch_fixup_fdt
fff12783 T image_setup_libfdt
fff12885 W get_effective_memsize
fff12893 T stdio_get_list
fff12899 T stdio_get_by_name
fff128cc T stdio_clone
fff128fe T stdio_register_dev
fff12940 T stdio_init_tables
fff12952 T stdio_add_devices
fff129d1 t stdio_serial_putc
fff129d8 t stdio_serial_puts
fff129df t stdio_serial_getc
fff129e4 t stdio_serial_tstc
fff129e9 T run_command
fff129f5 T run_command_list
fff12a52 T do_run
fff12aa7 T cli_process_fdt
fff12ae5 T cli_secure_boot_cmd
fff12b46 T cli_loop
fff12b5a T cli_init
fff12b5f T _do_help
fff12c99 T find_cmd_tbl
fff12d2e T cmd_usage
fff12d82 T find_cmd
fff12db6 T var_complete
fff12e15 T complete_subcmdv
fff12f87 T cmd_auto_complete
fff13326 T cmd_get_data_size
fff13381 T cmd_always_repeatable
fff1339e T cmd_never_repeatable
fff133bb T cmd_discard_repeatable
fff133d3 T cmd_process
fff13513 T avb_set_state
fff13530 T append_cmd_line
fff13555 T avb_ops_alloc
fff135c4 t read_from_partition
fff135e8 t write_to_partition
fff1360a t validate_vbmeta_public_key
fff13650 t read_rollback_index
fff1367d t write_rollback_index
fff13698 t read_is_device_unlocked
fff136bd t get_unique_guid_for_partition
fff136fd t get_size_of_partition
fff13737 T avb_ops_free
fff1376d t blk_byte_io
fff13a46 t get_partition
fff13ad9 t blk_read_and_flush
fff13bac t blk_write
fff13c5f T blk_get_dev
fff13c74 t get_dev_hwpart
fff13c9b T dev_print
fff13e37 T part_init
fff13eb3 T part_print
fff13f27 t part_driver_lookup_type
fff13ff2 T part_get_info
fff1403b T part_get_info_whole_disk
fff1407b T blk_get_device_by_str
fff14162 T blk_get_device_part_str
fff144b8 T part_get_info_by_name_type
fff1451a T part_get_info_by_name
fff14526 T part_get_info_by_dev_and_name_or_num
fff145f7 T part_set_generic_name
fff1462e T part_print_dos
fff14658 t print_partition_extended
fff14848 T part_get_info_dos
fff1486a t part_get_info_extended
fff14aa8 t test_block_type
fff14b2e t part_test_dos
fff14bab T part_get_info_iso_verb
fff14f4e t part_get_info_iso
fff14f61 t part_print_iso
fff14ff8 t part_test_iso
fff15018 T get_disk_guid
fff15096 t find_valid_gpt
fff15133 T part_print_efi
fff1530e t is_pte_valid
fff1535f T part_get_info_efi
fff154fa T write_gpt_table
fff1560d t set_protective_mbr
fff156ec T gpt_fill_pte
fff15914 T gpt_fill_header
fff159f1 T gpt_restore
fff15af8 T gpt_verify_headers
fff15b61 t is_gpt_valid
fff15d86 T gpt_verify_partitions
fff15f09 t validate_gpt_header
fff16018 t validate_gpt_entries
fff16053 t part_test_efi
fff160e0 T device_bind_with_driver_data
fff16105 t device_bind_common
fff163e2 T device_bind_ofnode
fff16407 T device_bind_by_name
fff16466 T device_ofdata_to_platdata
fff16549 t alloc_priv
fff1659a T device_probe
fff16687 T device_get_uclass_id
fff16691 T dev_get_platdata
fff166b8 T dev_get_parent_platdata
fff166df T dev_get_uclass_platdata
fff16706 T dev_get_priv
fff1672d T dev_get_uclass_priv
fff16754 T dev_get_parent_priv
fff1677b T device_find_first_child
fff16795 T device_find_next_child
fff167b4 T dev_get_driver_data
fff167b8 T device_set_name_alloced
fff167bd T device_set_name
fff167e3 T devfdt_get_addr_index
fff16896 T devfdt_get_addr
fff1689d T devfdt_get_addr_pci
fff16914 T lists_driver_lookup_name
fff1698a T lists_uclass_lookup
fff169e4 T lists_bind_drivers
fff16aba T device_bind_driver
fff16adc T device_bind_driver_to_node
fff16b7e T lists_bind_fdt
fff16d53 T dm_root
fff16d7f T dm_init
fff16df3 T dm_remove_devices_flags
fff16e2c T dm_scan_platdata
fff16e56 T dm_scan_fdt_dev
fff16e95 t dm_scan_fdt_node
fff16f1d T dm_extended_scan_fdt
fff16f92 W dm_scan_other
fff16f95 T dm_init_and_scan
fff16fd9 T uclass_find
fff1702a T uclass_get
fff1712e T uclass_find_device
fff17173 T uclass_find_first_device
fff171a4 T uclass_find_next_device
fff171c1 T uclass_find_device_by_seq
fff17222 T uclass_find_device_by_of_offset
fff17266 T uclass_find_device_by_ofnode
fff172aa T uclass_get_device
fff172d8 T uclass_get_device_by_seq
fff1732c T uclass_get_device_by_of_offset
fff1735a T uclass_get_device_by_ofnode
fff17388 T uclass_first_device
fff173c9 T uclass_first_device_err
fff173ea T uclass_next_device
fff17420 T uclass_first_device_check
fff17466 T uclass_next_device_check
fff1748b T uclass_first_device_drvdata
fff174f0 T uclass_bind_device
fff17547 T uclass_unbind_device
fff1757a T uclass_resolve_seq
fff17625 T uclass_pre_probe_device
fff17665 T uclass_post_probe_device
fff176a3 T uclass_pre_remove_device
fff176bf T dm_warn
fff176d7 T pci_get_devfn
fff1770c T devres_release_probe
fff17724 t release_nodes
fff17778 T devres_release_all
fff17790 T device_remove
fff178d4 T device_free
fff17945 t simple_bus_post_bind
fff1798e t init_range
fff179e5 T regmap_init_mem
fff17b30 T syscon_get_by_driver_data
fff17b44 t syscon_pre_probe
fff17b74 T ofnode_read_u32_index
fff17bc6 T ofnode_read_u32_default
fff17be1 T ofnode_read_bool
fff17c06 T ofnode_get_property
fff17c26 T ofnode_read_string
fff17c63 T ofnode_read_size
fff17c92 T ofnode_find_subnode
fff17cb7 T ofnode_read_u32_array
fff17cdd T ofnode_first_subnode
fff17d02 T ofnode_next_subnode
fff17d27 T ofnode_get_parent
fff17d44 T ofnode_get_name
fff17d5d T ofnode_read_simple_addr_cells
fff17d6d T ofnode_read_simple_size_cells
fff17d7d T ofnode_path
fff17da2 T ofnode_get_chosen_node
fff17e0b T ofnode_is_available
fff17e27 T ofnode_read_pci_addr
fff17eca T ofnode_read_pci_vendev
fff17f94 T ofnode_pre_reloc
fff18024 T sysreset_get_status
fff18042 T sysreset_walk
fff180b2 T sysreset_walk_halt
fff180da T do_reset
fff180fb t sysreset_post_bind
fff180fe T pch_sysreset_power_off
fff18181 t x86_sysreset_probe
fff1819b t x86_sysreset_request
fff181d9 t x86_sysreset_get_last
fff181df T pci_get_bus
fff18222 T pci_get_controller
fff1825b T dm_pci_get_bdf
fff18292 t pci_get_bus_max
fff182ce T pci_bus_find_devfn
fff18323 T dm_pci_bus_find_bdf
fff1834e T pci_write_config
fff1839e T dm_pci_write_config
fff18414 T pci_write_config32
fff18427 T pci_write_config16
fff1843a T pci_write_config8
fff1844d T dm_pci_write_config8
fff18460 T dm_pci_write_config16
fff18473 T dm_pci_write_config32
fff18486 T pci_read_config
fff184d5 T dm_pci_read_config
fff1854a T pci_read_config16
fff18571 T pci_read_config8
fff18596 T dm_pci_read_config8
fff185bb T dm_pci_read_config16
fff185e2 T dm_pci_read_config32
fff18607 T pci_auto_config_devices
fff186fc T dm_pci_hose_probe_bus
fff18773 T dm_pci_find_capability
fff187e0 T pci_bind_bus_devices
fff18c5a T dm_pci_read_bar32
fff18c96 T dm_pci_bus_to_phys
fff18d30 t _dm_pci_bus_to_phys
fff18db3 T dm_pci_map_bar
fff18ec6 T dm_pci_find_next_capability
fff18edc t _dm_pci_find_next_capability
fff18f67 t pci_uclass_pre_probe
fff191de t pci_uclass_post_probe
fff19226 t pci_uclass_child_post_bind
fff19257 T pci_init
fff19287 t pci_bridge_read_config
fff192b8 t pci_bridge_write_config
fff192ea T dm_pciauto_setup_device
fff1952f T dm_pciauto_prescan_setup_bridge
fff196e9 T dm_pciauto_postscan_setup_bridge
fff197dd T dm_pciauto_config_device
fff19885 t _pci_x86_read_config
fff198a4 t _pci_x86_write_config
fff198c3 T setup_video
fff19972 T pciauto_region_align
fff1997e T pciauto_region_allocate
fff199b6 T pciauto_config_init
fff19a92 T pci_class_str
fff19aa9 T timer_get_count
fff19acf T timer_get_rate
fff19ad5 T dm_timer_init
fff19b99 t timer_pre_probe
fff19bc2 t timer_post_probe
fff19bdb T get_timer
fff19c19 T timer_get_us
fff19c4b T __udelay
fff19cad t tsc_timer_ensure_setup
fff19ff0 t tsc_timer_probe
fff1a039 t tsc_timer_get_count
fff1a04f T virtio_get_config
fff1a069 T virtio_generation
fff1a080 T virtio_reset
fff1a08b T virtio_find_vqs
fff1a09f T virtio_notify
fff1a0ac T virtio_add_status
fff1a0de T virtio_finalize_features
fff1a137 T virtio_driver_features_init
fff1a150 T virtio_init
fff1a185 t virtio_uclass_pre_probe
fff1a1d3 t virtio_uclass_post_probe
fff1a27b t virtio_uclass_child_post_bind
fff1a28c t virtio_uclass_child_pre_probe
fff1a480 t virtio_uclass_child_post_probe
fff1a493 T virtqueue_add
fff1a6c6 T virtqueue_kick
fff1a72f T virtqueue_get_buf
fff1a86c T vring_create_virtqueue
fff1aa28 T vring_del_virtqueue
fff1aa52 T virtqueue_get_vring_size
fff1aa56 T virtqueue_get_desc_addr
fff1aa5a T virtqueue_get_avail_addr
fff1aa5e T virtqueue_get_used_addr
fff1aa62 t virtio_pci_bind
fff1aa9e t virtio_pci_bind
fff1aada t virtio_pci_probe
fff1ab9f t virtio_pci_probe
fff1acce t virtio_pci_get_config
fff1ad01 t virtio_pci_get_config
fff1ae24 t virtio_pci_set_config
fff1ae57 t virtio_pci_set_config
fff1afb1 t virtio_pci_get_status
fff1afd7 t virtio_pci_get_status
fff1affd t virtio_pci_set_status
fff1b047 t virtio_pci_set_status
fff1b091 t virtio_pci_reset
fff1b0c8 t virtio_pci_reset
fff1b111 t virtio_pci_get_features
fff1b13b t virtio_pci_get_features
fff1b1aa t virtio_pci_set_features
fff1b200 t virtio_pci_set_features
fff1b28a t virtio_pci_find_vqs
fff1b368 t virtio_pci_find_vqs
fff1b548 t virtio_pci_del_vqs
fff1b5a7 t virtio_pci_del_vqs
fff1b606 t virtio_pci_notify
fff1b632 t virtio_pci_notify
fff1b691 t virtio_pci_find_capability
fff1b706 t virtio_pci_map_capability
fff1b752 t virtio_pci_generation
fff1b77b t virtio_blk_bind
fff1b80f t virtio_blk_probe
fff1b89f t virtio_blk_read
fff1b8ba t virtio_blk_write
fff1b8d5 t virtio_blk_do_req
fff1b9a6 t virtio_rng_bind
fff1b9cc t virtio_rng_probe
fff1b9f1 t virtio_rng_read
fff1ba8c T blk_get_if_type_name
fff1ba94 T blk_get_devnum_by_typename
fff1bb43 T blk_list_part
fff1bbad t get_desc
fff1bc58 T blk_print_part_devnum
fff1bc89 T blk_list_devices
fff1bcdb T blk_print_device_num
fff1bd17 T blk_show_device
fff1bd7f T blk_read_devnum
fff1bdb2 T blk_dread
fff1be30 T blk_write_devnum
fff1be63 T blk_dwrite
fff1bea7 T blk_dselect_hwpart
fff1bec5 T blk_find_device
fff1bf34 T blk_find_max_devnum
fff1bf8e T blk_next_free_devnum
fff1bfb0 T blk_create_device
fff1c123 t blk_post_probe
fff1c136 T blkcache_read
fff1c1fc T blkcache_fill
fff1c32e T blkcache_invalidate
fff1c38a T cpu_get_desc
fff1c3a7 T cpu_get_count
fff1c3bb T cpu_get_vendor
fff1c3d9 t uclass_cpu_init
fff1c425 T irq_snapshot_polarities
fff1c439 T irq_first_device_type
fff1c447 T write_acpi_tables
fff1c7a7 T qemu_fwcfg_read_firmware_list
fff1c867 T qemu_fwcfg_read_entry
fff1c8c5 T acpi_get_rsdp_addr
fff1c8f8 T qemu_fwcfg_online_cpus
fff1c927 T qemu_fwcfg_init
fff1c9a6 T pch_ioctl
fff1c9cb t pch7_get_spi_base
fff1c9f4 t pch7_set_spi_protect
fff1ca36 t pch7_get_gpio_base
fff1ca73 t pch9_get_spi_base
fff1ca97 t pch9_get_gpio_base
fff1cad4 t pch9_get_io_base
fff1cb11 T dm_rtc_get
fff1cb24 T dm_rtc_set
fff1cb38 T dm_rtc_reset
fff1cb4c t rtc_mc146818_probe
fff1cb6d t rtc_mc146818_get
fff1cc62 t rtc_mc146818_set
fff1cd7e t rtc_mc146818_reset
fff1cda9 t rtc_mc146818_read8
fff1cdc5 t rtc_mc146818_write8
fff1cde4 T dm_rng_read
fff1ce01 T serial_init
fff1cf4b T serial_setbrg
fff1cf8a T serial_initialize
fff1cf98 T serial_putc
fff1cfec T serial_puts
fff1d04b T serial_getc
fff1d084 T serial_tstc
fff1d0b7 T serial_stdio_init
fff1d0b8 t on_baudrate
fff1d194 t serial_post_probe
fff1d22e t serial_pre_remove
fff1d231 t serial_stub_putc
fff1d26d t serial_stub_puts
fff1d2b4 t serial_stub_getc
fff1d2d5 t serial_stub_tstc
fff1d2ed T NS16550_init
fff1d373 t NS16550_setbrg
fff1d3e4 T ns16550_serial_probe
fff1d433 T ns16550_serial_ofdata_to_platdata
fff1d4e8 t ns16550_serial_setbrg
fff1d51e t ns16550_serial_getc
fff1d559 t ns16550_serial_putc
fff1d597 t ns16550_serial_pending
fff1d5d1 t ns16550_serial_setconfig
fff1d61b t ns16550_serial_getinfo
fff1d65a T env_get_yesno
fff1d697 T env_get_default
fff1d6e6 T env_set_default
fff1d767 T env_set_default_vars
fff1d7a0 T env_import
fff1d847 T env_export
fff1d8ae T env_relocate
fff1d8de T env_complete
fff1da63 W env_get_location
fff1da6e W env_get_char_spec
fff1da7d T env_get_char
fff1da96 T env_load
fff1dbbc T env_save
fff1dca5 T env_init
fff1ddce T env_attr_walk
fff1decb T env_attr_lookup
fff1df32 t regex_callback
fff1e072 T env_flags_parse_vartype
fff1e0b8 T env_flags_parse_varaccess
fff1e101 T env_flags_init
fff1e199 t on_flags
fff1e1d4 T env_flags_validate
fff1e3b5 t clear_flags
fff1e3bf t set_flags
fff1e42c T env_callback_init
fff1e506 t on_callbacks
fff1e541 t clear_callback
fff1e54b t set_callback
fff1e5f3 t env_raw_disk_load
fff1e6b1 t env_raw_disk_save
fff1e765 T fs_get_type
fff1e76b T fs_set_blk_dev
fff1e7f5 T fs_set_blk_dev_with_part
fff1e875 T fs_close
fff1e89c T fs_exists
fff1e8de T fs_size
fff1e920 T fs_read
fff1e986 T fs_write
fff1ea15 T fs_opendir
fff1ea89 T fs_readdir
fff1eaf0 T fs_closedir
fff1eb40 T fs_unlink
fff1eb82 T fs_mkdir
fff1ebc4 T fs_ln
fff1ec26 T do_size
fff1ecac T do_load
fff1f042 T do_ls
fff1f0d5 T file_exists
fff1f12c T do_save
fff1f290 T do_fs_type
fff1f31c T do_rm
fff1f389 T do_mkdir
fff1f410 T do_ln
fff1f453 T do_fs_types
fff1f4bb t fs_ls_generic
fff1f56b t fs_uuid_unsupported
fff1f56f t fs_ln_unsupported
fff1f573 t fs_probe_unsupported
fff1f589 t fs_ls_unsupported
fff1f58d t fs_exists_unsupported
fff1f590 t fs_size_unsupported
fff1f594 t fs_read_unsupported
fff1f598 t fs_write_unsupported
fff1f59c t fs_close_unsupported
fff1f59d t fs_opendir_unsupported
fff1f5a3 t fs_unlink_unsupported
fff1f5a7 t fs_mkdir_unsupported
fff1f5ab T fat_set_blk_dev
fff1f672 T file_fat_detectfs
fff1f6f4 t read_bootsectandvi
fff1f801 T fat_exists
fff1f863 t fat_itr_root
fff1f9cd t fat_itr_resolve
fff1fb3b T fat_size
fff1fbe5 T file_fat_read_at
fff1fff9 T fat_read_file
fff2003c T fat_opendir
fff200ce T fat_readdir
fff2013b t fat_itr_next
fff2039a T fat_closedir
fff203b6 T fat_close
fff203b7 T file_fat_write_at
fff20680 t split_filename
fff20723 t normalize_longname
fff207c3 t find_directory_entry
fff20846 t set_name
fff2093a t fill_dir_slot
fff20b73 t set_contents
fff215fc t flush_dirty_fat_buffer
fff21679 t flush_dir
fff216e0 T file_fat_write
fff21705 T fat_unlink
fff21984 T fat_mkdir
fff21d13 t fat_itr_child
fff21d62 t get_fatent
fff21ed7 t get_cluster
fff2206e t next_dent
fff2218d t downcase
fff221b9 t new_dir_table
fff2226a t set_fatent_value
fff2240e t clear_fatent
fff22472 t determine_fatent
fff224a1 t disk_write
fff22500 t set_sectors
fff22643 T efi_driver_init
fff2271b t efi_uc_init
fff22730 t efi_uc_destroy
fff22745 t efi_uc_supported
fff227de t efi_uc_start
fff2288d t efi_uc_stop
fff22997 t check_node_type
fff229f0 t disconnect_child
fff22a45 t efi_bl_read
fff22a93 t efi_bl_write
fff22ae1 t efi_bl_bind
fff22bf3 T efi_set_load_options
fff22c7d T efi_deserialize_load_option
fff22d02 T efi_bootmgr_load
fff22e45 t try_load_entry
fff2300d t get_var
fff23070 T __efi_entry_check
fff23086 T __efi_exit_check
fff23092 T efi_save_gd
fff23093 T efi_restore_gd
fff23094 T efi_signal_event
fff23126 t efi_queue_event
fff2318b T efi_add_handle
fff231af T efi_create_handle
fff231f7 T efi_search_protocol
fff2325d T efi_search_obj
fff2327e T efi_remove_protocol
fff232be T efi_remove_all_protocols
fff23309 T efi_delete_handle
fff23335 T efi_create_event
fff23448 T efi_create_event_ex
fff234a5 T efi_timer_check
fff2351e t efi_process_event_queue
fff23595 T efi_set_timer
fff2366e T efi_add_protocol
fff23791 T efi_install_configuration_table
fff238b6 T efi_setup_loaded_image
fff239da T efi_load_image
fff23cb8 T efi_close_protocol
fff23d73 T efi_locate_handle_buffer
fff23e12 t efi_locate_handle
fff23f4e T efi_install_multiple_protocol_interfaces
fff2408c t efi_locate_device_path
fff241ae t efi_install_protocol_interface
fff24201 t efi_uninstall_protocol_interface
fff24254 T efi_start_image
fff24374 t efi_open_protocol
fff24626 T efi_unload_image
fff246f1 t efi_delete_image
fff24775 T efi_handle_protocol
fff24797 T efi_initialize_system_table
fff247f9 t efi_uninstall_protocol
fff248be t efi_disconnect_all_drivers
fff24a26 t efi_disconnect_controller
fff24c8a t efi_raise_tpl
fff24ca8 t efi_restore_tpl
fff24cd7 t efi_allocate_pages_ext
fff24d04 t efi_free_pages_ext
fff24d28 t efi_get_memory_map_ext
fff24d5e t efi_allocate_pool_ext
fff24d82 t efi_free_pool_ext
fff24d9e t efi_create_event_ext
fff24dd6 t efi_set_timer_ext
fff24e08 t efi_wait_for_event
fff24ec5 t efi_signal_event_ext
fff24f15 t efi_close_event
fff25001 t efi_check_event
fff25064 t efi_reinstall_protocol_interface
fff250c9 t efi_register_protocol_notify
fff25152 t efi_locate_handle_ext
fff25189 t efi_install_configuration_table_ext
fff251a9 t efi_exit
fff252b0 t efi_exit_boot_services
fff253f5 t efi_get_next_monotonic_count
fff25449 t efi_stall
fff25494 t efi_set_watchdog_timer
fff254b0 t efi_connect_controller
fff25681 t efi_open_protocol_information
fff2575e t efi_protocols_per_handle
fff2580f t efi_locate_protocol
fff2590d t efi_uninstall_multiple_protocol_interfaces
fff25a06 t efi_calculate_crc32
fff25a4f t efi_copy_mem
fff25a73 t efi_set_mem
fff25a98 t efi_bind_controller
fff25b4e t efi_cout_reset
fff25ba3 t efi_cout_output_string
fff25cd8 t efi_cout_test_string
fff25ceb t efi_cout_query_mode
fff25d42 t efi_cout_set_mode
fff25da9 t efi_cout_set_attribute
fff25e03 t efi_cout_clear_screen
fff25e2e t efi_cout_set_cursor_position
fff25e9d t efi_cout_enable_cursor
fff25edb T set_shift_mask
fff25f28 t efi_cin_reset
fff25f52 t efi_cin_read_key_stroke
fff25faa T efi_console_register
fff26272 t efi_key_notify
fff26287 t efi_console_timer_notify
fff2629c t efi_cin_empty_buffer
fff262ba t efi_cin_check
fff26574 t analyze_modifiers
fff265d6 t term_get_char
fff2660e t efi_cin_reset_ex
fff26638 t efi_cin_read_key_stroke_ex
fff266e9 t efi_cin_set_state
fff266ff t efi_cin_register_key_notify
fff26784 t efi_cin_unregister_key_notify
fff267d9 T efi_dp_next
fff267f8 T efi_dp_match
fff2687c T efi_dp_find_obj
fff268ba t find_obj
fff26a29 T efi_dp_last_node
fff26a50 T efi_dp_instance_size
fff26a79 T efi_dp_size
fff26a98 T efi_dp_dup
fff26ae3 t dp_alloc
fff26b10 T efi_dp_append
fff26baf T efi_dp_append_node
fff26c62 T efi_dp_create_device_node
fff26c9a T efi_dp_append_instance
fff26d76 T efi_dp_get_next_instance
fff26e08 T efi_dp_is_multi_instance
fff26e29 T efi_dp_from_part
fff26e67 t dp_part_size
fff26eb3 t dp_part_fill
fff26f01 T efi_dp_part_node
fff26f37 t dp_part_node
fff2701c T efi_dp_from_file
fff27106 T efi_dp_from_mem
fff27149 T efi_dp_split_file_path
fff271bb T efi_dp_from_name
fff272c3 T efi_dp_check_length
fff2730b t dp_size
fff27384 t dp_fill
fff274da T efi_dp_str
fff27504 t efi_convert_device_path_to_text
fff2756b t efi_convert_device_node_to_text
fff275ad t efi_convert_single_device_node_to_text
fff279aa t efi_str_to_u16
fff279f0 t get_device_path_size
fff27a1d t duplicate_device_path
fff27a3f t append_device_path
fff27a67 t append_device_node
fff27a8f t append_device_path_instance
fff27ab7 t get_next_device_path_instance
fff27adf t is_device_path_multi_instance
fff27b01 t create_device_node
fff27b30 T efi_file_from_path
fff27c35 T efi_simple_file_system
fff27c6c t efi_open_volume
fff27ccd t efi_file_open
fff27f8c t efi_file_close
fff27fb4 t efi_file_delete
fff28003 t efi_file_read
fff281ee t efi_file_write
fff28291 t efi_file_getpos
fff282c6 t efi_file_setpos
fff2833a t efi_file_getinfo
fff2851f t efi_file_setinfo
fff2862c t efi_file_flush
fff2863f t efi_file_open_ex
fff28645 t efi_file_read_ex
fff2864b t efi_file_write_ex
fff28651 t efi_file_flush_ex
fff28657 t efi_get_file_size
fff28692 t new_package_list
fff28733 t remove_package_list
fff28772 t update_package_list
fff28825 t list_package_lists
fff288ee t export_package_lists
fff2891c t register_package_notify
fff2895d t unregister_package_notify
fff28973 t find_keyboard_layouts
fff28a21 t get_keyboard_layout
fff28ab1 t set_keyboard_layout
fff28ac7 t get_package_list_handle
fff28b16 t new_string
fff28bff t get_string
fff28ca6 t set_string
fff28dac t get_languages
fff28e78 t get_secondary_languages
fff28efc t add_packages
fff291f2 t free_packagelist
fff29227 t free_keyboard_layouts
fff29269 t remove_strings_package
fff292ca t remove_guid_package
fff292fb t remove_keyboard_package
fff29333 t language_match
fff29368 t extract_config
fff2937e t export_config
fff29394 t route_config
fff293aa t block_to_config
fff293c0 t config_to_block
fff293d6 t get_alt_config
fff293ec T efi_print_image_infos
fff294c0 W invalidate_icache_all
fff294c1 T efi_load_pe
fff2984b t efi_set_code_and_data_type
fff29892 T efi_add_memory_map
fff298cf t efi_add_memory_map_pg
fff29c4a T efi_allocate_pages
fff29e3e t efi_check_allocated
fff29ea3 T efi_alloc
fff29ede T efi_free_pages
fff29f4b T efi_allocate_pool
fff29fc4 T efi_free_pool
fff2a04d T efi_get_memory_map
fff2a10c T efi_add_conventional_memory_map
fff2a1af T efi_memory_init
fff2a229 t efi_mem_cmp
fff2a258 T efi_root_node_register
fff2a317 T efi_init_runtime_supported
fff2a35d W efi_reset_system_init
fff2a360 t efi_get_time_boottime
fff2a43f t efi_set_time_boottime
fff2a455 t efi_set_virtual_address_map
fff2a66d t efi_reset_system_boottime
fff2a6ca W allow_unaligned
fff2a6cb T efi_init_obj_list
fff2a885 t efi_stri_coll
fff2a8f2 t efi_metai_match
fff2a918 t efi_str_lwr
fff2a950 t efi_str_upr
fff2a988 t efi_fat_to_str
fff2a9d7 t efi_str_to_fat
fff2aa9e t metai_match
fff2ac0a T efi_get_variable
fff2ac56 T efi_set_variable
fff2ac9a T efi_get_next_variable_name
fff2acc6 T efi_query_variable_info
fff2ad01 T efi_init_secure_state
fff2ae3f T efi_auth_var_get_type
fff2ae92 T efi_var_mem_init
fff2af32 t efi_var_mem_notify_exit_boot_services
fff2af80 T efi_var_collect
fff2b119 T efi_var_to_file
fff2b1a8 t efi_set_blk_dev_to_system_partition
fff2b21b T efi_var_restore
fff2b308 T efi_var_from_file
fff2b3b3 T efi_set_variable_int
fff2b5bc T efi_query_variable_info_int
fff2b5e9 T efi_variables_boot_exit_notify
fff2b61b T efi_init_variables
fff2b63c T efi_set_watchdog
fff2b678 T efi_watchdog_register
fff2b6e4 t efi_watchdog_timer_notify
fff2b71d T efi_fs_from_path
fff2b77f T efi_disk_create_partitions
fff2b860 t efi_disk_add_dev
fff2ba53 T efi_disk_register
fff2bb56 t efi_disk_reset
fff2bb69 t efi_disk_read_blocks
fff2bc0e t efi_disk_write_blocks
fff2bcbe t efi_disk_flush_blocks
fff2bcd1 t efi_disk_rw_blocks
fff2bd3e T efi_acpi_register
fff2bd86 T efi_smbios_register
fff2bde3 W platform_get_rng_device
fff2be11 T efi_rng_register
fff2be5d t rng_getinfo
fff2beda t getrng
fff2bf7c T binman_init
fff2c00d T console_read_unicode
fff2c0cd T utf8_get
fff2c19b T utf8_put
fff2c231 T utf8_utf16_strnlen
fff2c280 T utf8_utf16_strncpy
fff2c2e3 T utf16_put
fff2c347 T utf16_get
fff2c3bf T utf16_strnlen
fff2c40e T utf16_utf8_strnlen
fff2c47d T utf16_utf8_strncpy
fff2c4e0 T utf_to_lower
fff2c514 T utf_to_upper
fff2c548 T u16_strncmp
fff2c577 T u16_strlen
fff2c58e T u16_strdup
fff2c5d9 T utf16_to_utf8
fff2c6cd T write_smbios_table
fff2c7f3 t smbios_write_type0
fff2c8a0 t smbios_write_type1
fff2c9f1 t smbios_write_type2
fff2cab5 t smbios_write_type3
fff2cb3c t smbios_write_type4
fff2cc57 t smbios_write_type32
fff2cc83 t smbios_write_type127
fff2ccaf t smbios_add_string
fff2cd07 T list_sort
fff2ce98 t merge
fff2cefb T inflate_fast
fff2d468 T inflate_table
fff2d8f5 T inflateReset
fff2d94d T inflateInit2_
fff2da2a T zcalloc
fff2da34 T zcfree
fff2da3b T inflate
fff2f359 T adler32
fff2f5e6 T inflateEnd
fff2f62e T gzalloc
fff2f63c T gzfree
fff2f643 T gzip_parse_header
fff2f6ac T gunzip
fff2f6f0 T zunzip
fff2f7c3 T ulz4fn
fff2fb51 T avb_chain_partition_descriptor_validate_and_byteswap
fff2fc8d T avb_sub_cmdline
fff2fe81 T avb_append_options
fff301c9 t cmdline_append_option
fff3028e t cmdline_append_hex
fff302c8 T avb_new_cmdline_subst_list
fff302d2 T avb_free_cmdline_subst_list
fff30307 T avb_add_root_digest_substitution
fff3039b t uint64_to_base10
fff303ef T avb_get_algorithm_data
fff30402 T avb_rsa_public_key_header_validate_and_byteswap
fff30431 T avb_footer_validate_and_byteswap
fff304fe T avb_hashtree_descriptor_validate_and_byteswap
fff306aa T avb_sha256_init
fff306ca T avb_sha256_update
fff3076c t SHA256_transform
fff30966 T avb_sha256_final
fff30a3a T avb_slot_verify
fff3108b t load_and_verify_vbmeta
fff32616 T avb_slot_verify_data_free
fff326d4 T avb_slot_verify_data_calculate_vbmeta_digest
fff327c4 t read_persistent_digest
fff32a6e t load_full_partition
fff32c1a T avb_be32toh
fff32c1d T avb_be64toh
fff32c28 T avb_safe_memcmp
fff32c51 T avb_safe_add_to
fff32c93 T avb_basename
fff32cd1 T avb_safe_add
fff32cfa T avb_validate_utf8
fff32d66 T avb_str_concat
fff32e24 T avb_malloc
fff32e66 T avb_calloc
fff32e89 T avb_strdup
fff32eb6 T avb_strstr
fff32ef3 T avb_strv_find_str
fff32f38 T avb_replace
fff330dd T avb_strdupv
fff331d4 T avb_uppercase
fff331f3 T avb_bin2hex
fff33243 T avb_version_string
fff33249 T avb_descriptor_validate_and_byteswap
fff332ac T avb_descriptor_foreach
fff3353c T avb_descriptor_get_all
fff335ab t count_descriptors
fff335b0 t set_descriptors
fff335c4 T avb_hash_descriptor_validate_and_byteswap
fff33700 T avb_kernel_cmdline_descriptor_validate_and_byteswap
fff337ec T avb_rsa_verify
fff33c6d t montMul
fff33db4 T avb_sha512_init
fff33de0 T avb_sha512_update
fff33e82 t SHA512_transform
fff342ed T avb_sha512_final
fff343ce T avb_memcmp
fff343d3 T avb_memcpy
fff343d8 T avb_memset
fff343dd T avb_strcmp
fff343e2 T avb_strncmp
fff343e7 T avb_strlen
fff343ec T avb_abort
fff343f4 T avb_printv
fff3442b T avb_malloc_
fff34430 T avb_free
fff34435 T avb_div_by_10
fff34465 T avb_vbmeta_image_verify
fff34a06 T avb_vbmeta_image_header_to_host_byte_order
fff34b28 T avb_vbmeta_verify_result_to_string
fff34b70 T addBootConfigParameters
fff34c06 T addBootConfigTrailer
fff34c94 T fdt_ro_probe_
fff34cf1 T fdt_check_header
fff34de3 T fdt_offset_ptr
fff34e30 T fdt_next_tag
fff34f06 T fdt_check_node_offset_
fff34f32 T fdt_check_prop_offset_
fff34f5e T fdt_next_node
fff34fe5 T fdt_first_subnode
fff35013 T fdt_next_subnode
fff35051 T fdt_find_string_
fff3509a T fdt_move
fff350db T fdt_get_string
fff35194 T fdt_string
fff3519b T fdt_get_mem_rsv
fff351e8 t fdt_mem_rsv
fff35211 T fdt_num_mem_rsv
fff3524a T fdt_subnode_offset_namelen
fff35306 T fdt_subnode_offset
fff3532e T fdt_path_offset_namelen
fff353f3 T fdt_get_alias_namelen
fff35434 T fdt_path_offset
fff35452 T fdt_get_name
fff354c2 T fdt_first_property_offset
fff354e3 t nextprop_
fff35530 T fdt_next_property_offset
fff35551 t fdt_get_property_by_offset_
fff35589 T fdt_get_property_namelen
fff355c2 t fdt_get_property_namelen_
fff3564d T fdt_get_property
fff3567e T fdt_getprop_namelen
fff356d0 T fdt_getprop_by_offset
fff35752 T fdt_getprop
fff35783 T fdt_supernode_atdepth_offset
fff3581d T fdt_node_depth
fff35841 T fdt_parent_offset
fff3588a T fdt_stringlist_search
fff3592b T fdt_node_end_offset_
fff35953 T fdt_strerror
fff35980 T fdt_add_mem_rsv
fff359f8 t fdt_rw_probe_
fff35a4a t fdt_splice_mem_rsv_
fff35a9b T fdt_del_mem_rsv
fff35ae0 t fdt_splice_struct_
fff35b1c T fdt_setprop_placeholder
fff35bd5 t fdt_add_property_
fff35cf1 T fdt_setprop
fff35d29 T fdt_delprop
fff35d7c T fdt_add_subnode_namelen
fff35e57 T fdt_add_subnode
fff35e7f T fdt_del_node
fff35ec1 T fdt_open_into
fff36013 t fdt_blocks_misordered_
fff36050 t fdt_packblocks_
fff360d7 t fdt_splice_
fff3613b T fdt_address_cells
fff36165 t fdt_cells
fff361a2 T fdt_size_cells
fff361bf T fdtdec_get_int
fff361eb T fdtdec_get_addr_size_fixed
fff362a5 T fdtdec_get_number
fff362c4 T fdtdec_get_pci_bar32
fff362ed T fdtdec_get_is_enabled
fff36321 T fdtdec_get_alias_seq
fff363fd T fdtdec_get_alias_highest_id
fff364ad T fdtdec_get_chosen_prop
fff364dd T fdtdec_prepare_fdt
fff3651f T fdtdec_get_int_array
fff36576 T fdtdec_get_bool
fff36594 T fdtdec_get_config_int
fff365c7 T fdtdec_get_config_string
fff365fa T fdt_get_resource
fff366fd W board_fdt_blob_setup
fff36703 W fdtdec_board_setup
fff36706 T fdtdec_setup
fff36758 T qsort
fff36815 T strcmp_compar
fff3681e T hcreate_r
fff3689f T hdestroy_r
fff36902 T hmatch_r
fff3697b T hsearch_r
fff36df7 T hdelete_r
fff36eca T hexport_r
fff37175 t cmpkey
fff37182 T himport_r
fff37478 t drop_var_from_set
fff374c6 T hwalk_r
fff37505 t match_string
fff3757f T display_options_get_banner_priv
fff37607 T display_options_get_banner
fff3761e T display_options
fff37656 T print_size
fff3775b W __div64_32
fff3784f T hang
fff37868 T strim
fff378ac T lmb_dump_all
fff378ad T lmb_init_and_reserve
fff37925 t lmb_reserve_common
fff37952 T lmb_init_and_reserve_range
fff379a5 t lmb_add_region
fff37c21 T lmb_free
fff37da5 t lmb_remove_region
fff37dde T lmb_reserve
fff37e00 T lmb_alloc
fff37e19 T lmb_alloc_base
fff37e60 T __lmb_alloc_base
fff380a9 T lmb_alloc_addr
fff38179 W board_lmb_reserve
fff3817a W arch_lmb_reserve
fff3817b T slre_compile
fff382a7 t compile
fff3891c T slre_match
fff38982 t match
fff38cfb t get_escape_char
fff38d51 t quantifier
fff38e2e t relocate
fff38e7d t loop_greedy
fff38f27 t loop_non_greedy
fff38f8d T strncasecmp
fff38ff3 T strcasecmp
fff38ffb T strcpy
fff3900b T strncpy
fff39021 T strlen
fff39032 T strcat
fff3904f T strncat
fff3907b T strcmp
fff39092 T strncmp
fff390c4 T strchr
fff390de T strrchr
fff39107 T strnlen
fff39126 T strdup
fff3915e T strsep
fff391ad T memcmp
fff391cf T strstr
fff3921b T memchr
fff3922d T get_tbclk
fff3925a T get_ticks
fff392ad W timer_init
fff392b0 T usec_to_tick
fff39320 T udelay
fff39346 T uuid_str_valid
fff393a0 T uuid_guid_get_bin
fff393e8 T uuid_guid_get_str
fff39433 T uuid_str_to_bin
fff3957f T uuid_bin_to_str
fff3962b T panic_str
fff39638 t panic_finish
fff39663 T panic
fff3967c t vsnprintf_internal
fff39e09 T snprintf
fff39e30 T sprintf
fff39e58 T printf
fff39eb1 T vprintf
fff39efb T simple_itoa
fff39f36 t string16
fff39fff t string
fff3a072 t number
fff3a2e2 t put_dec_trunc
fff3a3ac t put_dec
fff3a511 T simple_strtoul
fff3a590 t _parse_integer_fixup_radix
fff3a5f4 T strict_strtoul
fff3a655 T simple_strtol
fff3a671 T ustrtoul
fff3a6d4 T ustrtoull
fff3a741 T simple_strtoull
fff3a7e1 T trailing_strtoln
fff3a840 T trailing_strtol
fff3a847 T rtc_calc_weekday
fff3a91c T __udivdi3
fff3a934 t _64bit_divide
fff3aa60 T __umoddi3
fff3aa98 d _u_boot_list_2_cmd_2_ab_select
fff3aa98 d complete_cmdv.start
fff3aa98 d complete_cmdv.start.17
fff3aa98 d do_help.start
fff3aa98 d do_help.start.6
fff3aa98 d find_cmd.start
fff3aa98 d find_cmd.start.2
fff3aab4 d _u_boot_list_2_cmd_2_avb
fff3aad0 d _u_boot_list_2_cmd_2_boot
fff3aaec d _u_boot_list_2_cmd_2_boot_android
fff3ab08 d _u_boot_list_2_cmd_2_bootd
fff3ab24 d _u_boot_list_2_cmd_2_bootefi
fff3ab40 d _u_boot_list_2_cmd_2_bootm
fff3ab5c d _u_boot_list_2_cmd_2_bootz
fff3ab78 d _u_boot_list_2_cmd_2_date
fff3ab94 d _u_boot_list_2_cmd_2_echo
fff3abb0 d _u_boot_list_2_cmd_2_editenv
fff3abcc d _u_boot_list_2_cmd_2_env
fff3abe8 d _u_boot_list_2_cmd_2_exit
fff3ac04 d _u_boot_list_2_cmd_2_false
fff3ac20 d _u_boot_list_2_cmd_2_fatinfo
fff3ac3c d _u_boot_list_2_cmd_2_fatload
fff3ac58 d _u_boot_list_2_cmd_2_fatls
fff3ac74 d _u_boot_list_2_cmd_2_fatmkdir
fff3ac90 d _u_boot_list_2_cmd_2_fatrm
fff3acac d _u_boot_list_2_cmd_2_fatsize
fff3acc8 d _u_boot_list_2_cmd_2_fatwrite
fff3ace4 d _u_boot_list_2_cmd_2_fdt
fff3ad00 d _u_boot_list_2_cmd_2_fstype
fff3ad1c d _u_boot_list_2_cmd_2_fstypes
fff3ad38 d _u_boot_list_2_cmd_2_gpt
fff3ad54 d _u_boot_list_2_cmd_2_help
fff3ad70 d _u_boot_list_2_cmd_2_itest
fff3ad8c d _u_boot_list_2_cmd_2_ln
fff3ada8 d _u_boot_list_2_cmd_2_load
fff3adc4 d _u_boot_list_2_cmd_2_ls
fff3ade0 d _u_boot_list_2_cmd_2_mtrr
fff3adfc d _u_boot_list_2_cmd_2_panic
fff3ae18 d _u_boot_list_2_cmd_2_part
fff3ae34 d _u_boot_list_2_cmd_2_pci
fff3ae50 d _u_boot_list_2_cmd_2_printenv
fff3ae6c d _u_boot_list_2_cmd_2_question_mark
fff3ae88 d _u_boot_list_2_cmd_2_read
fff3aea4 d _u_boot_list_2_cmd_2_reset
fff3aec0 d _u_boot_list_2_cmd_2_run
fff3aedc d _u_boot_list_2_cmd_2_save
fff3aef8 d _u_boot_list_2_cmd_2_saveenv
fff3af14 d _u_boot_list_2_cmd_2_setenv
fff3af30 d _u_boot_list_2_cmd_2_setexpr
fff3af4c d _u_boot_list_2_cmd_2_showvar
fff3af68 d _u_boot_list_2_cmd_2_size
fff3af84 d _u_boot_list_2_cmd_2_sleep
fff3afa0 d _u_boot_list_2_cmd_2_source
fff3afbc d _u_boot_list_2_cmd_2_test
fff3afd8 d _u_boot_list_2_cmd_2_true
fff3aff4 d _u_boot_list_2_cmd_2_version
fff3b010 d _u_boot_list_2_cmd_2_virtio
fff3b02c d _u_boot_list_2_cmd_2_zboot
fff3b048 d _u_boot_list_2_driver_2_cpu_bus
fff3b048 d complete_cmdv.end
fff3b048 d dm_dump_driver_compat.start
fff3b048 d dm_dump_driver_compat.start.4
fff3b048 d dm_dump_drivers.start
fff3b048 d dm_dump_drivers.start.11
fff3b048 d do_help.end
fff3b048 d efi_driver_init.start
fff3b048 d find_cmd.end
fff3b048 d fix_drivers.start
fff3b048 d fix_drivers.start.1
fff3b048 d lists_bind_fdt.start
fff3b048 d lists_bind_fdt.start.3
fff3b048 d lists_driver_lookup_name.start
fff3b048 d lists_driver_lookup_name.start.1
fff3b08c d _u_boot_list_2_driver_2_cpu_qemu_drv
fff3b0d0 d _u_boot_list_2_driver_2_cpu_x86_drv
fff3b114 d _u_boot_list_2_driver_2_efi_blk
fff3b158 d _u_boot_list_2_driver_2_efi_block
fff3b19c d _u_boot_list_2_driver_2_generic_syscon
fff3b1e0 d _u_boot_list_2_driver_2_irq_router_drv
fff3b224 d _u_boot_list_2_driver_2_motorola_mc146818
fff3b268 d _u_boot_list_2_driver_2_ns16550_serial
fff3b2ac d _u_boot_list_2_driver_2_pch7_drv
fff3b2f0 d _u_boot_list_2_driver_2_pch9_drv
fff3b334 d _u_boot_list_2_driver_2_pci_bridge_drv
fff3b378 d _u_boot_list_2_driver_2_pci_generic_drv
fff3b3bc d _u_boot_list_2_driver_2_pci_x86
fff3b400 d _u_boot_list_2_driver_2_root_driver
fff3b444 d _u_boot_list_2_driver_2_simple_bus
fff3b488 d _u_boot_list_2_driver_2_sysinfo_smbios
fff3b4cc d _u_boot_list_2_driver_2_virtio_blk
fff3b510 d _u_boot_list_2_driver_2_virtio_pci_legacy
fff3b554 d _u_boot_list_2_driver_2_virtio_pci_modern
fff3b598 d _u_boot_list_2_driver_2_virtio_rng
fff3b5dc d _u_boot_list_2_driver_2_x86_reset
fff3b620 d _u_boot_list_2_driver_2_x86_tsc_timer
fff3b664 d _u_boot_list_2_env_clbk_2_baudrate
fff3b664 d bind_drivers_pass.end
fff3b664 d bind_drivers_pass.start
fff3b664 d bind_drivers_pass.start.6
fff3b664 d dm_dump_driver_compat.end
fff3b664 d dm_dump_drivers.end
fff3b664 d dm_dump_static_driver_info.end
fff3b664 d dm_dump_static_driver_info.start
fff3b664 d dm_dump_static_driver_info.start.19
fff3b664 d efi_driver_init.end
fff3b664 d find_env_callback.start
fff3b664 d find_env_callback.start.3
fff3b664 d fix_devices.end
fff3b664 d fix_devices.start
fff3b664 d fix_devices.start.3
fff3b664 d fix_drivers.end
fff3b664 d lists_bind_fdt.end
fff3b664 d lists_driver_lookup_name.end
fff3b66c d _u_boot_list_2_env_clbk_2_callbacks
fff3b674 d _u_boot_list_2_env_clbk_2_console
fff3b67c d _u_boot_list_2_env_clbk_2_flags
fff3b684 d _u_boot_list_2_env_clbk_2_loadaddr
fff3b68c d _env_driver_lookup.start
fff3b68c d _env_driver_lookup.start.11
fff3b68c d _u_boot_list_2_env_driver_2_raw_disk
fff3b68c d env_select.start
fff3b68c d env_select.start.8
fff3b68c d find_env_callback.end
fff3b6a4 d _env_driver_lookup.end
fff3b6a4 d _u_boot_list_2_part_driver_2_a_efi
fff3b6a4 d do_part_types.start
fff3b6a4 d do_part_types.start.18
fff3b6a4 d env_select.end
fff3b6a4 d part_driver_lookup_type.start
fff3b6a4 d part_driver_lookup_type.start.42
fff3b6a4 d part_init.start
fff3b6a4 d part_init.start.18
fff3b6bc d _u_boot_list_2_part_driver_2_dos
fff3b6d4 d _u_boot_list_2_part_driver_2_iso
fff3b6ec d _u_boot_list_2_pci_driver_entry_2_virtio_pci_legacy
fff3b6ec d do_part_types.end
fff3b6ec d part_driver_lookup_type.end
fff3b6ec d part_init.end
fff3b6ec d pci_find_and_bind_driver.start
fff3b6ec d pci_find_and_bind_driver.start.11
fff3b6f4 d _u_boot_list_2_pci_driver_entry_2_virtio_pci_modern
fff3b6fc d _u_boot_list_2_uclass_2_blk
fff3b6fc d fix_uclass.start
fff3b6fc d fix_uclass.start.2
fff3b6fc d lists_uclass_lookup.start
fff3b6fc d lists_uclass_lookup.start.2
fff3b6fc d pci_find_and_bind_driver.end
fff3b748 d _u_boot_list_2_uclass_2_cpu
fff3b794 d _u_boot_list_2_uclass_2_efi
fff3b7e0 d _u_boot_list_2_uclass_2_irq
fff3b82c d _u_boot_list_2_uclass_2_lpc
fff3b878 d _u_boot_list_2_uclass_2_nop
fff3b8c4 d _u_boot_list_2_uclass_2_northbridge
fff3b910 d _u_boot_list_2_uclass_2_pch
fff3b95c d _u_boot_list_2_uclass_2_pci
fff3b9a8 d _u_boot_list_2_uclass_2_pci_generic
fff3b9f4 d _u_boot_list_2_uclass_2_rng
fff3ba40 d _u_boot_list_2_uclass_2_root
fff3ba8c d _u_boot_list_2_uclass_2_rtc
fff3bad8 d _u_boot_list_2_uclass_2_serial
fff3bb24 d _u_boot_list_2_uclass_2_simple_bus
fff3bb70 d _u_boot_list_2_uclass_2_syscon
fff3bbbc d _u_boot_list_2_uclass_2_sysinfo
fff3bc08 d _u_boot_list_2_uclass_2_sysreset
fff3bc54 d _u_boot_list_2_uclass_2_timer
fff3bca0 d _u_boot_list_2_uclass_2_virtio
fff3bcec d fix_uclass.end
fff3bcec d lists_uclass_lookup.end
fff3bcf8 r acpi_guid
fff3bd28 r .L__const.getrng.rng_raw_guid
fff3bd58 r number.digits
fff3bd68 r efi_block_io_guid
fff3bd78 r efi_file_info_guid
fff3bd88 r efi_file_system_info_guid
fff3bd98 r efi_global_variable_guid
fff3bda8 r efi_guid_device_path
fff3bdb8 r efi_guid_device_path_to_text_protocol
fff3bdc8 r efi_guid_device_path_utilities_protocol
fff3bdd8 r efi_guid_driver_binding_protocol
fff3bde8 r efi_guid_event_group_exit_boot_services
fff3bdf8 r efi_guid_event_group_memory_map_change
fff3be08 r efi_guid_event_group_reset_system
fff3be18 r efi_guid_hii_config_routing_protocol
fff3be28 r efi_guid_hii_database_protocol
fff3be38 r efi_guid_hii_string_protocol
fff3be48 r efi_guid_image_security_database
fff3be58 r efi_guid_loaded_image
fff3be68 r efi_guid_loaded_image_device_path
fff3be78 r efi_guid_rng_protocol
fff3be88 r efi_guid_text_input_ex_protocol
fff3be98 r efi_guid_text_input_protocol
fff3bea8 r efi_guid_text_output_protocol
fff3beb8 r efi_guid_unicode_collation_protocol2
fff3bec8 r efi_guid_virtio_dev
fff3bed8 r efi_rt_properties_table_guid
fff3bee8 r efi_simple_file_system_protocol_guid
fff3bef8 r efi_system_volume_label_id
fff3bf08 r efi_u_boot_guid
fff3bf18 r list_guid
fff3bfd8 r partition_basic_data_guid
fff3bfe8 r sha512_h0
fff3c028 r sha512_k
fff3c2a8 r smbios_guid
fff3c2b8 r system_guid
fff3c40c r baudrate_table
fff3c450 r block_io_disk_template
fff3c46c r boot_os
fff3c4b4 r bootloader_id
fff3c614 r color
fff3c680 r cpu_qemu_ids
fff3c690 r cpu_qemu_ops
fff3c6a4 r cpu_x86_ids
fff3c6b4 r cpu_x86_ops
fff3c6c8 r env_flags_varaccess_mask
fff3c718 r sha256_h0
fff3c840 r driver_ops
fff3c84c r e820_type_name
fff3c874 r efi_blk_ops
fff3c954 r efi_device_path_to_text
fff3c95c r efi_device_path_utilities
fff3c97c r efi_file_handle_protocol
fff3c9bc r efi_hii_config_routing
fff3c9d4 r efi_hii_database
fff3ca00 r efi_hii_string
fff3ca40 r efi_rng_protocol
fff3ca48 r efi_unicode_collation_protocol2
fff3ca74 r exceptions
fff3caf4 r fdt_errtable
fff3cb40 r fdt_member_table
fff3cb8c r fixed_mtrrs
fff3cbb8 r freq_desc_tables
fff3ccd0 r fstypes
fff3cd58 r generic_simple_bus_ids
fff3cd70 r generic_syscon_ids
fff3cd9c r if_type_uclass_id
fff3cdd4 r if_typename_str
fff3ce90 r init_sequence_f
fff3cf58 r init_sequence_f_r
fff3cf60 r irq_router_ids
fff3d004 r month_offset
fff3d034 r mtrr_type_name
fff3d050 r name_type
fff3d080 r ns16550_serial_ids
fff3d0b0 r ns16550_serial_ops
fff3d0d0 r op_adv
fff3d1d0 r op_table
fff3d264 r pch7_ids
fff3d274 r pch7_ops
fff3d288 r pch9_ids
fff3d298 r pch9_ops
fff3d2ac r pci_bridge_ids
fff3d2bc r pci_bridge_ops
fff3d2c4 r pci_flag_info
fff3d2ec r pci_generic_ids
fff3d2fc r pci_x86_ids
fff3d30c r pci_x86_ops
fff3d314 r reserved_list
fff3d398 r rtc_mc146818_ids
fff3d3a8 r rtc_mc146818_ops
fff3d3d4 r sha256_k
fff3d4d4 r smbios_write_funcs
fff3d50c r sysinfo_smbios_ids
fff3d51c r sysinfo_smbios_ops
fff3d530 r table_list
fff3d580 r tsc_timer_ids
fff3d590 r tsc_timer_ops
fff3d594 r uimage_comp
fff3d5f4 r uimage_os
fff3d690 r uimage_type
fff3d898 r virtio_blk_ops
fff3d8a8 r virtio_drv_name
fff3d8dc r virtio_pci_ops
fff3d908 r virtio_pci_ops
fff3d954 r virtio_rng_ops
fff3d9b0 r weekdays
fff3d9cc r x86_sysreset_ids
fff3d9dc r x86_vendor_name
fff3da08 r x86_vendors
fff3da60 r END
fff3da64 r ROOT
fff3da78 r capitalization_table
fff3e948 r codepage
fff3ea48 r distfix
fff3eac8 r inflate.order
fff3eaee r inflate_table.dbase
fff3eb2e r inflate_table.dext
fff3eb6e r inflate_table.lbase
fff3ebac r inflate_table.lext
fff3ebea r lenfix
fff3f565 r _ctype
fff3f665 r default_environment
fff403d0 r env_flags_varaccess_rep
fff403d5 r env_flags_vartype_rep
fff403da r erase_seq
fff403de r hex_asc
fff403ef r illegal
fff40400 r padding_RSA2048_SHA256
fff404e0 r padding_RSA2048_SHA512
fff405a0 r padding_RSA4096_SHA256
fff40780 r padding_RSA4096_SHA512
fff40940 r padding_RSA8192_SHA256
fff40d20 r padding_RSA8192_SHA512
fff410e0 r print_size.names
fff46e27 r .L.str.8
fff46e88 r .L.str.17
fff46e8d r .L.str.18
fff4e48a r tab_seq
fff4e493 r version_string
fff4e500 D gdt64
fff4e500 d gdt
fff4e530 d fwcfg_x86_ops
fff4e530 d gdt_end
fff4e540 d mp_steps
fff4e5c0 d load_flags
fff4e5e0 d xload_flags
fff4e608 d zboot_subcmds
fff4e6b0 d bootm_help_text
fff4ea40 d cmd_bootm_sub
fff4eb3c d source_help_text
fff4eb8a d bootefi_help_text
fff4ed15 d bootz_help_text
fff4ef20 d default_tm
fff4ef44 d fdt_help_text
fff4f5ab d do_fdt.root
fff4f5ad d fdt_print.tabs
fff4f5d0 d regs_start
fff4f618 d regs_rest
fff4f678 d regs_normal
fff4f720 d regs_bridge
fff4f81c d regs_cardbus
fff4f948 d pci_help_text
fff4fb98 d cmd_avb
fff4fc94 d env_id
fff4fc98 d env_help_text
fff4fef4 d cmd_env_sub
fff5000c D _binary_common_avb_pubkey_start
fff50414 D _binary_common_avb_pubkey_end
fff50414 d init_sequence_r
fff5048c d hist_cur
fff50490 d av_
fff50898 d trim_threshold
fff5089c d sbrk_base
fff508a0 d image_load_addr
fff508a4 d stdio_names
fff508b0 d root_info
fff508b8 d x86_sysreset_ops
fff508c4 d virtio_pci_supported
fff50fe0 d virtio_pci_supported
fff516fc d _stats
fff51710 d block_cache
fff51718 d fw_list
fff51720 d env_htab
fff51730 d efi_obj_list
fff51738 d efi_event_queue
fff51740 d efi_register_notify_events
fff51748 d entry_count
fff5174c d efi_boot_services
fff51814 d efi_tpl
fff51818 d efi_con_mode
fff51830 d efi_con_out
fff51858 d efi_con_in
fff51864 d efi_con_in_ex
fff5187c d efi_cout_modes
fff518a0 d cin_notify_functions
fff518a8 d efi_package_lists
fff518b0 d efi_keyboard_layout_list
fff518b8 d efi_mem
fff518c0 d efi_obj_list_initialized
fff518c4 d algorithm_data
fff51928 d _GLOBAL_OFFSET_TABLE_
fff51928 d __efi_runtime_rel_start
fff51a80 A __data_end
fff51a80 A __init_end
fff51a80 d __efi_runtime_rel_stop
fff51a90 A __rel_dyn_start
fff51a90 B __bss_start
fff51a90 b i440fx
fff51a94 b ap_callbacks
fff51a98 b load_sipi_vector.msr_save
fff51c98 b mp_info.0
fff51c9c b mp_info.1
fff51ca0 b irq_handlers
fff51d60 b spurious_irq_cnt
fff51d64 b isa_irq_occupied
fff51d74 b bootefi_device_path
fff51d78 b bootefi_image_path
fff51d7c b do_fdt.data
fff5217c b virtio_curr_dev
fff52180 b avb_ops
fff52184 b top_vars
fff52188 b get_dollar_var.buf
fff521b0 b last_return_code
fff521b4 b flag_repeat
fff521b8 b ifs
fff521bc b map
fff522bc b do_repeat
fff522bd b get_user_input.the_command
fff524c0 b stored_bootdelay
fff524c4 b cli_readline_into_buffer.initted
fff524c8 b hist_max
fff524cc b hist_add_idx
fff524d0 b hist_num
fff524d4 b hist_lines
fff54ce8 b hist_list
fff54d38 b ctrlc_disabled
fff54d3c b ctrlc_was_pressed
fff54d40 b mem_malloc_start
fff54d44 b mem_malloc_end
fff54d48 b mem_malloc_brk
fff54d4c b top_pad
fff54d50 b max_sbrked_mem
fff54d54 b max_total_mem
fff54d58 b current_mallinfo.0
fff54d5c b stdio_devices
fff54d68 b devs
fff54db4 b env_complete_buf
fff54fb4 b tmp_buf
fff551c0 b tmpbuf
fff559c0 b print_efiname.name
fff559e8 b virtio_pci_bind.num_devs
fff559ec b virtio_pci_bind.num_devs
fff559f0 b fwcfg_present
fff559f1 b fwcfg_dma_present
fff559f4 b fwcfg_arch_ops
fff559f8 b first_call
fff559fc b first_call
fff55a00 b flags_list
fff55a04 b callback_list
fff55a08 b fs_type
fff55a0c b fs_dev_desc
fff55a10 b fs_partition
fff55aac b fs_dev_part
fff55ab0 b cur_dev
fff55ab4 b cur_part_info
fff55b50 b total_sector
fff55b54 b get_set_cluster.tmpbuf_cluster
fff55b58 b bs
fff55b5c b rs
fff55b60 b timers_enabled
fff55b64 b current_image
fff55b68 b efi_load_image_from_path.ret
fff55b70 b efi_get_next_monotonic_count.mono
fff55b78 b console_timer_event
fff55b7c b key_available
fff55b80 b next_key
fff55b8c b efi_root
fff55b90 b watchdog_timer_event
fff55b94 b binman
fff55b98 b errno
fff55b9c b simple_itoa.local
fff55bc0 b idt_ptr
fff55bd0 b idt
fff563d0 b realmode_call
fff563d4 b state
fff563f0 b realmode_interrupt
fff563f4 b _X86EMU_env
fff56444 b working_fdt
fff56448 b console_buffer
fff5664c b monitor_flash_len
fff56650 b image_save_addr
fff56654 b images
fff5681c b image_save_size
fff56820 b mode_info
fff56924 b efi_st_keep_devices
fff56928 b ___strtok
fff5692c b efi_memory_map_key
fff56930 b efi_system_partition
fff5693c B __bss_end
fff5d898 A __rel_dyn_end
fff5d898 A _end
