00000000 T __image_copy_start
00000000 T _start
00000020 T _undefined_instruction
00000024 T _software_interrupt
00000028 T _prefetch_abort
0000002c T _data_abort
00000030 T _not_used
00000034 T _irq
00000038 T _fiq
00000040 T IRQ_STACK_START_IN
00000060 t undefined_instruction
000000c0 t software_interrupt
00000120 t prefetch_abort
00000180 t data_abort
000001e0 t not_used
00000240 t irq
000002a0 t fiq
000002e8 T reset
000002ec T save_boot_params_ret
000002fc T switch_to_hypervisor_ret
00000338 T c_runtime_cpu_setup
00000348 W save_boot_params
0000034c W switch_to_hypervisor
00000350 T cpu_init_cp15
000003b0 T cpu_init_crit
000003bc T __efi_runtime_start
000003c0 T __arm_smccc_smc
000003e0 T __arm_smccc_hvc
00000400 T invoke_psci_fn
00000408 A _binary_common_avb_pubkey_size
0000048c T efi_memcpy_runtime
000004a8 T efi_update_table_header_crc32
000004d4 W efi_reset_system
000004d8 W efi_get_time
000004e0 W efi_set_time
000004e8 T efi_convert_pointer
000005c8 T efi_update_capsule
000005d0 T efi_query_capsule_caps
000005d8 t efi_unimplemented
000005e0 t efi_set_virtual_address_map_runtime
000005e8 t efi_convert_pointer_runtime
000005f0 T efi_get_variable_runtime
00000630 T efi_get_next_variable_name_runtime
00000634 T efi_var_mem_find
00000770 t efi_var_mem_compare
00000820 T efi_var_mem_del
000008b8 T efi_var_mem_ins
000009b4 T efi_var_mem_free
000009d4 t efi_var_mem_notify_virtual_address_map
00000a00 T efi_get_variable_mem
00000abc T efi_get_next_variable_name_mem
00000b9c T efi_get_variable_int
00000ba0 T efi_get_next_variable_name_int
00000ba4 T efi_query_variable_info_runtime
00000bac t efi_set_variable_runtime
00000bb4 T u16_strnlen
00000bec T crc32_no_comp
00000cc4 T crc32
00000cdc T efi_runtime_detach
00000d2c T efi_runtime_relocate
00000ea0 T psci_method
00000ea8 T efi_events
00000eb0 T systab
00000ef8 t firmware_vendor
00000f10 T efi_runtime_services
00000f60 t efi_virtmap
00000f64 t efi_descriptor_count
00000f68 t efi_descriptor_size
00000f6c T efi_var_buf
00000f70 t efi_current_var
00000f74 t crc_table
00001374 T efi_runtime_mmio
0000137c T __efi_runtime_stop
00001380 T __v7_flush_dcache_all
00001394 t start_flush_levels
00001398 t flush_levels
000013d4 t loop1
000013d8 t loop2
000013f4 t skip
00001400 t finished
00001414 T v7_flush_dcache_all
00001424 T __v7_invalidate_dcache_all
0000143c t inval_levels
00001478 t inval_loop1
0000147c t inval_loop2
00001498 t inval_skip
000014a4 t inval_finished
000014b8 T v7_invalidate_dcache_all
000014c8 T allow_unaligned
000014d8 T invalidate_dcache_all
000014ec W v7_outer_cache_inval_all
000014f0 T flush_dcache_all
00001504 W v7_outer_cache_flush_all
00001508 T flush_dcache_range
00001564 W v7_outer_cache_flush_range
00001568 T arm_init_before_mmu
00001598 W v7_outer_cache_enable
0000159c T invalidate_icache_all
000015b4 W v7_outer_cache_disable
000015b8 W cpu_cache_initialization
000015bc T cleanup_before_linux_select
0000160c T cleanup_before_linux
00001624 W s_init
00001628 W lowlevel_init
0000164c T timer_init
00001674 T get_ticks
0000169c T get_tbclk
000016c0 T _main
00001708 t here
00001760 T memset
0000183c T memcpy
00001bec T setjmp
00001bfc T longjmp
00001c18 W relocate_vectors
00001c24 T relocate_code
00001c34 t copy_loop
00001c4c t fixloop
00001c6c t fixnext
00001c74 t relocate_done
00001c88 T arch_fixup_fdt
00001cd0 T arch_lmb_reserve
00001d64 W board_quiesce_devices
00001d68 W board_prep_linux
00001d6c T do_bootm_linux
00001dbc t boot_prep_linux
00001e18 t boot_jump_linux
00001f04 T bootz_setup
00001fc0 T arch_reserve_stacks
00001fe8 T interrupt_init
00002008 T enable_interrupts
0000200c T disable_interrupts
00002014 T bad_mode
00002028 T show_regs
000021e8 T do_undefined_instruction
00002224 t show_efi_loaded_images
0000222c T do_software_interrupt
00002268 T do_prefetch_abort
000022a4 T do_data_abort
000022e0 T do_not_used
0000231c T do_fiq
00002358 T do_irq
00002394 W flush_cache
0000239c T check_cache_range
000023d4 T arch_reserve_mmu
000023d8 W arm_reserve_mmu
00002424 W arm_init_domains
00002428 W dram_bank_mmu_setup
000024ac T icache_enable
000024f0 T icache_disable
000024f8 t cache_disable
00002580 T dcache_enable
00002728 T dcache_disable
00002730 T board_init
00002744 T dram_init
0000275c T dram_init_banksize
00002770 T board_fdt_blob_setup
00002778 T enable_caches
0000278c T platform_get_rng_device
00002844 T do_bootm
00002948 T do_bootd
0000296c t do_help
000029c8 t do_panic
000029ec t do_version
00002a30 t do_ab_select
00002ad8 T blk_common_cmd
00002dfc t do_source
00002e64 t do_boot_android
00002f98 T efi_install_fdt
0000334c T efi_run_image
0000350c t do_bootefi_exec
00003598 t do_bootefi
000036cc T efi_set_bootdev
00003778 t efi_reserve_memory
000037dc T do_bootz
000038e8 T mk_date
00003b3c t do_date
00003cd4 t do_echo
00003d90 t do_exit
00003dc4 T do_fat_size
00003de4 T do_fat_fsload
00003e04 t do_fat_ls
00003e24 t do_fat_fsinfo
00003ebc t do_fat_fswrite
00003edc t do_fat_rm
00003efc t do_fat_mkdir
00003f1c T set_working_fdt_addr
00003f38 t do_fdt
00005040 t fdt_valid
00005108 t is_printable_string
000051a8 t print_data
00005374 t do_size_wrapper
00005394 t do_load_wrapper
000053b4 t do_save_wrapper
000053d4 t do_ls_wrapper
000053f4 t do_ln_wrapper
00005414 t do_fstype_wrapper
00005418 t do_fstypes_wrapper
0000541c t do_itest
000054a0 t binary_test
00005658 t evalstr
000056d8 t evalexp
00005758 t do_sleep
0000583c t do_part
00005be0 t do_part_info
00005d24 T pci_bar_show
00005f08 T pci_header_show
00005fdc t pci_show_regs
00006084 T pciinfo_header
000060c4 t do_pci
00006754 t pci_cfg_modify
0000685c T do_read
000069d8 t do_setexpr
00006b84 t get_arg
00006bdc t regex_sub
00007018 t substitute
0000712c t do_test
000074e0 t do_false
000074e8 t do_true
000074f0 t do_virtio
00007548 t do_gpt
00007790 t gpt_verify
000078d0 t set_gpt_info
00007e68 t extract_val
00007f1c t extract_env
00007fe8 T do_avb_init
00008050 T do_avb_read_part
0000813c T do_avb_read_part_hex
000082a0 T do_avb_write_part
00008378 T do_avb_read_rb
00008410 T do_avb_write_rb
000084a8 T do_avb_get_uuid
00008538 T do_avb_verify_part
00008704 T do_avb_is_unlocked
00008798 t do_avb
0000880c T env_set
00008874 t _do_env_set
00008a5c T env_set_ulong
00008a80 T env_set_hex
00008abc T env_get_hex
00008b0c T env_get
00008b94 T env_get_f
00008ca0 T env_match
00008d0c T env_get_ulong
00008d40 t do_env_save
00008d58 t do_env
00008db8 t do_env_edit
00008eac t do_env_print
00008f80 t do_env_set
00008f9c t do_env_default
00009074 t do_env_delete
00009160 t do_env_export
000093c8 t do_env_import
000096a0 t do_env_exists
000096f8 t env_print
000097bc T board_init_f_alloc_reserve
000097cc T board_init_f_init_reserve
000097f4 W show_boot_progress
000097f8 T main_loop
00009848 T get_version
00009850 T jumptable_init
00009aac t dummy
00009ab0 t mdelay
00009abc T get_local_var
00009b5c T set_local_var
00009ce8 T parse_string_outer
00009e04 t parse_stream_outer
0000a64c T parse_file_outer
0000a698 T u_boot_hush_start
0000a6f8 t do_showvar
0000a814 t static_peek
0000a820 t static_get
0000a83c t done_word
0000abac t done_pipe
0000abf8 t file_peek
0000ac04 t free_pipe_list
0000ad08 t new_pipe
0000ad4c t done_command
0000adec t b_addqchr
0000ae40 t b_addchr
0000aec4 t run_list_real
0000b844 t insert_var_value_sub
0000bb88 t is_assignment
0000bbe0 t file_get
0000bdb4 T bootdelay_process
0000be84 T autoboot_command
0000bfb8 W coloured_LED_init
0000bfbc W red_led_on
0000bfc0 W board_add_ram_info
0000bfc4 W arch_cpu_init
0000bfcc W mach_cpu_init
0000bfd4 W board_get_usable_ram_top
0000bff4 W arch_setup_bdinfo
0000bffc T setup_bdinfo
0000c004 W reserve_arch
0000c00c W arch_cpu_init_dm
0000c014 W checkcpu
0000c01c W clear_bss
0000c024 T board_init_f
0000c0ac t setup_mon_len
0000c0d0 t log_init
0000c0d8 t log_init
0000c0e0 t initf_bootstage
0000c0f8 t setup_spl_handoff
0000c100 t initf_console_record
0000c108 t initf_dm
0000c110 t init_baud_rate
0000c140 t display_text_info
0000c148 t print_resetinfo
0000c19c t announce_dram_init
0000c1b8 t setup_dest_addr
0000c210 t reserve_round_4k
0000c228 t reserve_video
0000c230 t reserve_trace
0000c238 t reserve_uboot
0000c288 t reserve_malloc
0000c2b0 t reserve_board
0000c30c t setup_machine
0000c314 t reserve_global_data
0000c344 t reserve_fdt
0000c3b0 t reserve_bootstage
0000c3b8 t reserve_bloblist
0000c3c0 t reserve_stacks
0000c3dc t show_dram_config
0000c418 t display_new_sp
0000c420 t reloc_fdt
0000c484 t reloc_bootstage
0000c48c t reloc_bloblist
0000c494 t setup_reloc
0000c4d8 W cpu_secondary_init_r
0000c4dc W power_init_board
0000c4e4 T board_init_r
0000c574 t initr_trace
0000c57c t initr_reloc
0000c598 t initr_caches
0000c5ac t initr_reloc_global_data
0000c5f0 t initr_barrier
0000c5f8 t initr_malloc
0000c628 t initr_bootstage
0000c640 t initr_console_record
0000c648 t initr_of_live
0000c650 t initr_dm
0000c674 t initr_binman
0000c67c t initr_dm_devices
0000c684 t initr_announce
0000c68c t initr_pci
0000c6a0 t initr_env
0000c718 t initr_secondary_cpu
0000c72c t initr_jumptable
0000c740 t run_main_loop
0000c750 W checkboard
0000c758 W show_board_info
0000c79c T bootm_find_images
0000c904 T bootm_disable_interrupts
0000c908 T do_bootm_states
0000cf74 W switch_to_non_secure_mode
0000cf78 W arch_preboot_os
0000cf7c W board_preboot_os
0000cf80 T boot_selected_os
0000cfe0 T bootm_os_get_boot_func
0000cff0 t do_bootm_standalone
0000d058 T fdt_find_and_setprop
0000d0cc T fdt_find_or_add_subnode
0000d138 T fdt_root
0000d1e8 T fdt_initrd
0000d3e8 T fdt_chosen
0000d4b4 T do_fixup_by_path
0000d514 T fdt_fixup_memory_banks
0000d6bc t fdt_pack_reg
0000d77c T fdt_fixup_memory
0000d7b8 T fdt_fixup_ethernet
0000d984 T fdt_shrink_to_minimum
0000da88 T fdt_support_default_count_cells
0000daf0 T fdt_translate_address
0000dafc t __of_translate_address
0000dda8 t of_bus_default_map
0000de78 t of_bus_default_translate
0000defc T cli_readline
0000df14 T cli_readline_into_buffer
0000ea10 t delete_char
0000eb1c t cread_add_char
0000ec24 T cli_simple_process_macros
0000ee14 t on_console
0000eeec T console_puts_select
0000ef60 T fputs
0000ef7c T getchar
0000efe0 T tstc
0000f01c T putc
0000f06c T puts
0000f0bc T ctrlc
0000f118 T disable_ctrlc
0000f130 T had_ctrlc
0000f140 T clear_ctrlc
0000f154 T console_assign
0000f1a8 t console_setfile
0000f278 T console_announce_r
0000f2b4 T console_init_f
0000f2c8 T console_init_r
0000f470 T sbrk
0000f4d4 T mem_malloc_init
0000f508 t malloc
0000fbd8 t free
0000fe40 t malloc_trim
0000ff50 t realloc
000103fc t memalign
000105a4 t calloc
000106a8 T initf_malloc
000106cc T malloc_simple
000106d4 t alloc_simple
0001074c T memalign_simple
0001075c T image_multi_getimg
000107e8 T image_decomp
0001095c t on_loadaddr
00010998 T env_get_bootm_low
000109cc T env_get_bootm_size
00010a5c T env_get_bootm_mapsize
00010a90 T genimg_get_os_name
00010ad8 T genimg_get_comp_name
00010b20 T genimg_get_kernel_addr_fit
00010b40 T genimg_get_format
00010b7c T genimg_has_config
00010b84 T boot_get_ramdisk
00010cb8 T boot_ramdisk_high
00010de0 T boot_get_setup
00010de8 T image_setup_linux
00010e60 T ab_select_slot
00011354 T android_image_get_kernel
0001137c T android_image_check_header
00011384 T android_image_get_end
0001138c T android_image_get_kload
000113ac T android_image_get_kcomp
000113b4 T android_image_get_ramdisk
00011448 T android_image_get_kernel_cmdline
00011450 T android_image_is_bootconfig_used
00011478 T android_image_load
00012108 T android_image_get_second
00012110 T android_image_get_dtb_by_index
00012118 W android_bootloader_boot_kernel
00012208 t hex_to_str
00012284 T android_bootloader_boot_flow
000127a4 t android_part_get_info_by_name_suffix
00012838 T boot_fdt_add_mem_rsv_regions
00012984 t boot_fdt_reserve_region
000129cc T boot_relocate_fdt
00012b9c T boot_get_fdt
00012e10 W ft_verify_fdt
00012e18 T image_setup_libfdt
00012f40 W get_effective_memsize
00012f4c T stdio_get_list
00012f5c T stdio_get_by_name
00012fb0 T stdio_clone
00012ff8 T stdio_register_dev
00013050 T stdio_init_tables
0001306c T stdio_add_devices
00013118 t stdio_serial_putc
00013120 t stdio_serial_puts
00013128 t stdio_serial_getc
0001312c t stdio_serial_tstc
00013130 T run_command
00013144 T run_command_list
000131c4 T do_run
0001322c T cli_process_fdt
00013278 T cli_secure_boot_cmd
000132fc T cli_loop
00013314 T cli_init
00013318 T _do_help
000134c4 T find_cmd_tbl
00013574 T cmd_usage
000135d4 T find_cmd
00013608 T var_complete
000136a4 T complete_subcmdv
0001385c T cmd_auto_complete
00013ce0 T cmd_get_data_size
00013d64 T cmd_always_repeatable
00013d84 T cmd_never_repeatable
00013da4 T cmd_process
00013f58 T avb_set_state
00013f8c T append_cmd_line
00013fb0 T avb_ops_alloc
00014060 t read_from_partition
00014098 t write_to_partition
000140d0 t validate_vbmeta_public_key
0001413c t read_rollback_index
00014174 t write_rollback_index
00014198 t read_is_device_unlocked
000141c8 t get_unique_guid_for_partition
00014218 t get_size_of_partition
00014264 T avb_ops_free
000142ac t blk_byte_io
000145b0 t get_partition
00014668 t blk_read_and_flush
0001475c t blk_write
00014830 T blk_get_dev
00014838 t get_dev_hwpart
00014874 T dev_print
00014abc T part_init
00014b4c T part_print
00014be8 t part_driver_lookup_type
00014cd4 T part_get_info
00014d3c T part_get_info_whole_disk
00014d94 T blk_get_device_by_str
00014eb8 T blk_get_device_part_str
00015270 T part_get_info_by_name_type
000152f8 T part_get_info_by_name
000152fc T part_get_info_by_dev_and_name_or_num
00015408 T part_set_generic_name
00015464 T part_print_dos
000154a4 t print_partition_extended
00015758 T part_get_info_dos
00015784 t part_get_info_extended
00015a64 t test_block_type
00015b24 t part_test_dos
00015bc0 T part_get_info_iso_verb
00016038 t part_get_info_iso
00016040 t part_print_iso
000160e0 t part_test_iso
00016104 T get_disk_guid
0001619c t find_valid_gpt
00016250 T part_print_efi
00016518 t is_pte_valid
00016580 t print_efiname
000165d8 T part_get_info_efi
0001679c T write_gpt_table
00016b40 t set_protective_mbr
00016c60 T gpt_fill_pte
00017004 T gpt_fill_header
00017274 T gpt_restore
000173c0 T gpt_verify_headers
00017450 t is_gpt_valid
00017764 T gpt_verify_partitions
000179b8 t validate_gpt_header
00017bf8 t validate_gpt_entries
00017c9c t part_test_efi
00017d70 T device_bind_with_driver_data
00017d9c t device_bind_common
0001811c T device_bind_ofnode
0001814c T device_bind_by_name
000181c0 T device_ofdata_to_platdata
00018318 t alloc_priv
00018380 T device_probe
000184e8 T device_get_uclass_id
000184f8 T dev_get_platdata
00018528 T dev_get_parent_platdata
00018558 T dev_get_uclass_platdata
00018588 T dev_get_priv
000185b8 T dev_get_uclass_priv
000185e8 T dev_get_parent_priv
00018618 T device_find_first_child
00018634 T device_find_next_child
0001865c T dev_get_driver_data
00018664 T device_set_name_alloced
00018674 T device_set_name
000186b0 T device_is_compatible
000186cc T devfdt_get_addr_index
000187b0 T devfdt_get_addr
000187b8 T lists_driver_lookup_name
00018838 T lists_uclass_lookup
000188a4 T lists_bind_drivers
000189b0 T device_bind_driver
000189d0 T device_bind_driver_to_node
00018a8c T lists_bind_fdt
00018c94 T dm_root
00018ccc T dm_init
00018d4c T dm_remove_devices_flags
00018d94 T dm_scan_platdata
00018dc8 T dm_scan_fdt_dev
00018df8 t dm_scan_fdt_node
00018eac T dm_extended_scan_fdt
00018f30 W dm_scan_other
00018f38 T dm_init_and_scan
00018f8c T uclass_find
00018fe0 T uclass_get
00019120 T uclass_find_device
00019194 T uclass_find_device_by_seq
0001921c T uclass_find_device_by_of_offset
00019290 T uclass_get_device
000192d8 T uclass_get_device_by_seq
0001934c T uclass_get_device_by_of_offset
00019394 T uclass_first_device
00019400 T uclass_first_device_err
0001942c T uclass_next_device
00019478 T uclass_first_device_check
000194dc T uclass_next_device_check
00019518 T uclass_bind_device
000195a0 T uclass_unbind_device
000195f0 T uclass_resolve_seq
000196d8 T uclass_pre_probe_device
00019748 T uclass_post_probe_device
000197b4 T uclass_pre_remove_device
000197e8 T dm_warn
0001981c T pci_get_devfn
00019864 T devres_release_probe
00019870 t release_nodes
000198e8 T devres_release_all
000198f4 T device_remove
00019a88 T device_free
00019b30 t simple_bus_post_bind
00019b90 T ofnode_read_u32_index
00019bfc T ofnode_read_u32_default
00019c24 T ofnode_read_bool
00019c50 T ofnode_get_property
00019c68 T ofnode_read_string
00019cc0 T ofnode_find_subnode
00019ce4 T ofnode_read_u32_array
00019d18 T ofnode_first_subnode
00019d38 T ofnode_next_subnode
00019d58 T ofnode_get_name
00019d78 T ofnode_read_simple_addr_cells
00019d88 T ofnode_read_simple_size_cells
00019d98 T ofnode_path
00019db8 T ofnode_is_available
00019ddc T ofnode_read_pci_addr
00019eb4 T ofnode_read_pci_vendev
00019fcc T ofnode_pre_reloc
0001a074 T ofnode_read_resource
0001a0e4 T ofnode_device_is_compatible
0001a10c T ofnode_by_prop_value
0001a144 T sysreset_get_status
0001a160 T sysreset_walk
0001a200 T sysreset_walk_halt
0001a230 T do_reset
0001a258 t sysreset_post_bind
0001a260 t psci_sysreset_request
0001a2ac t psci_bind
0001a304 t psci_probe
0001a388 T pci_get_bus
0001a3dc T pci_get_controller
0001a418 T dm_pci_get_bdf
0001a460 t pci_get_bus_max
0001a4ac T pci_get_ff
0001a4c8 T pci_bus_find_devfn
0001a540 T dm_pci_bus_find_bdf
0001a580 T dm_pci_write_config
0001a624 T dm_pci_write_config8
0001a62c T dm_pci_write_config16
0001a634 T dm_pci_write_config32
0001a63c T dm_pci_read_config
0001a6e0 T dm_pci_read_config8
0001a710 T dm_pci_read_config16
0001a740 T dm_pci_read_config32
0001a770 T pci_auto_config_devices
0001a894 T pci_generic_mmap_write_config
0001a924 T pci_generic_mmap_read_config
0001a9c8 T dm_pci_hose_probe_bus
0001aa70 T dm_pci_find_capability
0001aaf0 T pci_bind_bus_devices
0001b018 T dm_pci_read_bar32
0001b070 T dm_pci_bus_to_phys
0001b11c t _dm_pci_bus_to_phys
0001b1c0 T dm_pci_map_bar
0001b2f0 T dm_pci_find_next_capability
0001b2fc t _dm_pci_find_next_capability
0001b3ac t pci_uclass_pre_probe
0001b67c t pci_uclass_post_probe
0001b6e8 t pci_uclass_child_post_bind
0001b730 T pci_init
0001b774 t pci_bridge_read_config
0001b798 t pci_bridge_write_config
0001b7bc T dm_pciauto_setup_device
0001bab8 T dm_pciauto_prescan_setup_bridge
0001bc98 T dm_pciauto_postscan_setup_bridge
0001bdbc T dm_pciauto_config_device
0001be90 T pciauto_region_align
0001beac T pciauto_region_allocate
0001bf10 T pciauto_config_init
0001c02c T pci_class_str
0001c058 t pci_generic_ecam_probe
0001c078 t pci_generic_ecam_ofdata_to_platdata
0001c0f4 t pci_generic_ecam_read_config
0001c17c t pci_generic_ecam_write_config
0001c1f8 t pci_generic_ecam_conf_address
0001c274 T virtio_get_config
0001c288 T virtio_generation
0001c2a8 T virtio_reset
0001c2bc T virtio_find_vqs
0001c2d0 T virtio_notify
0001c2e4 T virtio_add_status
0001c33c T virtio_finalize_features
0001c3c8 T virtio_driver_features_init
0001c3d8 T virtio_init
0001c428 t virtio_uclass_pre_probe
0001c4a8 t virtio_uclass_post_probe
0001c57c t virtio_uclass_child_post_bind
0001c594 t virtio_uclass_child_pre_probe
0001c82c t virtio_uclass_child_post_probe
0001c844 T virtqueue_add
0001cac8 T virtqueue_kick
0001cb54 T virtqueue_get_buf
0001cccc T vring_create_virtqueue
0001cec4 T vring_del_virtqueue
0001cefc T virtqueue_get_vring_size
0001cf04 T virtqueue_get_desc_addr
0001cf0c T virtqueue_get_avail_addr
0001cf14 T virtqueue_get_used_addr
0001cf1c t virtio_mmio_probe
0001cfbc t virtio_mmio_ofdata_to_platdata
0001cff0 t virtio_mmio_get_config
0001d134 t virtio_mmio_set_config
0001d28c t virtio_mmio_generation
0001d2c4 t virtio_mmio_get_status
0001d2ec t virtio_mmio_set_status
0001d340 t virtio_mmio_reset
0001d364 t virtio_mmio_get_features
0001d3c8 t virtio_mmio_set_features
0001d448 t virtio_mmio_find_vqs
0001d63c t virtio_mmio_del_vqs
0001d6f8 t virtio_mmio_notify
0001d720 t virtio_pci_bind
0001d778 t virtio_pci_bind
0001d7d0 t virtio_pci_probe
0001d8a0 t virtio_pci_probe
0001d9f4 t virtio_pci_get_config
0001da34 t virtio_pci_get_config
0001db84 t virtio_pci_set_config
0001dbc4 t virtio_pci_set_config
0001dd28 t virtio_pci_get_status
0001dd50 t virtio_pci_get_status
0001dd78 t virtio_pci_set_status
0001ddcc t virtio_pci_set_status
0001de20 t virtio_pci_reset
0001de50 t virtio_pci_reset
0001dea4 t virtio_pci_get_features
0001ded0 t virtio_pci_get_features
0001df30 t virtio_pci_set_features
0001df9c t virtio_pci_set_features
0001e018 t virtio_pci_find_vqs
0001e0e8 t virtio_pci_find_vqs
0001e240 t virtio_pci_del_vqs
0001e2a4 t virtio_pci_del_vqs
0001e308 t virtio_pci_notify
0001e330 t virtio_pci_notify
0001e37c t virtio_pci_find_capability
0001e418 t virtio_pci_map_capability
0001e474 t virtio_pci_generation
0001e49c t virtio_blk_bind
0001e544 t virtio_blk_probe
0001e5f4 t virtio_blk_read
0001e61c t virtio_blk_write
0001e644 t virtio_blk_do_req
0001e738 t virtio_rng_bind
0001e770 t virtio_rng_probe
0001e798 t virtio_rng_read
0001e848 T blk_get_if_type_name
0001e858 T blk_get_devnum_by_typename
0001e94c T blk_list_part
0001e9d4 t get_desc
0001eaa4 T blk_print_part_devnum
0001eae8 T blk_list_devices
0001eb60 T blk_print_device_num
0001eba8 T blk_show_device
0001ec28 T blk_read_devnum
0001ec68 T blk_dread
0001ed08 T blk_write_devnum
0001ed48 T blk_dwrite
0001eda0 T blk_dselect_hwpart
0001edcc T blk_find_device
0001ee58 T blk_find_max_devnum
0001eed0 T blk_next_free_devnum
0001eef0 T blk_create_device
0001f088 t blk_post_probe
0001f0a0 T blkcache_read
0001f1c4 T blkcache_fill
0001f328 T blkcache_invalidate
0001f3b8 T dm_rtc_get
0001f3d4 T dm_rtc_set
0001f3f0 T dm_rtc_reset
0001f40c T rtc_month_days
0001f480 T rtc_to_tm
0001f6c0 t pl031_probe
0001f6e4 t pl031_ofdata_to_platdata
0001f70c t pl031_get
0001f750 t pl031_set
0001f790 t pl031_reset
0001f7b4 T dm_rng_read
0001f7d0 T serial_init
0001f970 T serial_setbrg
0001f9b4 T serial_initialize
0001f9c8 T serial_putc
0001fa30 T serial_puts
0001fab8 T serial_getc
0001fb04 T serial_tstc
0001fb40 T serial_stdio_init
0001fb44 t on_baudrate
0001fc50 t serial_post_probe
0001fd2c t serial_pre_remove
0001fd34 t serial_stub_putc
0001fd88 t serial_stub_puts
0001fdfc t serial_stub_getc
0001fe2c t serial_stub_tstc
0001fe50 T pl01x_serial_setbrg
0001ff8c T pl01x_serial_probe
0001fffc T pl01x_serial_getc
00020040 T pl01x_serial_putc
00020078 T pl01x_serial_pending
000200c0 T pl01x_serial_ofdata_to_platdata
00020134 T env_get_yesno
00020190 T env_get_default
000201dc T env_set_default
00020294 T env_set_default_vars
000202dc T env_import
000203b8 T env_export
00020440 T env_relocate
0002047c T env_complete
0002066c W env_get_location
0002067c W env_get_char_spec
0002068c T env_get_char
000206b0 T env_load
000207dc T env_save
000208f8 T env_init
00020a44 T env_attr_walk
00020b88 T env_attr_lookup
00020c18 t regex_callback
00020d60 T env_flags_parse_vartype
00020db8 T env_flags_parse_varaccess
00020e10 T env_flags_init
00020ef0 t on_flags
00020f44 T env_flags_validate
0002119c t clear_flags
000211ac t set_flags
00021244 T env_callback_init
00021370 t on_callbacks
000213c4 t clear_callback
000213d4 t set_callback
000214bc t env_raw_disk_load
000215a0 t env_raw_disk_save
0002167c T fs_get_type
0002168c T fs_set_blk_dev
00021768 T fs_set_blk_dev_with_part
0002183c T fs_close
00021874 T fs_exists
000218d0 T fs_size
0002192c T fs_read
000219a8 T fs_write
00021a70 T fs_opendir
00021b20 T fs_readdir
00021bb0 T fs_closedir
00021c24 T fs_unlink
00021c80 T fs_mkdir
00021cdc T fs_ln
00021d64 T do_size
00021e14 T do_load
00022224 T do_ls
000222f0 T file_exists
0002236c T do_save
000224f8 T do_fs_type
000225a4 T do_rm
00022634 T do_mkdir
000226dc T do_ln
00022728 T do_fs_types
000227b4 t fs_ls_generic
000228a0 t fs_uuid_unsupported
000228a8 t fs_ln_unsupported
000228b0 t fs_probe_unsupported
000228cc t fs_ls_unsupported
000228d4 t fs_exists_unsupported
000228dc t fs_size_unsupported
000228e4 t fs_read_unsupported
000228ec t fs_write_unsupported
000228f4 t fs_close_unsupported
000228f8 t fs_opendir_unsupported
00022900 t fs_unlink_unsupported
00022908 t fs_mkdir_unsupported
00022910 T fat_set_blk_dev
000229fc T file_fat_detectfs
00022a98 t read_bootsectandvi
00022be4 T fat_exists
00022c60 t fat_itr_root
00022e28 t fat_itr_resolve
00022ffc T fat_size
000230d4 T file_fat_read_at
00023548 T fat_read_file
000235a4 T fat_opendir
00023648 T fat_readdir
000236d0 t fat_itr_next
00023a24 T fat_closedir
00023a44 T fat_close
00023a48 T file_fat_write_at
00023d64 t split_filename
00023e4c t normalize_longname
00023f28 t find_directory_entry
00023fe4 t set_name
00024134 t fill_dir_slot
00024460 t set_contents
00024fec t flush_dirty_fat_buffer
00025090 t flush_dir
00025104 T file_fat_write
00025138 T fat_unlink
00025438 T fat_mkdir
000257fc t fat_itr_child
00025870 t get_fatent
00025a24 t get_cluster
00025c08 t next_dent
00025d88 t downcase
00025de0 t new_dir_table
00025eb8 t set_fatent_value
00026130 t clear_fatent
000261a8 t determine_fatent
000261ec t disk_write
0002627c t set_sectors
000263ec T efi_driver_init
00026510 t efi_uc_init
0002652c t efi_uc_destroy
00026548 t efi_uc_supported
0002660c t efi_uc_start
000266f4 t efi_uc_stop
00026840 t check_node_type
000268c8 t disconnect_child
00026944 t efi_bl_read
000269ac t efi_bl_write
00026a14 t efi_bl_bind
00026b4c T efi_set_load_options
00026c00 T efi_deserialize_load_option
00026cf8 T efi_bootmgr_load
00026e9c t try_load_entry
000270a4 t get_var
00027134 T __efi_entry_check
00027184 T __efi_exit_check
000271c4 T efi_save_gd
000271d8 T efi_restore_gd
00027204 T efi_signal_event
000272c4 t efi_queue_event
00027348 T efi_add_handle
00027374 T efi_create_handle
000273c8 T efi_search_protocol
00027458 T efi_search_obj
00027494 T efi_remove_protocol
000274f8 T efi_remove_all_protocols
00027570 T efi_delete_handle
000275ac T efi_create_event
00027704 T efi_create_event_ex
000277a4 T efi_timer_check
00027854 t efi_process_event_queue
00027940 T efi_set_timer
00027a2c T efi_add_protocol
00027b94 T efi_install_configuration_table
00027d2c T efi_setup_loaded_image
00027ea0 T efi_load_image
00028314 T efi_close_protocol
00028458 T efi_locate_handle_buffer
00028574 t efi_locate_handle
00028724 T efi_install_multiple_protocol_interfaces
000289ac t efi_locate_device_path
00028ba8 t efi_install_protocol_interface
00028c6c t efi_uninstall_protocol_interface
00028d24 T efi_start_image
00028fe0 t efi_open_protocol
00029428 T efi_unload_image
000295c4 t efi_delete_image
000296dc T efi_handle_protocol
00029710 T efi_initialize_system_table
00029780 t efi_uninstall_protocol
00029874 t efi_disconnect_all_drivers
00029a8c t efi_disconnect_controller
00029ed8 t efi_raise_tpl
00029f60 t efi_restore_tpl
00029fe4 t efi_allocate_pages_ext
0002a054 t efi_free_pages_ext
0002a0c4 t efi_get_memory_map_ext
0002a13c t efi_allocate_pool_ext
0002a1ac t efi_free_pool_ext
0002a21c t efi_create_event_ext
0002a29c t efi_set_timer_ext
0002a30c t efi_wait_for_event
0002a4cc t efi_signal_event_ext
0002a590 t efi_close_event
0002a728 t efi_check_event
0002a838 t efi_reinstall_protocol_interface
0002a940 t efi_register_protocol_notify
0002aa34 t efi_locate_handle_ext
0002aaac t efi_install_configuration_table_ext
0002ab1c t efi_exit
0002ad00 t efi_exit_boot_services
0002aeec t efi_get_next_monotonic_count
0002af88 t efi_stall
0002b030 t efi_set_watchdog_timer
0002b0a0 t efi_connect_controller
0002b3a0 t efi_open_protocol_information
0002b4ec t efi_protocols_per_handle
0002b678 t efi_locate_protocol
0002b844 t efi_uninstall_multiple_protocol_interfaces
0002ba10 t efi_calculate_crc32
0002bab4 t efi_copy_mem
0002bb24 t efi_set_mem
0002bba0 t efi_bind_controller
0002bd50 t efi_cout_reset
0002bdac t efi_cout_output_string
0002bf2c t efi_cout_test_string
0002bf44 t efi_cout_query_mode
0002bfb8 t efi_cout_set_mode
0002c034 t efi_cout_set_attribute
0002c0a4 t efi_cout_clear_screen
0002c0dc t efi_cout_set_cursor_position
0002c168 t efi_cout_enable_cursor
0002c1a8 T set_shift_mask
0002c214 t efi_cin_reset
0002c248 t efi_cin_read_key_stroke
0002c2cc T efi_console_register
0002c604 t efi_key_notify
0002c61c t efi_console_timer_notify
0002c634 t efi_cin_empty_buffer
0002c664 t efi_cin_check
0002ca30 t analyze_modifiers
0002cac8 t term_get_char
0002cb10 t efi_cin_reset_ex
0002cb44 t efi_cin_read_key_stroke_ex
0002cc10 t efi_cin_set_state
0002cc28 t efi_cin_register_key_notify
0002ccbc t efi_cin_unregister_key_notify
0002cd34 T efi_dp_next
0002cd6c T efi_dp_match
0002ce2c T efi_dp_find_obj
0002ce80 t find_obj
0002d0a8 T efi_dp_last_node
0002d0fc T efi_dp_instance_size
0002d158 T efi_dp_size
0002d194 T efi_dp_dup
0002d208 t dp_alloc
0002d254 T efi_dp_append
0002d340 T efi_dp_append_node
0002d460 T efi_dp_create_device_node
0002d4ac T efi_dp_append_instance
0002d5c4 T efi_dp_get_next_instance
0002d69c T efi_dp_is_multi_instance
0002d6dc T efi_dp_from_part
0002d740 t dp_part_size
0002d7a4 t dp_part_fill
0002d804 T efi_dp_part_node
0002d840 t dp_part_node
0002da68 T efi_dp_from_file
0002dba4 T efi_dp_from_mem
0002dcbc T efi_dp_split_file_path
0002dd80 T efi_dp_from_name
0002dec4 T efi_dp_check_length
0002df40 t dp_size
0002dfe8 t dp_fill
0002e1e4 T efi_dp_str
0002e214 t efi_convert_device_path_to_text
0002e294 t efi_convert_device_node_to_text
0002e2e4 t efi_convert_single_device_node_to_text
0002e9c8 t efi_str_to_u16
0002ea28 t get_device_path_size
0002ea60 t duplicate_device_path
0002ea88 t append_device_path
0002eab8 t append_device_node
0002eae8 t append_device_path_instance
0002eb18 t get_next_device_path_instance
0002eb48 t is_device_path_multi_instance
0002eb70 t create_device_node
0002eba8 T efi_file_from_path
0002ecf8 T efi_simple_file_system
0002ed40 t efi_open_volume
0002edcc t efi_file_open
0002f17c t efi_file_close
0002f1a8 t efi_file_delete
0002f208 t efi_file_read
0002f458 t efi_file_write
0002f534 t efi_file_getpos
0002f56c t efi_file_setpos
0002f5fc t efi_file_getinfo
0002f830 t efi_file_setinfo
0002f96c t efi_file_flush
0002f984 t efi_file_open_ex
0002f98c t efi_file_read_ex
0002f994 t efi_file_write_ex
0002f99c t efi_file_flush_ex
0002f9a4 t efi_get_file_size
0002f9ec t new_package_list
0002fab4 t remove_package_list
0002fb0c t update_package_list
0002fc2c t list_package_lists
0002fd44 t export_package_lists
0002fd74 t register_package_notify
0002fdc8 t unregister_package_notify
0002fde0 t find_keyboard_layouts
0002fe98 t get_keyboard_layout
0002ff58 t set_keyboard_layout
0002ff70 t get_package_list_handle
0002ffd4 t new_string
000300fc t get_string
000301ec t set_string
00030328 t get_languages
00030438 t get_secondary_languages
000304dc t add_packages
000308d4 t free_packagelist
00030918 t free_keyboard_layouts
00030974 t remove_strings_package
000309f8 t remove_guid_package
00030a3c t remove_keyboard_package
00030a8c t language_match
00030adc t extract_config
00030af4 t export_config
00030b0c t route_config
00030b24 t block_to_config
00030b3c t config_to_block
00030b54 t get_alt_config
00030b6c T efi_print_image_infos
00030c6c T efi_load_pe
00031108 t efi_set_code_and_data_type
00031160 T efi_add_memory_map
000311b4 t efi_add_memory_map_pg
00031684 T efi_allocate_pages
000318ac t efi_check_allocated
0003192c T efi_alloc
00031984 T efi_free_pages
00031a24 T efi_allocate_pool
00031ad4 T efi_free_pool
00031b98 T efi_get_memory_map
00031c70 T efi_add_conventional_memory_map
00031d50 W efi_add_known_memory
00031db4 T efi_memory_init
00031e5c t efi_mem_cmp
00031e94 T efi_root_node_register
00031fdc T efi_init_runtime_supported
00032038 W efi_reset_system_init
00032040 t efi_get_time_boottime
00032140 t efi_set_time_boottime
000322b0 t efi_set_virtual_address_map
00032528 t efi_reset_system_boottime
000325b4 T efi_init_obj_list
000327a0 t efi_stri_coll
00032824 t efi_metai_match
00032854 t efi_str_lwr
00032898 t efi_str_upr
000328dc t efi_fat_to_str
00032958 t efi_str_to_fat
00032a60 t metai_match
00032c20 T efi_get_variable
00032c88 T efi_set_variable
00032ce8 T efi_get_next_variable_name
00032d20 T efi_query_variable_info
00032d60 T efi_init_secure_state
00032ed0 T efi_auth_var_get_type
00032f3c T efi_var_mem_init
00032ffc t efi_var_mem_notify_exit_boot_services
00033078 T efi_var_collect
0003324c T efi_var_to_file
00033300 t efi_set_blk_dev_to_system_partition
0003338c T efi_var_restore
000334b0 T efi_var_from_file
0003358c T efi_set_variable_int
00033804 T efi_query_variable_info_int
00033838 T efi_variables_boot_exit_notify
00033874 T efi_init_variables
000338a0 T efi_set_watchdog
000338dc T efi_watchdog_register
0003396c t efi_watchdog_timer_notify
000339b4 T efi_fs_from_path
00033a30 T efi_disk_create_partitions
00033b20 t efi_disk_add_dev
00033d60 T efi_disk_register
00033e84 t efi_disk_reset
00033e9c t efi_disk_read_blocks
00033f64 t efi_disk_write_blocks
0003403c t efi_disk_flush_blocks
00034054 t efi_disk_rw_blocks
000340d8 T efi_smbios_register
00034150 T efi_rng_register
000341c8 t rng_getinfo
00034258 t getrng
00034308 T console_read_unicode
00034428 T utf8_get
00034560 T utf8_put
0003463c T utf8_utf16_strnlen
000346bc T utf8_utf16_strncpy
00034748 T utf16_put
000347c8 T utf16_get
00034860 T utf16_strnlen
000348d8 T utf16_utf8_strnlen
00034970 T utf16_utf8_strncpy
000349fc T utf_to_lower
00034a48 T utf_to_upper
00034a8c T u16_strncmp
00034ac4 T u16_strlen
00034af0 T u16_strdup
00034b5c T utf16_to_utf8
00034c88 T write_smbios_table
00034e00 t smbios_write_type0
00034f1c t smbios_write_type1
00035100 t smbios_write_type2
00035228 t smbios_write_type3
00035304 t smbios_write_type4
00035404 t smbios_write_type32
00035458 t smbios_write_type127
000354ac t smbios_add_string
00035530 T list_sort
00035764 t merge
00035804 T inflate_fast
00035e38 T inflate_table
000363f8 T inflateReset
00036470 T inflateInit2_
00036574 T zcalloc
0003657c T zcfree
00036584 T inflate
000380f0 T adler32
000383f0 T inflateEnd
0003845c T gzalloc
0003846c T gzfree
00038474 T gzip_parse_header
00038510 T gunzip
00038568 T zunzip
0003867c T ulz4fn
00038ae8 T avb_chain_partition_descriptor_validate_and_byteswap
00038de0 T avb_sub_cmdline
00039038 T avb_append_options
0003943c t cmdline_append_option
0003952c t cmdline_append_hex
00039580 T avb_new_cmdline_subst_list
00039588 T avb_free_cmdline_subst_list
000395dc T avb_add_root_digest_substitution
000396a4 t uint64_to_base10
00039730 T avb_get_algorithm_data
00039750 T avb_rsa_public_key_header_validate_and_byteswap
000397f0 T avb_footer_validate_and_byteswap
00039abc T avb_hashtree_descriptor_validate_and_byteswap
0003a150 T avb_sha256_init
0003a184 T avb_sha256_update
0003a238 t SHA256_transform
0003a464 T avb_sha256_final
0003a558 T avb_slot_verify
0003ac78 t load_and_verify_vbmeta
0003c374 T avb_slot_verify_data_free
0003c480 T avb_slot_verify_data_calculate_vbmeta_digest
0003c59c t read_persistent_digest
0003c8d4 t load_full_partition
0003caec T avb_be32toh
0003caf4 T avb_be64toh
0003cb04 T avb_safe_memcmp
0003cb44 T avb_safe_add_to
0003cbb8 T avb_basename
0003cc0c T avb_safe_add
0003cc40 T avb_validate_utf8
0003ccdc T avb_str_concat
0003cddc T avb_malloc
0003ce40 T avb_calloc
0003ce74 T avb_strdup
0003cebc T avb_strstr
0003cf34 T avb_strv_find_str
0003cf9c T avb_replace
0003d158 T avb_strdupv
0003d2a4 T avb_uppercase
0003d2d8 T avb_bin2hex
0003d350 T avb_version_string
0003d35c T avb_descriptor_validate_and_byteswap
0003d4b8 T avb_descriptor_foreach
0003d884 T avb_descriptor_get_all
0003d908 t count_descriptors
0003d91c t set_descriptors
0003d934 T avb_hash_descriptor_validate_and_byteswap
0003dcd0 T avb_kernel_cmdline_descriptor_validate_and_byteswap
0003dee8 T avb_rsa_verify
0003e468 t montMul
0003e5dc T avb_sha512_init
0003e628 T avb_sha512_update
0003e6dc t SHA512_transform
0003ec08 T avb_sha512_final
0003ed1c T avb_memcmp
0003ed20 T avb_memcpy
0003ed24 T avb_memset
0003ed28 T avb_strcmp
0003ed2c T avb_strncmp
0003ed30 T avb_strlen
0003ed34 T avb_abort
0003ed40 T avb_printv
0003edac T avb_malloc_
0003edb0 T avb_free
0003edb4 T avb_div_by_10
0003ede8 T avb_vbmeta_image_verify
0003fa20 T avb_vbmeta_image_header_to_host_byte_order
00040188 T avb_vbmeta_verify_result_to_string
000401fc T addBootConfigParameters
000402c0 T addBootConfigTrailer
00040374 T fdt_ro_probe_
000403ec T fdt_check_header
00040538 T fdt_offset_ptr
000405b4 T fdt_next_tag
000406d8 T fdt_check_node_offset_
00040718 T fdt_check_prop_offset_
00040758 T fdt_next_node
00040834 T fdt_first_subnode
00040874 T fdt_next_subnode
000408c4 T fdt_find_string_
0004092c T fdt_move
00040988 T fdt_get_string
00040a98 T fdt_string
00040aa0 T fdt_get_mem_rsv
00040b2c T fdt_num_mem_rsv
00040b98 T fdt_subnode_offset_namelen
00040c98 T fdt_subnode_offset
00040ccc T fdt_path_offset_namelen
00040dd4 T fdt_get_alias_namelen
00040e44 T fdt_path_offset
00040e70 T fdt_get_name
00040f10 T fdt_first_property_offset
00040f40 t nextprop_
00040fa4 T fdt_next_property_offset
00040fd4 t fdt_get_property_by_offset_
00041030 t fdt_get_property_namelen_
00041100 T fdt_get_property
00041174 T fdt_getprop_namelen
000411f0 T fdt_getprop_by_offset
000412a0 T fdt_getprop
000412e4 T fdt_supernode_atdepth_offset
000413c8 T fdt_node_depth
000413f8 T fdt_parent_offset
00041450 T fdt_node_offset_by_prop_value
00041514 T fdt_stringlist_contains
000415a0 T fdt_node_check_compatible
0004160c T fdt_node_end_offset_
0004165c T fdt_strerror
00041694 T fdt_add_mem_rsv
0004171c t fdt_rw_probe_
00041780 t fdt_splice_mem_rsv_
000417e0 T fdt_del_mem_rsv
0004183c t fdt_splice_struct_
00041890 T fdt_setprop_placeholder
0004195c t fdt_add_property_
00041ae4 T fdt_setprop
00041b38 T fdt_delprop
00041b9c T fdt_add_subnode_namelen
00041ca4 T fdt_add_subnode
00041cd8 T fdt_del_node
00041d30 T fdt_open_into
00041ee4 t fdt_blocks_misordered_
00041f48 t fdt_packblocks_
00041fdc t fdt_splice_
00042060 T fdt_address_cells
00042090 t fdt_cells
000420e0 T fdt_size_cells
00042100 T fdtdec_get_int
0004213c T fdtdec_get_addr_size_fixed
00042238 T fdtdec_get_number
0004226c T fdtdec_get_addr_size_auto_parent
000422e4 T fdtdec_get_is_enabled
00042324 T fdtdec_get_alias_seq
00042458 T fdtdec_get_alias_highest_id
00042534 T fdtdec_get_chosen_prop
00042574 T fdtdec_prepare_fdt
000425cc T fdtdec_get_int_array
00042630 T fdtdec_get_config_int
00042678 T fdtdec_get_config_string
000426c4 T fdt_get_resource
00042804 T fdtdec_setup_mem_size_base
0004286c T get_next_memory_node
000428b4 T fdtdec_setup_memory_banksize
00042960 W fdtdec_board_setup
00042968 T fdtdec_setup
000429b8 T qsort
00042aac T strcmp_compar
00042ab8 T hcreate_r
00042b78 T hdestroy_r
00042bfc T hmatch_r
00042cb4 T hsearch_r
00043174 T hdelete_r
00043284 T hexport_r
00043638 t cmpkey
0004364c T himport_r
00043a3c t drop_var_from_set
00043aac T hwalk_r
00043b10 t match_string
00043bac T display_options_get_banner_priv
00043c58 T display_options_get_banner
00043c68 T display_options
00043ca8 T print_size
00043de0 W __div64_32
00043f00 T hang
00043f20 T strim
00043f8c T lmb_dump_all
00043f90 T lmb_init_and_reserve
00043fd8 t lmb_reserve_common
00044010 T lmb_init_and_reserve_range
0004404c t lmb_add_region
000441c8 T lmb_free
00044298 t lmb_remove_region
000442d8 T lmb_reserve
000442e0 T lmb_alloc
000442e8 T lmb_alloc_base
00044324 T __lmb_alloc_base
0004446c T lmb_alloc_addr
000444f8 W board_lmb_reserve
000444fc T slre_compile
0004464c t compile
00044cec T slre_match
00044d88 t match
00045204 t get_escape_char
00045294 t quantifier
00045390 t relocate
000453f0 t loop_greedy
000454d4 t loop_non_greedy
0004558c T strncasecmp
00045610 T strcasecmp
00045618 T strcpy
00045634 T strncpy
00045654 T strlen
0004566c T strcat
00045698 T strncat
000456e4 T strcmp
00045710 T strncmp
00045754 T strchr
0004577c T strrchr
000457c4 T strnlen
000457fc T strdup
0004585c T strsep
000458d8 T memmove
00045920 T memcmp
00045954 T strstr
000459e0 T memchr
00045a08 W get_timer
00045a24 t tick_to_time
00045a88 W timer_get_us
00045aa8 T usec_to_tick
00045b04 W __udelay
00045b48 T udelay
00045b7c T uuid_str_valid
00045c24 T uuid_guid_get_bin
00045c84 T uuid_guid_get_str
00045ce8 T uuid_str_to_bin
00045e68 T uuid_bin_to_str
00045f1c T panic_str
00045f2c t panic_finish
00045f60 T panic
00045f88 t vsnprintf_internal
0004685c T snprintf
0004688c T sprintf
000468cc T printf
00046944 T vprintf
000469a0 T simple_itoa
000469e8 t string16
00046afc t string
00046bb8 t number
00046ea4 t put_dec_trunc
00046fa8 t put_dec
000470f0 T simple_strtoul
00047184 t _parse_integer_fixup_radix
00047224 T strict_strtoul
000472ac T simple_strtol
000472d8 T ustrtoul
0004736c T ustrtoull
00047418 T simple_strtoull
000474d0 T trailing_strtoln
00047554 T trailing_strtol
0004755c T rtc_calc_weekday
00047660 T rtc_mktime
00047720 T __aeabi_uidiv
00047720 T __udivsi3
000477bc T __aeabi_idiv
000477bc T __divsi3
00047888 T __aeabi_uidivmod
000478a0 T __aeabi_idivmod
000478b8 t Ldiv0
000478c8 T __aeabi_uldivmod
000478f0 t L_div_64_64
00047900 t L_lsl_4
0004792c t L_lsl_1
00047958 t L_subtract
00047974 t L_update
00047998 t L_exit
000479ac t L_div_32_32
000479c4 t L_pow2
00047a34 t L_div_by_0
00047a4c T __div0
00047a70 r ROOT
00047a88 r block_io_disk_template
00047af8 r number.digits
00047b08 R efi_block_io_guid
00047b18 r efi_file_handle_protocol
00047b58 R efi_file_info_guid
00047b68 R efi_file_system_info_guid
00047b78 R efi_global_variable_guid
00047b88 R efi_guid_device_path
00047b98 R efi_guid_device_path_to_text_protocol
00047ba8 R efi_guid_device_path_utilities_protocol
00047bb8 R efi_guid_driver_binding_protocol
00047bc8 R efi_guid_event_group_exit_boot_services
00047bd8 R efi_guid_event_group_memory_map_change
00047be8 R efi_guid_event_group_reset_system
00047bf8 R efi_guid_fdt
00047c08 R efi_guid_hii_config_routing_protocol
00047c18 R efi_guid_hii_database_protocol
00047c28 R efi_guid_hii_string_protocol
00047c38 R efi_guid_image_security_database
00047c48 R efi_guid_loaded_image
00047c58 R efi_guid_loaded_image_device_path
00047c68 R efi_guid_rng_protocol
00047c78 R efi_guid_text_input_ex_protocol
00047c88 R efi_guid_text_input_protocol
00047c98 R efi_guid_text_output_protocol
00047ca8 R efi_guid_unicode_collation_protocol2
00047cb8 R efi_guid_virtio_dev
00047cc8 r efi_rt_properties_table_guid
00047cd8 R efi_simple_file_system_protocol_guid
00047ce8 R efi_system_volume_label_id
00047cf8 R efi_u_boot_guid
00047d08 r list_guid
00047dc8 r partition_basic_data_guid
00047dd8 r sha512_h0
00047e18 r sha512_k
00048098 r smbios_guid
000480d0 r system_guid
00048260 r baudrate_table
00048274 r boot_os
000482bc r color
000482fc r env_flags_varaccess_mask
0004834c r sha256_h0
0004836c r driver_ops
00048378 r efi_blk_ops
00048388 R efi_device_path_to_text
00048390 R efi_device_path_utilities
000483b0 R efi_hii_config_routing
000483c8 R efi_hii_database
000483f4 R efi_hii_string
00048408 r efi_rng_protocol
00048410 R efi_unicode_collation_protocol2
0004842c r fdt_errtable
00048478 r fdt_member_table
000484a0 r fstypes
00048528 r generic_simple_bus_ids
00048540 r if_type_uclass_id
00048578 r if_typename_str
000485b0 r init_sequence_f
0004866c r month_offset
0004869c r name_type
000486cc R op_adv
000487cc r op_table
00048834 r pci_bridge_ids
00048844 r pci_bridge_ops
0004884c r pci_flag_info
00048874 r pci_generic_ecam_ids
0004888c r pci_generic_ecam_ops
00048894 r pci_generic_ids
000488a4 r pl01x_serial_id
000488bc r pl01x_serial_ops
000488dc r pl031_ids
000488ec r pl031_ops
00048908 r psci_of_match
00048928 r reserved_list
000489ac r sha256_k
00048aac r smbios_write_funcs
00048ae4 r machines
00048af4 r uimage_comp
00048b54 r uimage_os
00048bf0 r uimage_type
00048dd0 r virtio_blk_ops
00048de0 r virtio_drv_name
00048df4 r virtio_mmio_ids
00048e04 r virtio_mmio_ops
00048e30 r virtio_pci_ops
00048e5c r virtio_pci_ops
00048e88 r virtio_rng_ops
00048e8c r weekdays
00048ea8 r END
00048eac r capitalization_table
00049d7c r codepage
00049e7c r distfix
00049efc r inflate.order
00049f22 r inflate_table.dbase
00049f62 r inflate_table.dext
00049fa2 r inflate_table.lbase
00049fe0 r inflate_table.lext
0004a01e r lenfix
0004a987 R _ctype
0004aa87 R default_environment
0004b5bc r env_flags_varaccess_rep
0004b5c1 r env_flags_vartype_rep
0004b5c6 r erase_seq
0004b5ca R hex_asc
0004b5db r illegal
0004b5ec r padding_RSA2048_SHA256
0004b6cc r padding_RSA2048_SHA512
0004b78c r padding_RSA4096_SHA256
0004b96c r padding_RSA4096_SHA512
0004bb2c r padding_RSA8192_SHA256
0004bf0c r padding_RSA8192_SHA512
0004c2cc r print_size.names
0004c2d2 r rtc_days_in_month
00058112 r tab_seq
0005811b V version_string
00058178 d bootm_help_text
00058508 d cmd_bootm_sub
00058604 d source_help_text
00058652 d bootefi_help_text
000587dd d bootz_help_text
000589e8 d default_tm
00058a0c d fdt_help_text
00059073 d do_fdt.root
00059075 d fdt_print.tabs
00059098 d regs_start
000590e0 d regs_rest
00059140 d regs_normal
000591e8 d regs_bridge
000592e4 d regs_cardbus
00059410 d pci_help_text
00059660 d cmd_avb
0005975c d env_id
00059760 d env_help_text
000599bc d cmd_env_sub
00059ad4 D _binary_common_avb_pubkey_start
00059edc D _binary_common_avb_pubkey_end
00059edc d init_sequence_r
00059f50 d hist_cur
00059f54 d av_
0005a35c d trim_threshold
0005a360 d sbrk_base
0005a364 D image_load_addr
0005a368 D stdio_names
0005a374 d root_info
0005a37c d psci_sysreset_ops
0005a388 d virtio_pci_supported
0005aaa4 d virtio_pci_supported
0005b1c0 d _stats
0005b1d4 d block_cache
0005b1dc D env_htab
0005b1ec D efi_obj_list
0005b1f4 D efi_event_queue
0005b1fc D efi_register_notify_events
0005b204 d entry_count
0005b208 d efi_boot_services
0005b2d0 d efi_tpl
0005b2d4 d efi_con_mode
0005b2ec D efi_con_out
0005b314 D efi_con_in
0005b320 d efi_con_in_ex
0005b338 d efi_cout_modes
0005b35c d cin_notify_functions
0005b364 d efi_package_lists
0005b36c d efi_keyboard_layout_list
0005b374 D efi_mem
0005b37c D efi_obj_list_initialized
0005b380 d algorithm_data
0005b3e0 D _u_boot_list_2_cmd_2_ab_select
0005b3e0 d complete_cmdv.start
0005b3e0 d complete_cmdv.start.17
0005b3e0 d do_help.start
0005b3e0 d do_help.start.6
0005b3e0 d find_cmd.start
0005b3e0 d find_cmd.start.2
0005b3fc D _u_boot_list_2_cmd_2_avb
0005b418 D _u_boot_list_2_cmd_2_boot
0005b434 D _u_boot_list_2_cmd_2_boot_android
0005b450 D _u_boot_list_2_cmd_2_bootd
0005b46c D _u_boot_list_2_cmd_2_bootefi
0005b488 D _u_boot_list_2_cmd_2_bootm
0005b4a4 D _u_boot_list_2_cmd_2_bootz
0005b4c0 D _u_boot_list_2_cmd_2_date
0005b4dc D _u_boot_list_2_cmd_2_echo
0005b4f8 D _u_boot_list_2_cmd_2_editenv
0005b514 D _u_boot_list_2_cmd_2_env
0005b530 D _u_boot_list_2_cmd_2_exit
0005b54c D _u_boot_list_2_cmd_2_false
0005b568 D _u_boot_list_2_cmd_2_fatinfo
0005b584 D _u_boot_list_2_cmd_2_fatload
0005b5a0 D _u_boot_list_2_cmd_2_fatls
0005b5bc D _u_boot_list_2_cmd_2_fatmkdir
0005b5d8 D _u_boot_list_2_cmd_2_fatrm
0005b5f4 D _u_boot_list_2_cmd_2_fatsize
0005b610 D _u_boot_list_2_cmd_2_fatwrite
0005b62c D _u_boot_list_2_cmd_2_fdt
0005b648 D _u_boot_list_2_cmd_2_fstype
0005b664 D _u_boot_list_2_cmd_2_fstypes
0005b680 D _u_boot_list_2_cmd_2_gpt
0005b69c D _u_boot_list_2_cmd_2_help
0005b6b8 D _u_boot_list_2_cmd_2_itest
0005b6d4 D _u_boot_list_2_cmd_2_ln
0005b6f0 D _u_boot_list_2_cmd_2_load
0005b70c D _u_boot_list_2_cmd_2_ls
0005b728 D _u_boot_list_2_cmd_2_panic
0005b744 D _u_boot_list_2_cmd_2_part
0005b760 D _u_boot_list_2_cmd_2_pci
0005b77c D _u_boot_list_2_cmd_2_printenv
0005b798 D _u_boot_list_2_cmd_2_question_mark
0005b7b4 D _u_boot_list_2_cmd_2_read
0005b7d0 D _u_boot_list_2_cmd_2_reset
0005b7ec D _u_boot_list_2_cmd_2_run
0005b808 D _u_boot_list_2_cmd_2_save
0005b824 D _u_boot_list_2_cmd_2_saveenv
0005b840 D _u_boot_list_2_cmd_2_setenv
0005b85c D _u_boot_list_2_cmd_2_setexpr
0005b878 D _u_boot_list_2_cmd_2_showvar
0005b894 D _u_boot_list_2_cmd_2_size
0005b8b0 D _u_boot_list_2_cmd_2_sleep
0005b8cc D _u_boot_list_2_cmd_2_source
0005b8e8 D _u_boot_list_2_cmd_2_test
0005b904 D _u_boot_list_2_cmd_2_true
0005b920 D _u_boot_list_2_cmd_2_version
0005b93c D _u_boot_list_2_cmd_2_virtio
0005b958 D _u_boot_list_2_driver_2_efi_blk
0005b958 d complete_cmdv.end
0005b958 d dm_dump_driver_compat.start
0005b958 d dm_dump_driver_compat.start.4
0005b958 d dm_dump_drivers.start
0005b958 d dm_dump_drivers.start.11
0005b958 d do_help.end
0005b958 d efi_driver_init.start
0005b958 d find_cmd.end
0005b958 d fix_drivers.start
0005b958 d fix_drivers.start.1
0005b958 d lists_bind_fdt.start
0005b958 d lists_bind_fdt.start.3
0005b958 d lists_driver_lookup_name.start
0005b958 d lists_driver_lookup_name.start.1
0005b99c D _u_boot_list_2_driver_2_efi_block
0005b9e0 D _u_boot_list_2_driver_2_pci_bridge_drv
0005ba24 D _u_boot_list_2_driver_2_pci_generic_drv
0005ba68 D _u_boot_list_2_driver_2_pci_generic_ecam
0005baac D _u_boot_list_2_driver_2_psci
0005baf0 D _u_boot_list_2_driver_2_psci_sysreset
0005bb34 D _u_boot_list_2_driver_2_root_driver
0005bb78 D _u_boot_list_2_driver_2_rtc_pl031
0005bbbc D _u_boot_list_2_driver_2_serial_pl01x
0005bc00 D _u_boot_list_2_driver_2_simple_bus
0005bc44 D _u_boot_list_2_driver_2_virtio_blk
0005bc88 D _u_boot_list_2_driver_2_virtio_mmio
0005bccc D _u_boot_list_2_driver_2_virtio_pci_legacy
0005bd10 D _u_boot_list_2_driver_2_virtio_pci_modern
0005bd54 D _u_boot_list_2_driver_2_virtio_rng
0005bd98 D _u_boot_list_2_env_clbk_2_baudrate
0005bd98 d bind_drivers_pass.end
0005bd98 d bind_drivers_pass.start
0005bd98 d bind_drivers_pass.start.6
0005bd98 d dm_dump_driver_compat.end
0005bd98 d dm_dump_drivers.end
0005bd98 d dm_dump_static_driver_info.end
0005bd98 d dm_dump_static_driver_info.start
0005bd98 d dm_dump_static_driver_info.start.19
0005bd98 d efi_driver_init.end
0005bd98 d find_env_callback.start
0005bd98 d find_env_callback.start.3
0005bd98 d fix_devices.end
0005bd98 d fix_devices.start
0005bd98 d fix_devices.start.3
0005bd98 d fix_drivers.end
0005bd98 d lists_bind_fdt.end
0005bd98 d lists_driver_lookup_name.end
0005bda0 D _u_boot_list_2_env_clbk_2_callbacks
0005bda8 D _u_boot_list_2_env_clbk_2_console
0005bdb0 D _u_boot_list_2_env_clbk_2_flags
0005bdb8 D _u_boot_list_2_env_clbk_2_loadaddr
0005bdc0 D _u_boot_list_2_env_driver_2_raw_disk
0005bdc0 d _env_driver_lookup.start
0005bdc0 d _env_driver_lookup.start.11
0005bdc0 d env_select.start
0005bdc0 d env_select.start.8
0005bdc0 d find_env_callback.end
0005bdd8 D _u_boot_list_2_part_driver_2_a_efi
0005bdd8 d _env_driver_lookup.end
0005bdd8 d do_part_types.start
0005bdd8 d do_part_types.start.18
0005bdd8 d env_select.end
0005bdd8 d part_driver_lookup_type.start
0005bdd8 d part_driver_lookup_type.start.42
0005bdd8 d part_init.start
0005bdd8 d part_init.start.18
0005bdf0 D _u_boot_list_2_part_driver_2_dos
0005be08 D _u_boot_list_2_part_driver_2_iso
0005be20 D _u_boot_list_2_pci_driver_entry_2_virtio_pci_legacy
0005be20 d do_part_types.end
0005be20 d part_driver_lookup_type.end
0005be20 d part_init.end
0005be20 d pci_find_and_bind_driver.start
0005be20 d pci_find_and_bind_driver.start.11
0005be28 D _u_boot_list_2_pci_driver_entry_2_virtio_pci_modern
0005be30 D _u_boot_list_2_uclass_2_blk
0005be30 d fix_uclass.start
0005be30 d fix_uclass.start.2
0005be30 d lists_uclass_lookup.start
0005be30 d lists_uclass_lookup.start.2
0005be30 d pci_find_and_bind_driver.end
0005be7c D _u_boot_list_2_uclass_2_efi
0005bec8 D _u_boot_list_2_uclass_2_firmware
0005bf14 D _u_boot_list_2_uclass_2_nop
0005bf60 D _u_boot_list_2_uclass_2_pci
0005bfac D _u_boot_list_2_uclass_2_pci_generic
0005bff8 D _u_boot_list_2_uclass_2_rng
0005c044 D _u_boot_list_2_uclass_2_root
0005c090 D _u_boot_list_2_uclass_2_rtc
0005c0dc D _u_boot_list_2_uclass_2_serial
0005c128 D _u_boot_list_2_uclass_2_simple_bus
0005c174 D _u_boot_list_2_uclass_2_sysreset
0005c1c0 D _u_boot_list_2_uclass_2_virtio
0005c20c D __efi_runtime_rel_start
0005c20c d fix_uclass.end
0005c20c d lists_uclass_lookup.end
0005c30c ? __bss_base
0005c30c ? __bss_start
0005c30c R __efi_runtime_rel_stop
0005c30c R __image_copy_end
0005c30c R __rel_dyn_start
0005c30c b bootefi_device_path
0005c310 b bootefi_image_path
0005c314 B working_fdt
0005c318 b do_fdt.data
0005c718 b virtio_curr_dev
0005c71c b avb_ops
0005c720 b top_vars
0005c724 b get_dollar_var.buf
0005c74c b last_return_code
0005c750 b flag_repeat
0005c754 b ifs
0005c758 b map
0005c858 b do_repeat
0005c859 b get_user_input.the_command
0005ca5c b stored_bootdelay
0005ca60 B monitor_flash_len
0005ca64 B images
0005cb94 B console_buffer
0005cd98 b cli_readline_into_buffer.initted
0005cd9c b hist_max
0005cda0 b hist_add_idx
0005cda4 b hist_num
0005cda8 b hist_lines
0005f5bc b hist_list
0005f60c b ctrlc_disabled
0005f610 b ctrlc_was_pressed
0005f614 B mem_malloc_start
0005f618 B mem_malloc_end
0005f61c B mem_malloc_brk
0005f620 b top_pad
0005f624 b max_sbrked_mem
0005f628 b max_total_mem
0005f62c b current_mallinfo.0
0005f630 B stdio_devices
0005f63c b devs
0005f688 b env_complete_buf
0005f888 b tmp_buf
0005fa90 b sector_buf
00064afc A _image_binary_end
00064afc R __rel_dyn_end
00064afc R _end
0015fac0 b tmpbuf
001602c0 b print_efiname.name
001602e8 b virtio_pci_bind.num_devs
001602ec b virtio_pci_bind.num_devs
001602f0 b first_call
001602f4 b first_call
001602f8 b flags_list
001602fc b callback_list
00160300 b fs_type
00160304 b fs_dev_desc
00160308 b fs_partition
001603a4 b fs_dev_part
001603a8 b cur_dev
001603b0 b cur_part_info
0016044c b total_sector
00160450 b get_set_cluster.tmpbuf_cluster
00160454 b bs
00160458 b rs
0016045c b efi_gd
00160460 b app_gd
00160464 b timers_enabled
00160468 b current_image
0016046c B efi_st_keep_devices
00160470 b efi_load_image_from_path.ret
00160478 b efi_get_next_monotonic_count.mono
00160480 b console_timer_event
00160484 b key_available
00160488 b next_key
00160494 B efi_memory_map_key
00160498 B efi_root
0016049c b efi_runtime_relocate.lastoff
001604a0 b watchdog_timer_event
001604a4 B efi_system_partition
001604b0 B errno
001604b4 b simple_itoa.local
001604cc ? __bss_end
001604cc B __bss_limit
